Archive member included to satisfy reference by file (symbol)

C:/ST/STM32CubeIDE_1.18.1/STM32CubeIDE/plugins/com.st.stm32cube.ide.mcu.externaltools.gnu-tools-for-stm32.13.3.rel1.win32_1.0.0.202411081344/tools/bin/../lib/gcc/arm-none-eabi/13.3.1/../../../../arm-none-eabi/lib/thumb/v7e-m+fp/hard\libc_nano.a(libc_a-exit.o)
                              C:/ST/STM32CubeIDE_1.18.1/STM32CubeIDE/plugins/com.st.stm32cube.ide.mcu.externaltools.gnu-tools-for-stm32.13.3.rel1.win32_1.0.0.202411081344/tools/bin/../lib/gcc/arm-none-eabi/13.3.1/../../../../arm-none-eabi/lib/thumb/v7e-m+fp/hard/crt0.o (exit)
C:/ST/STM32CubeIDE_1.18.1/STM32CubeIDE/plugins/com.st.stm32cube.ide.mcu.externaltools.gnu-tools-for-stm32.13.3.rel1.win32_1.0.0.202411081344/tools/bin/../lib/gcc/arm-none-eabi/13.3.1/../../../../arm-none-eabi/lib/thumb/v7e-m+fp/hard\libc_nano.a(libc_a-findfp.o)
                              C:/ST/STM32CubeIDE_1.18.1/STM32CubeIDE/plugins/com.st.stm32cube.ide.mcu.externaltools.gnu-tools-for-stm32.13.3.rel1.win32_1.0.0.202411081344/tools/bin/../lib/gcc/arm-none-eabi/13.3.1/../../../../arm-none-eabi/lib/thumb/v7e-m+fp/hard\libc_nano.a(libc_a-exit.o) (__stdio_exit_handler)
C:/ST/STM32CubeIDE_1.18.1/STM32CubeIDE/plugins/com.st.stm32cube.ide.mcu.externaltools.gnu-tools-for-stm32.13.3.rel1.win32_1.0.0.202411081344/tools/bin/../lib/gcc/arm-none-eabi/13.3.1/../../../../arm-none-eabi/lib/thumb/v7e-m+fp/hard\libc_nano.a(libc_a-fwalk.o)
                              C:/ST/STM32CubeIDE_1.18.1/STM32CubeIDE/plugins/com.st.stm32cube.ide.mcu.externaltools.gnu-tools-for-stm32.13.3.rel1.win32_1.0.0.202411081344/tools/bin/../lib/gcc/arm-none-eabi/13.3.1/../../../../arm-none-eabi/lib/thumb/v7e-m+fp/hard\libc_nano.a(libc_a-findfp.o) (_fwalk_sglue)
C:/ST/STM32CubeIDE_1.18.1/STM32CubeIDE/plugins/com.st.stm32cube.ide.mcu.externaltools.gnu-tools-for-stm32.13.3.rel1.win32_1.0.0.202411081344/tools/bin/../lib/gcc/arm-none-eabi/13.3.1/../../../../arm-none-eabi/lib/thumb/v7e-m+fp/hard\libc_nano.a(libc_a-puts.o)
                              ./Src/main.o (puts)
C:/ST/STM32CubeIDE_1.18.1/STM32CubeIDE/plugins/com.st.stm32cube.ide.mcu.externaltools.gnu-tools-for-stm32.13.3.rel1.win32_1.0.0.202411081344/tools/bin/../lib/gcc/arm-none-eabi/13.3.1/../../../../arm-none-eabi/lib/thumb/v7e-m+fp/hard\libc_nano.a(libc_a-snprintf.o)
                              ./thirdparty/freeRTOS/tasks.o (snprintf)
C:/ST/STM32CubeIDE_1.18.1/STM32CubeIDE/plugins/com.st.stm32cube.ide.mcu.externaltools.gnu-tools-for-stm32.13.3.rel1.win32_1.0.0.202411081344/tools/bin/../lib/gcc/arm-none-eabi/13.3.1/../../../../arm-none-eabi/lib/thumb/v7e-m+fp/hard\libc_nano.a(libc_a-stdio.o)
                              C:/ST/STM32CubeIDE_1.18.1/STM32CubeIDE/plugins/com.st.stm32cube.ide.mcu.externaltools.gnu-tools-for-stm32.13.3.rel1.win32_1.0.0.202411081344/tools/bin/../lib/gcc/arm-none-eabi/13.3.1/../../../../arm-none-eabi/lib/thumb/v7e-m+fp/hard\libc_nano.a(libc_a-findfp.o) (__sread)
C:/ST/STM32CubeIDE_1.18.1/STM32CubeIDE/plugins/com.st.stm32cube.ide.mcu.externaltools.gnu-tools-for-stm32.13.3.rel1.win32_1.0.0.202411081344/tools/bin/../lib/gcc/arm-none-eabi/13.3.1/../../../../arm-none-eabi/lib/thumb/v7e-m+fp/hard\libc_nano.a(libc_a-wbuf.o)
                              C:/ST/STM32CubeIDE_1.18.1/STM32CubeIDE/plugins/com.st.stm32cube.ide.mcu.externaltools.gnu-tools-for-stm32.13.3.rel1.win32_1.0.0.202411081344/tools/bin/../lib/gcc/arm-none-eabi/13.3.1/../../../../arm-none-eabi/lib/thumb/v7e-m+fp/hard\libc_nano.a(libc_a-puts.o) (__swbuf_r)
C:/ST/STM32CubeIDE_1.18.1/STM32CubeIDE/plugins/com.st.stm32cube.ide.mcu.externaltools.gnu-tools-for-stm32.13.3.rel1.win32_1.0.0.202411081344/tools/bin/../lib/gcc/arm-none-eabi/13.3.1/../../../../arm-none-eabi/lib/thumb/v7e-m+fp/hard\libc_nano.a(libc_a-wsetup.o)
                              C:/ST/STM32CubeIDE_1.18.1/STM32CubeIDE/plugins/com.st.stm32cube.ide.mcu.externaltools.gnu-tools-for-stm32.13.3.rel1.win32_1.0.0.202411081344/tools/bin/../lib/gcc/arm-none-eabi/13.3.1/../../../../arm-none-eabi/lib/thumb/v7e-m+fp/hard\libc_nano.a(libc_a-puts.o) (__swsetup_r)
C:/ST/STM32CubeIDE_1.18.1/STM32CubeIDE/plugins/com.st.stm32cube.ide.mcu.externaltools.gnu-tools-for-stm32.13.3.rel1.win32_1.0.0.202411081344/tools/bin/../lib/gcc/arm-none-eabi/13.3.1/../../../../arm-none-eabi/lib/thumb/v7e-m+fp/hard\libc_nano.a(libc_a-memcmp.o)
                              ./thirdparty/SEGGER/OS/SEGGER_SYSVIEW_FreeRTOS.o (memcmp)
C:/ST/STM32CubeIDE_1.18.1/STM32CubeIDE/plugins/com.st.stm32cube.ide.mcu.externaltools.gnu-tools-for-stm32.13.3.rel1.win32_1.0.0.202411081344/tools/bin/../lib/gcc/arm-none-eabi/13.3.1/../../../../arm-none-eabi/lib/thumb/v7e-m+fp/hard\libc_nano.a(libc_a-memset.o)
                              C:/ST/STM32CubeIDE_1.18.1/STM32CubeIDE/plugins/com.st.stm32cube.ide.mcu.externaltools.gnu-tools-for-stm32.13.3.rel1.win32_1.0.0.202411081344/tools/bin/../lib/gcc/arm-none-eabi/13.3.1/../../../../arm-none-eabi/lib/thumb/v7e-m+fp/hard/crt0.o (memset)
[...]
Memory Configuration

Name             Origin             Length             Attributes
RAM              0x20000000         0x00008000         xrw
FLASH            0x08000000         0x00020000         xr
*default*        0x00000000         0xffffffff

Linker script and memory map

LOAD C:/ST/STM32CubeIDE_1.18.1/STM32CubeIDE/plugins/com.st.stm32cube.ide.mcu.externaltools.gnu-tools-for-stm32.13.3.rel1.win32_1.0.0.202411081344/tools/bin/../lib/gcc/arm-none-eabi/13.3.1/thumb/v7e-m+fp/hard/crti.o
LOAD C:/ST/STM32CubeIDE_1.18.1/STM32CubeIDE/plugins/com.st.stm32cube.ide.mcu.externaltools.gnu-tools-for-stm32.13.3.rel1.win32_1.0.0.202411081344/tools/bin/../lib/gcc/arm-none-eabi/13.3.1/thumb/v7e-m+fp/hard/crtbegin.o
LOAD C:/ST/STM32CubeIDE_1.18.1/STM32CubeIDE/plugins/com.st.stm32cube.ide.mcu.externaltools.gnu-tools-for-stm32.13.3.rel1.win32_1.0.0.202411081344/tools/bin/../lib/gcc/arm-none-eabi/13.3.1/../../../../arm-none-eabi/lib/thumb/v7e-m+fp/hard/crt0.o
LOAD ./Src/main.o
LOAD ./Src/syscalls.o
LOAD ./Startup/startup_stm32f410rbtx.o
LOAD ./thirdparty/SEGGER/Config/SEGGER_SYSVIEW_Config_FreeRTOS.o
LOAD ./thirdparty/SEGGER/OS/SEGGER_SYSVIEW_FreeRTOS.o
LOAD ./thirdparty/SEGGER/SEGGER/SEGGER_RTT.o
LOAD ./thirdparty/SEGGER/SEGGER/SEGGER_RTT_ASM_ARMv7M.o
LOAD ./thirdparty/SEGGER/SEGGER/SEGGER_RTT_printf.o
LOAD ./thirdparty/SEGGER/SEGGER/SEGGER_SYSVIEW.o
LOAD ./thirdparty/SEGGER/SEGGER/Syscalls/SEGGER_RTT_Syscalls_GCC.o
LOAD ./thirdparty/freeRTOS/croutine.o
LOAD ./thirdparty/freeRTOS/event_groups.o
LOAD ./thirdparty/freeRTOS/list.o
LOAD ./thirdparty/freeRTOS/queue.o
LOAD ./thirdparty/freeRTOS/stream_buffer.o
LOAD ./thirdparty/freeRTOS/tasks.o
LOAD ./thirdparty/freeRTOS/timers.o
LOAD ./thirdparty/freeRTOS/portable/GCC/ARM_CM4F/port.o
LOAD ./thirdparty/freeRTOS/portable/MemMang/heap_4.o
START GROUP
LOAD C:/ST/STM32CubeIDE_1.18.1/STM32CubeIDE/plugins/com.st.stm32cube.ide.mcu.externaltools.gnu-tools-for-stm32.13.3.rel1.win32_1.0.0.202411081344/tools/bin/../lib/gcc/arm-none-eabi/13.3.1/../../../../arm-none-eabi/lib/thumb/v7e-m+fp/hard\libc_nano.a
LOAD C:/ST/STM32CubeIDE_1.18.1/STM32CubeIDE/plugins/com.st.stm32cube.ide.mcu.externaltools.gnu-tools-for-stm32.13.3.rel1.win32_1.0.0.202411081344/tools/bin/../lib/gcc/arm-none-eabi/13.3.1/../../../../arm-none-eabi/lib/thumb/v7e-m+fp/hard\libm.a
END GROUP
START GROUP
LOAD C:/ST/STM32CubeIDE_1.18.1/STM32CubeIDE/plugins/com.st.stm32cube.ide.mcu.externaltools.gnu-tools-for-stm32.13.3.rel1.win32_1.0.0.202411081344/tools/bin/../lib/gcc/arm-none-eabi/13.3.1/thumb/v7e-m+fp/hard\libgcc.a
LOAD C:/ST/STM32CubeIDE_1.18.1/STM32CubeIDE/plugins/com.st.stm32cube.ide.mcu.externaltools.gnu-tools-for-stm32.13.3.rel1.win32_1.0.0.202411081344/tools/bin/../lib/gcc/arm-none-eabi/13.3.1/../../../../arm-none-eabi/lib/thumb/v7e-m+fp/hard\libc_nano.a
END GROUP
START GROUP
LOAD C:/ST/STM32CubeIDE_1.18.1/STM32CubeIDE/plugins/com.st.stm32cube.ide.mcu.externaltools.gnu-tools-for-stm32.13.3.rel1.win32_1.0.0.202411081344/tools/bin/../lib/gcc/arm-none-eabi/13.3.1/thumb/v7e-m+fp/hard\libgcc.a
LOAD C:/ST/STM32CubeIDE_1.18.1/STM32CubeIDE/plugins/com.st.stm32cube.ide.mcu.externaltools.gnu-tools-for-stm32.13.3.rel1.win32_1.0.0.202411081344/tools/bin/../lib/gcc/arm-none-eabi/13.3.1/../../../../arm-none-eabi/lib/thumb/v7e-m+fp/hard\libc_nano.a
LOAD C:/ST/STM32CubeIDE_1.18.1/STM32CubeIDE/plugins/com.st.stm32cube.ide.mcu.externaltools.gnu-tools-for-stm32.13.3.rel1.win32_1.0.0.202411081344/tools/bin/../lib/gcc/arm-none-eabi/13.3.1/../../../../arm-none-eabi/lib/thumb/v7e-m+fp/hard\libnosys.a
END GROUP
START GROUP
LOAD C:/ST/STM32CubeIDE_1.18.1/STM32CubeIDE/plugins/com.st.stm32cube.ide.mcu.externaltools.gnu-tools-for-stm32.13.3.rel1.win32_1.0.0.202411081344/tools/bin/../lib/gcc/arm-none-eabi/13.3.1/thumb/v7e-m+fp/hard\libgcc.a
LOAD C:/ST/STM32CubeIDE_1.18.1/STM32CubeIDE/plugins/com.st.stm32cube.ide.mcu.externaltools.gnu-tools-for-stm32.13.3.rel1.win32_1.0.0.202411081344/tools/bin/../lib/gcc/arm-none-eabi/13.3.1/../../../../arm-none-eabi/lib/thumb/v7e-m+fp/hard\libc_nano.a
LOAD C:/ST/STM32CubeIDE_1.18.1/STM32CubeIDE/plugins/com.st.stm32cube.ide.mcu.externaltools.gnu-tools-for-stm32.13.3.rel1.win32_1.0.0.202411081344/tools/bin/../lib/gcc/arm-none-eabi/13.3.1/../../../../arm-none-eabi/lib/thumb/v7e-m+fp/hard\libnosys.a
END GROUP
LOAD C:/ST/STM32CubeIDE_1.18.1/STM32CubeIDE/plugins/com.st.stm32cube.ide.mcu.externaltools.gnu-tools-for-stm32.13.3.rel1.win32_1.0.0.202411081344/tools/bin/../lib/gcc/arm-none-eabi/13.3.1/thumb/v7e-m+fp/hard/crtend.o
LOAD C:/ST/STM32CubeIDE_1.18.1/STM32CubeIDE/plugins/com.st.stm32cube.ide.mcu.externaltools.gnu-tools-for-stm32.13.3.rel1.win32_1.0.0.202411081344/tools/bin/../lib/gcc/arm-none-eabi/13.3.1/thumb/v7e-m+fp/hard/crtn.o
                0x20008000                        _estack = (ORIGIN (RAM) + LENGTH (RAM))
                0x00000200                        _Min_Heap_Size = 0x200
                0x00000400                        _Min_Stack_Size = 0x400

.isr_vector     0x08000000      0x1c8
                0x08000000                        . = ALIGN (0x4)
 *(.isr_vector)
 .isr_vector    0x08000000      0x1c8 ./Startup/startup_stm32f410rbtx.o
                0x08000000                g_pfnVectors
                0x080001c8                        . = ALIGN (0x4)

.text           0x080001d0     0x4040
                0x080001d0                        . = ALIGN (0x4)
 *(.text)
 .text          0x080001d0       0x40 C:/ST/STM32CubeIDE_1.18.1/STM32CubeIDE/plugins/com.st.stm32cube.ide.mcu.externaltools.gnu-tools-for-stm32.13.3.rel1.win32_1.0.0.202411081344/tools/bin/../lib/gcc/arm-none-eabi/13.3.1/thumb/v7e-m+fp/hard/crtbegin.o
 .text          0x08000210       0x94 ./thirdparty/SEGGER/SEGGER/SEGGER_RTT_ASM_ARMv7M.o
                0x08000210                SEGGER_RTT_ASM_WriteSkipNoLock
 *(.text*)
 .text.task1_handler
                0x080002a4       0x28 ./Src/main.o
                0x080002a4                task1_handler
 .text.task2_handler
                0x080002cc       0x28 ./Src/main.o
                0x080002cc                task2_handler
 .text.main     0x080002f4       0xb0 ./Src/main.o
                0x080002f4                main
 .text._read    0x080003a4       0x3a ./Src/syscalls.o
                0x080003a4                _read
 .text._close   0x080003de       0x18 ./Src/syscalls.o
                0x080003de                _close
 .text._fstat   0x080003f6       0x20 ./Src/syscalls.o
                0x080003f6                _fstat
 .text._isatty  0x08000416       0x16 ./Src/syscalls.o
                0x08000416                _isatty
 .text._lseek   0x0800042c       0x1a ./Src/syscalls.o
                0x0800042c                _lseek
 *fill*         0x08000446        0x2 
 .text.Reset_Handler
                0x08000448       0x50 ./Startup/startup_stm32f410rbtx.o
                0x08000448                Reset_Handler
 .text.Default_Handler
                0x08000498        0x2 ./Startup/startup_stm32f410rbtx.o
                0x08000498                RTC_Alarm_IRQHandler
                0x08000498                EXTI2_IRQHandler
                0x08000498                DebugMon_Handler
                0x08000498                TIM1_CC_IRQHandler
                0x08000498                DMA2_Stream5_IRQHandler
                0x08000498                HardFault_Handler
                0x08000498                DMA1_Stream5_IRQHandler
                0x08000498                PVD_IRQHandler
                0x08000498                TAMP_STAMP_IRQHandler
                0x08000498                NMI_Handler
                0x08000498                EXTI3_IRQHandler
                0x08000498                EXTI0_IRQHandler
                0x08000498                I2C2_EV_IRQHandler
                0x08000498                DMA1_Stream2_IRQHandler
                0x08000498                UsageFault_Handler
                0x08000498                DMA2_Stream2_IRQHandler
                0x08000498                SPI1_IRQHandler
                0x08000498                TIM1_BRK_TIM9_IRQHandler
                0x08000498                DMA2_Stream3_IRQHandler
                0x08000498                USART6_IRQHandler
                0x08000498                PWM1_UP_IRQHandler
                0x08000498                DMA2_Stream0_IRQHandler
                0x08000498                I2C1_EV_IRQHandler
                0x08000498                DMA1_Stream6_IRQHandler
                0x08000498                DMA1_Stream1_IRQHandler
                0x08000498                RCC_IRQHandler
                0x08000498                Default_Handler
                0x08000498                EXTI15_10_IRQHandler
                0x08000498                ADC_IRQHandler
                0x08000498                DMA1_Stream7_IRQHandler
                0x08000498                DMA2_Stream7_IRQHandler
                0x08000498                TIM6_DAC1_IRQHandler
                0x08000498                EXTI9_5_IRQHandler
                0x08000498                RTC_WKUP_IRQHandler
                0x08000498                SPI2_IRQHandler
                0x08000498                MemManage_Handler
                0x08000498                DMA1_Stream0_IRQHandler
                0x08000498                EXTI4_IRQHandler
                0x08000498                RNG_IRQHandler
                0x08000498                I2C4_EV_IRQHandler
                0x08000498                TIM1_TRG_COM_TIM11_IRQHandler
                0x08000498                EXTI1_IRQHandler
                0x08000498                USART2_IRQHandler
                0x08000498                I2C2_ER_IRQHandler
                0x08000498                DMA2_Stream1_IRQHandler
                0x08000498                FLASH_IRQHandler
                0x08000498                DMA2_Stream4_IRQHandler
                0x08000498                BusFault_Handler
                0x08000498                USART1_IRQHandler
                0x08000498                DMA1_Stream4_IRQHandler
                0x08000498                I2C1_ER_IRQHandler
                0x08000498                LPTIM1_IRQHandler
                0x08000498                I2C4_ER_IRQHandler
                0x08000498                DMA2_Stream6_IRQHandler
                0x08000498                DMA1_Stream3_IRQHandler
 *fill*         0x0800049a        0x2 
 .text._cbSendSystemDesc
                0x0800049c       0x1c ./thirdparty/SEGGER/Config/SEGGER_SYSVIEW_Config_FreeRTOS.o
 .text.SEGGER_SYSVIEW_Conf
                0x080004b8       0x2c ./thirdparty/SEGGER/Config/SEGGER_SYSVIEW_Config_FreeRTOS.o
                0x080004b8                SEGGER_SYSVIEW_Conf
 .text._cbSendTaskList
                0x080004e4       0x90 ./thirdparty/SEGGER/OS/SEGGER_SYSVIEW_FreeRTOS.o
 .text._cbGetTime
                0x08000574       0x86 ./thirdparty/SEGGER/OS/SEGGER_SYSVIEW_FreeRTOS.o
 *fill*         0x080005fa        0x2 
 .text.SYSVIEW_AddTask
                0x080005fc       0xd0 ./thirdparty/SEGGER/OS/SEGGER_SYSVIEW_FreeRTOS.o
                0x080005fc                SYSVIEW_AddTask
 .text.SYSVIEW_SendTaskInfo
                0x080006cc       0x42 ./thirdparty/SEGGER/OS/SEGGER_SYSVIEW_FreeRTOS.o
                0x080006cc                SYSVIEW_SendTaskInfo
 *fill*         0x0800070e        0x2 
 .text._DoInit  0x08000710       0xb4 ./thirdparty/SEGGER/SEGGER/SEGGER_RTT.o
 .text._WriteBlocking
                0x080007c4       0xba ./thirdparty/SEGGER/SEGGER/SEGGER_RTT.o
 .text._WriteNoCheck
                0x0800087e       0x90 ./thirdparty/SEGGER/SEGGER/SEGGER_RTT.o
 .text._GetAvailWriteSpace
                0x0800090e       0x46 ./thirdparty/SEGGER/SEGGER/SEGGER_RTT.o
 .text.SEGGER_RTT_ReadNoLock
                0x08000954      0x10c ./thirdparty/SEGGER/SEGGER/SEGGER_RTT.o
                0x08000954                SEGGER_RTT_ReadNoLock
 .text.SEGGER_RTT_WriteNoLock
                0x08000a60       0xa0 ./thirdparty/SEGGER/SEGGER/SEGGER_RTT.o
                0x08000a60                SEGGER_RTT_WriteNoLock
 .text.SEGGER_RTT_Write
                0x08000b00       0x4c ./thirdparty/SEGGER/SEGGER/SEGGER_RTT.o
                0x08000b00                SEGGER_RTT_Write
 .text.SEGGER_RTT_AllocUpBuffer
                0x08000b4c      0x108 ./thirdparty/SEGGER/SEGGER/SEGGER_RTT.o
                0x08000b4c                SEGGER_RTT_AllocUpBuffer
 .text.SEGGER_RTT_ConfigDownBuffer
                0x08000c54       0x98 ./thirdparty/SEGGER/SEGGER/SEGGER_RTT.o
                0x08000c54                SEGGER_RTT_ConfigDownBuffer
 .text._EncodeStr
                0x08000cec       0x72 ./thirdparty/SEGGER/SEGGER/SEGGER_SYSVIEW.o
 .text._PreparePacket
                0x08000d5e       0x18 ./thirdparty/SEGGER/SEGGER/SEGGER_SYSVIEW.o
 *fill*         0x08000d76        0x2 
 .text._HandleIncomingPacket
                0x08000d78       0xdc ./thirdparty/SEGGER/SEGGER/SEGGER_SYSVIEW.o
 .text._TrySendOverflowPacket
                0x08000e54       0xe4 ./thirdparty/SEGGER/SEGGER/SEGGER_SYSVIEW.o
 .text._SendPacket
                0x08000f38      0x2dc ./thirdparty/SEGGER/SEGGER/SEGGER_SYSVIEW.o
 .text.SEGGER_SYSVIEW_Init
                0x08001214       0x88 ./thirdparty/SEGGER/SEGGER/SEGGER_SYSVIEW.o
                0x08001214                SEGGER_SYSVIEW_Init
 .text.SEGGER_SYSVIEW_SetRAMBase
                0x0800129c       0x20 ./thirdparty/SEGGER/SEGGER/SEGGER_SYSVIEW.o
                0x0800129c                SEGGER_SYSVIEW_SetRAMBase
 .text.SEGGER_SYSVIEW_RecordVoid
                0x080012bc       0x3c ./thirdparty/SEGGER/SEGGER/SEGGER_SYSVIEW.o
                0x080012bc                SEGGER_SYSVIEW_RecordVoid
 .text.SEGGER_SYSVIEW_RecordU32
                0x080012f8       0x78 ./thirdparty/SEGGER/SEGGER/SEGGER_SYSVIEW.o
                0x080012f8                SEGGER_SYSVIEW_RecordU32
 .text.SEGGER_SYSVIEW_RecordU32x2
                0x08001370       0xb4 ./thirdparty/SEGGER/SEGGER/SEGGER_SYSVIEW.o
                0x08001370                SEGGER_SYSVIEW_RecordU32x2
 .text.SEGGER_SYSVIEW_RecordU32x6
                0x08001424      0x194 ./thirdparty/SEGGER/SEGGER/SEGGER_SYSVIEW.o
                0x08001424                SEGGER_SYSVIEW_RecordU32x6
 .text.SEGGER_SYSVIEW_Start
                0x080015b8      0x174 ./thirdparty/SEGGER/SEGGER/SEGGER_SYSVIEW.o
                0x080015b8                SEGGER_SYSVIEW_Start
 .text.SEGGER_SYSVIEW_Stop
                0x0800172c       0x4c ./thirdparty/SEGGER/SEGGER/SEGGER_SYSVIEW.o
                0x0800172c                SEGGER_SYSVIEW_Stop
 .text.SEGGER_SYSVIEW_GetSysDesc
                0x08001778      0x134 ./thirdparty/SEGGER/SEGGER/SEGGER_SYSVIEW.o
                0x08001778                SEGGER_SYSVIEW_GetSysDesc
 .text.SEGGER_SYSVIEW_SendTaskInfo
                0x080018ac      0x1c8 ./thirdparty/SEGGER/SEGGER/SEGGER_SYSVIEW.o
                0x080018ac                SEGGER_SYSVIEW_SendTaskInfo
 .text.SEGGER_SYSVIEW_SendTaskList
                0x08001a74       0x28 ./thirdparty/SEGGER/SEGGER/SEGGER_SYSVIEW.o
                0x08001a74                SEGGER_SYSVIEW_SendTaskList
 .text.SEGGER_SYSVIEW_SendSysDesc
                0x08001a9c       0x48 ./thirdparty/SEGGER/SEGGER/SEGGER_SYSVIEW.o
                0x08001a9c                SEGGER_SYSVIEW_SendSysDesc
 .text.SEGGER_SYSVIEW_RecordSystime
                0x08001ae4       0x64 ./thirdparty/SEGGER/SEGGER/SEGGER_SYSVIEW.o
                0x08001ae4                SEGGER_SYSVIEW_RecordSystime
 .text.SEGGER_SYSVIEW_RecordEnterISR
                0x08001b48       0x84 ./thirdparty/SEGGER/SEGGER/SEGGER_SYSVIEW.o
                0x08001b48                SEGGER_SYSVIEW_RecordEnterISR
 .text.SEGGER_SYSVIEW_RecordExitISR
                0x08001bcc       0x38 ./thirdparty/SEGGER/SEGGER/SEGGER_SYSVIEW.o
                0x08001bcc                SEGGER_SYSVIEW_RecordExitISR
 .text.SEGGER_SYSVIEW_RecordExitISRToScheduler
                0x08001c04       0x38 ./thirdparty/SEGGER/SEGGER/SEGGER_SYSVIEW.o
                0x08001c04                SEGGER_SYSVIEW_RecordExitISRToScheduler
 .text.SEGGER_SYSVIEW_RecordEndCall
                0x08001c3c       0x78 ./thirdparty/SEGGER/SEGGER/SEGGER_SYSVIEW.o
                0x08001c3c                SEGGER_SYSVIEW_RecordEndCall
 .text.SEGGER_SYSVIEW_RecordEndCallU32
                0x08001cb4       0xb0 ./thirdparty/SEGGER/SEGGER/SEGGER_SYSVIEW.o
                0x08001cb4                SEGGER_SYSVIEW_RecordEndCallU32
 .text.SEGGER_SYSVIEW_OnIdle
                0x08001d64       0x38 ./thirdparty/SEGGER/SEGGER/SEGGER_SYSVIEW.o
                0x08001d64                SEGGER_SYSVIEW_OnIdle
 .text.SEGGER_SYSVIEW_OnTaskCreate
                0x08001d9c       0x84 ./thirdparty/SEGGER/SEGGER/SEGGER_SYSVIEW.o
                0x08001d9c                SEGGER_SYSVIEW_OnTaskCreate
 .text.SEGGER_SYSVIEW_OnTaskStartExec
                0x08001e20       0x84 ./thirdparty/SEGGER/SEGGER/SEGGER_SYSVIEW.o
                0x08001e20                SEGGER_SYSVIEW_OnTaskStartExec
 .text.SEGGER_SYSVIEW_OnTaskStartReady
                0x08001ea4       0x84 ./thirdparty/SEGGER/SEGGER/SEGGER_SYSVIEW.o
                0x08001ea4                SEGGER_SYSVIEW_OnTaskStartReady
 .text.SEGGER_SYSVIEW_ShrinkId
                0x08001f28       0x20 ./thirdparty/SEGGER/SEGGER/SEGGER_SYSVIEW.o
                0x08001f28                SEGGER_SYSVIEW_ShrinkId
 .text.SEGGER_SYSVIEW_SendModule
                0x08001f48      0x114 ./thirdparty/SEGGER/SEGGER/SEGGER_SYSVIEW.o
                0x08001f48                SEGGER_SYSVIEW_SendModule
 .text.SEGGER_SYSVIEW_SendModuleDescription
                0x0800205c       0x3c ./thirdparty/SEGGER/SEGGER/SEGGER_SYSVIEW.o
                0x0800205c                SEGGER_SYSVIEW_SendModuleDescription
 .text.SEGGER_SYSVIEW_SendNumModules
                0x08002098       0x7c ./thirdparty/SEGGER/SEGGER/SEGGER_SYSVIEW.o
                0x08002098                SEGGER_SYSVIEW_SendNumModules
 .text.SEGGER_SYSVIEW_Warn
                0x08002114       0xb8 ./thirdparty/SEGGER/SEGGER/SEGGER_SYSVIEW.o
                0x08002114                SEGGER_SYSVIEW_Warn
 .text._write_r
                0x080021cc       0x22 ./thirdparty/SEGGER/SEGGER/Syscalls/SEGGER_RTT_Syscalls_GCC.o
                0x080021cc                _write_r
 .text.vListInitialise
                0x080021ee       0x58 ./thirdparty/freeRTOS/list.o
                0x080021ee                vListInitialise
 .text.vListInitialiseItem
                0x08002246       0x32 ./thirdparty/freeRTOS/list.o
                0x08002246                vListInitialiseItem
 .text.uxListRemove
                0x08002278       0x72 ./thirdparty/freeRTOS/list.o
                0x08002278                uxListRemove
 .text.prvCreateTask
                0x080022ea       0x78 ./thirdparty/freeRTOS/tasks.o
 .text.xTaskCreate
                0x08002362       0x8c ./thirdparty/freeRTOS/tasks.o
                0x08002362                xTaskCreate
 .text.prvInitialiseNewTask
                0x080023ee      0x11a ./thirdparty/freeRTOS/tasks.o
 .text.prvAddNewTaskToReadyList
                0x08002508      0x148 ./thirdparty/freeRTOS/tasks.o
 .text.prvCreateIdleTasks
                0x08002650       0x94 ./thirdparty/freeRTOS/tasks.o
 .text.vTaskStartScheduler
                0x080026e4       0xac ./thirdparty/freeRTOS/tasks.o
                0x080026e4                vTaskStartScheduler
 .text.vTaskSuspendAll
                0x08002790       0x24 ./thirdparty/freeRTOS/tasks.o
                0x08002790                vTaskSuspendAll
 .text.xTaskResumeAll
                0x080027b4      0x208 ./thirdparty/freeRTOS/tasks.o
                0x080027b4                xTaskResumeAll
 .text.xTaskGetTickCountFromISR
                0x080029bc       0x30 ./thirdparty/freeRTOS/tasks.o
                0x080029bc                xTaskGetTickCountFromISR
 .text.xTaskIncrementTick
                0x080029ec      0x204 ./thirdparty/freeRTOS/tasks.o
                0x080029ec                xTaskIncrementTick
 .text.vTaskSwitchContext
                0x08002bf0       0xd8 ./thirdparty/freeRTOS/tasks.o
                0x08002bf0                vTaskSwitchContext
 .text.prvIdleTask
                0x08002cc8       0x24 ./thirdparty/freeRTOS/tasks.o
 .text.prvInitialiseTaskLists
                0x08002cec       0x80 ./thirdparty/freeRTOS/tasks.o
 .text.prvCheckTasksWaitingTermination
                0x08002d6c       0x5c ./thirdparty/freeRTOS/tasks.o
 .text.prvDeleteTCB
                0x08002dc8       0x20 ./thirdparty/freeRTOS/tasks.o
 .text.prvResetNextTaskUnblockTime
                0x08002de8       0x38 ./thirdparty/freeRTOS/tasks.o
 .text.pxPortInitialiseStack
                0x08002e20       0x68 ./thirdparty/freeRTOS/portable/GCC/ARM_CM4F/port.o
                0x08002e20                pxPortInitialiseStack
 .text.prvTaskExitError
                0x08002e88       0x5c ./thirdparty/freeRTOS/portable/GCC/ARM_CM4F/port.o
 *fill*         0x08002ee4        0xc 
 .text.vPortSVCHandler
                0x08002ef0       0x28 ./thirdparty/freeRTOS/portable/GCC/ARM_CM4F/port.o
                0x08002ef0                vPortSVCHandler
 .text.prvPortStartFirstTask
                0x08002f18       0x2c ./thirdparty/freeRTOS/portable/GCC/ARM_CM4F/port.o
 .text.xPortStartScheduler
                0x08002f44      0x1e0 ./thirdparty/freeRTOS/portable/GCC/ARM_CM4F/port.o
                0x08002f44                xPortStartScheduler
 .text.vPortEnterCritical
                0x08003124       0x64 ./thirdparty/freeRTOS/portable/GCC/ARM_CM4F/port.o
                0x08003124                vPortEnterCritical
 .text.vPortExitCritical
                0x08003188       0x54 ./thirdparty/freeRTOS/portable/GCC/ARM_CM4F/port.o
                0x08003188                vPortExitCritical
 *fill*         0x080031dc        0x4 
 .text.xPortPendSVHandler
                0x080031e0       0x68 ./thirdparty/freeRTOS/portable/GCC/ARM_CM4F/port.o
                0x080031e0                xPortPendSVHandler
 .text.xPortSysTickHandler
                0x08003248       0x54 ./thirdparty/freeRTOS/portable/GCC/ARM_CM4F/port.o
                0x08003248                xPortSysTickHandler
 .text.vPortSetupTimerInterrupt
                0x0800329c       0x48 ./thirdparty/freeRTOS/portable/GCC/ARM_CM4F/port.o
                0x0800329c                vPortSetupTimerInterrupt
 .text.vPortEnableVFP
                0x080032e4       0x18 ./thirdparty/freeRTOS/portable/GCC/ARM_CM4F/port.o
 .text.vPortValidateInterruptPriority
                0x080032fc       0x84 ./thirdparty/freeRTOS/portable/GCC/ARM_CM4F/port.o
                0x080032fc                vPortValidateInterruptPriority
 .text.pvPortMalloc
                0x08003380      0x264 ./thirdparty/freeRTOS/portable/MemMang/heap_4.o
                0x08003380                pvPortMalloc
 .text.vPortFree
                0x080035e4       0xec ./thirdparty/freeRTOS/portable/MemMang/heap_4.o
                0x080035e4                vPortFree
 .text.prvHeapInit
                0x080036d0       0xb4 ./thirdparty/freeRTOS/portable/MemMang/heap_4.o
 .text.prvInsertBlockIntoFreeList
                0x08003784       0xf4 ./thirdparty/freeRTOS/portable/MemMang/heap_4.o
 .text.std      0x08003878       0x6c C:/ST/STM32CubeIDE_1.18.1/STM32CubeIDE/plugins/com.st.stm32cube.ide.mcu.externaltools.gnu-tools-for-stm32.13.3.rel1.win32_1.0.0.202411081344/tools/bin/../lib/gcc/arm-none-eabi/13.3.1/../../../../arm-none-eabi/lib/thumb/v7e-m+fp/hard\libc_nano.a(libc_a-findfp.o)
 .text.stdio_exit_handler
                0x080038e4       0x18 C:/ST/STM32CubeIDE_1.18.1/STM32CubeIDE/plugins/com.st.stm32cube.ide.mcu.externaltools.gnu-tools-for-stm32.13.3.rel1.win32_1.0.0.202411081344/tools/bin/../lib/gcc/arm-none-eabi/13.3.1/../../../../arm-none-eabi/lib/thumb/v7e-m+fp/hard\libc_nano.a(libc_a-findfp.o)
 .text.cleanup_stdio
                0x080038fc       0x40 C:/ST/STM32CubeIDE_1.18.1/STM32CubeIDE/plugins/com.st.stm32cube.ide.mcu.externaltools.gnu-tools-for-stm32.13.3.rel1.win32_1.0.0.202411081344/tools/bin/../lib/gcc/arm-none-eabi/13.3.1/../../../../arm-none-eabi/lib/thumb/v7e-m+fp/hard\libc_nano.a(libc_a-findfp.o)
 .text.global_stdio_init.part.0
                0x0800393c       0x3c C:/ST/STM32CubeIDE_1.18.1/STM32CubeIDE/plugins/com.st.stm32cube.ide.mcu.externaltools.gnu-tools-for-stm32.13.3.rel1.win32_1.0.0.202411081344/tools/bin/../lib/gcc/arm-none-eabi/13.3.1/../../../../arm-none-eabi/lib/thumb/v7e-m+fp/hard\libc_nano.a(libc_a-findfp.o)
 .text.__sfp_lock_acquire
                0x08003978        0xc C:/ST/STM32CubeIDE_1.18.1/STM32CubeIDE/plugins/com.st.stm32cube.ide.mcu.externaltools.gnu-tools-for-stm32.13.3.rel1.win32_1.0.0.202411081344/tools/bin/../lib/gcc/arm-none-eabi/13.3.1/../../../../arm-none-eabi/lib/thumb/v7e-m+fp/hard\libc_nano.a(libc_a-findfp.o)
                0x08003978                __sfp_lock_acquire
 .text.__sfp_lock_release
                0x08003984        0xc C:/ST/STM32CubeIDE_1.18.1/STM32CubeIDE/plugins/com.st.stm32cube.ide.mcu.externaltools.gnu-tools-for-stm32.13.3.rel1.win32_1.0.0.202411081344/tools/bin/../lib/gcc/arm-none-eabi/13.3.1/../../../../arm-none-eabi/lib/thumb/v7e-m+fp/hard\libc_nano.a(libc_a-findfp.o)
                0x08003984                __sfp_lock_release
 .text.__sinit  0x08003990       0x30 C:/ST/STM32CubeIDE_1.18.1/STM32CubeIDE/plugins/com.st.stm32cube.ide.mcu.externaltools.gnu-tools-for-stm32.13.3.rel1.win32_1.0.0.202411081344/tools/bin/../lib/gcc/arm-none-eabi/13.3.1/../../../../arm-none-eabi/lib/thumb/v7e-m+fp/hard\libc_nano.a(libc_a-findfp.o)
                0x08003990                __sinit
 .text._fwalk_sglue
                0x080039c0       0x3c C:/ST/STM32CubeIDE_1.18.1/STM32CubeIDE/plugins/com.st.stm32cube.ide.mcu.externaltools.gnu-tools-for-stm32.13.3.rel1.win32_1.0.0.202411081344/tools/bin/../lib/gcc/arm-none-eabi/13.3.1/../../../../arm-none-eabi/lib/thumb/v7e-m+fp/hard\libc_nano.a(libc_a-fwalk.o)
                0x080039c0                _fwalk_sglue
 .text._puts_r  0x080039fc       0xaa C:/ST/STM32CubeIDE_1.18.1/STM32CubeIDE/plugins/com.st.stm32cube.ide.mcu.externaltools.gnu-tools-for-stm32.13.3.rel1.win32_1.0.0.202411081344/tools/bin/../lib/gcc/arm-none-eabi/13.3.1/../../../../arm-none-eabi/lib/thumb/v7e-m+fp/hard\libc_nano.a(libc_a-puts.o)
                0x080039fc                _puts_r
 *fill*         0x08003aa6        0x2 
 .text.puts     0x08003aa8       0x10 C:/ST/STM32CubeIDE_1.18.1/STM32CubeIDE/plugins/com.st.stm32cube.ide.mcu.externaltools.gnu-tools-for-stm32.13.3.rel1.win32_1.0.0.202411081344/tools/bin/../lib/gcc/arm-none-eabi/13.3.1/../../../../arm-none-eabi/lib/thumb/v7e-m+fp/hard\libc_nano.a(libc_a-puts.o)
                0x08003aa8                puts
 .text.__sread  0x08003ab8       0x22 C:/ST/STM32CubeIDE_1.18.1/STM32CubeIDE/plugins/com.st.stm32cube.ide.mcu.externaltools.gnu-tools-for-stm32.13.3.rel1.win32_1.0.0.202411081344/tools/bin/../lib/gcc/arm-none-eabi/13.3.1/../../../../arm-none-eabi/lib/thumb/v7e-m+fp/hard\libc_nano.a(libc_a-stdio.o)
                0x08003ab8                __sread
 .text.__swrite
                0x08003ada       0x38 C:/ST/STM32CubeIDE_1.18.1/STM32CubeIDE/plugins/com.st.stm32cube.ide.mcu.externaltools.gnu-tools-for-stm32.13.3.rel1.win32_1.0.0.202411081344/tools/bin/../lib/gcc/arm-none-eabi/13.3.1/../../../../arm-none-eabi/lib/thumb/v7e-m+fp/hard\libc_nano.a(libc_a-stdio.o)
                0x08003ada                __swrite
 .text.__sseek  0x08003b12       0x24 C:/ST/STM32CubeIDE_1.18.1/STM32CubeIDE/plugins/com.st.stm32cube.ide.mcu.externaltools.gnu-tools-for-stm32.13.3.rel1.win32_1.0.0.202411081344/tools/bin/../lib/gcc/arm-none-eabi/13.3.1/../../../../arm-none-eabi/lib/thumb/v7e-m+fp/hard\libc_nano.a(libc_a-stdio.o)
                0x08003b12                __sseek
 .text.__sclose
                0x08003b36        0x8 C:/ST/STM32CubeIDE_1.18.1/STM32CubeIDE/plugins/com.st.stm32cube.ide.mcu.externaltools.gnu-tools-for-stm32.13.3.rel1.win32_1.0.0.202411081344/tools/bin/../lib/gcc/arm-none-eabi/13.3.1/../../../../arm-none-eabi/lib/thumb/v7e-m+fp/hard\libc_nano.a(libc_a-stdio.o)
                0x08003b36                __sclose
 .text.__swbuf_r
                0x08003b3e       0x7c C:/ST/STM32CubeIDE_1.18.1/STM32CubeIDE/plugins/com.st.stm32cube.ide.mcu.externaltools.gnu-tools-for-stm32.13.3.rel1.win32_1.0.0.202411081344/tools/bin/../lib/gcc/arm-none-eabi/13.3.1/../../../../arm-none-eabi/lib/thumb/v7e-m+fp/hard\libc_nano.a(libc_a-wbuf.o)
                0x08003b3e                __swbuf_r
 *fill*         0x08003bba        0x2 
 .text.__swsetup_r
                0x08003bbc       0xac C:/ST/STM32CubeIDE_1.18.1/STM32CubeIDE/plugins/com.st.stm32cube.ide.mcu.externaltools.gnu-tools-for-stm32.13.3.rel1.win32_1.0.0.202411081344/tools/bin/../lib/gcc/arm-none-eabi/13.3.1/../../../../arm-none-eabi/lib/thumb/v7e-m+fp/hard\libc_nano.a(libc_a-wsetup.o)
                0x08003bbc                __swsetup_r
 .text.memcmp   0x08003c68       0x20 C:/ST/STM32CubeIDE_1.18.1/STM32CubeIDE/plugins/com.st.stm32cube.ide.mcu.externaltools.gnu-tools-for-stm32.13.3.rel1.win32_1.0.0.202411081344/tools/bin/../lib/gcc/arm-none-eabi/13.3.1/../../../../arm-none-eabi/lib/thumb/v7e-m+fp/hard\libc_nano.a(libc_a-memcmp.o)
                0x08003c68                memcmp
 .text.memset   0x08003c88       0x10 C:/ST/STM32CubeIDE_1.18.1/STM32CubeIDE/plugins/com.st.stm32cube.ide.mcu.externaltools.gnu-tools-for-stm32.13.3.rel1.win32_1.0.0.202411081344/tools/bin/../lib/gcc/arm-none-eabi/13.3.1/../../../../arm-none-eabi/lib/thumb/v7e-m+fp/hard\libc_nano.a(libc_a-memset.o)
                0x08003c88                memset
 .text._close_r
                0x08003c98       0x20 C:/ST/STM32CubeIDE_1.18.1/STM32CubeIDE/plugins/com.st.stm32cube.ide.mcu.externaltools.gnu-tools-for-stm32.13.3.rel1.win32_1.0.0.202411081344/tools/bin/../lib/gcc/arm-none-eabi/13.3.1/../../../../arm-none-eabi/lib/thumb/v7e-m+fp/hard\libc_nano.a(libc_a-closer.o)
                0x08003c98                _close_r
 .text._lseek_r
                0x08003cb8       0x24 C:/ST/STM32CubeIDE_1.18.1/STM32CubeIDE/plugins/com.st.stm32cube.ide.mcu.externaltools.gnu-tools-for-stm32.13.3.rel1.win32_1.0.0.202411081344/tools/bin/../lib/gcc/arm-none-eabi/13.3.1/../../../../arm-none-eabi/lib/thumb/v7e-m+fp/hard\libc_nano.a(libc_a-lseekr.o)
                0x08003cb8                _lseek_r
 .text._read_r  0x08003cdc       0x24 C:/ST/STM32CubeIDE_1.18.1/STM32CubeIDE/plugins/com.st.stm32cube.ide.mcu.externaltools.gnu-tools-for-stm32.13.3.rel1.win32_1.0.0.202411081344/tools/bin/../lib/gcc/arm-none-eabi/13.3.1/../../../../arm-none-eabi/lib/thumb/v7e-m+fp/hard\libc_nano.a(libc_a-readr.o)
                0x08003cdc                _read_r
 .text.__libc_init_array
                0x08003d00       0x48 C:/ST/STM32CubeIDE_1.18.1/STM32CubeIDE/plugins/com.st.stm32cube.ide.mcu.externaltools.gnu-tools-for-stm32.13.3.rel1.win32_1.0.0.202411081344/tools/bin/../lib/gcc/arm-none-eabi/13.3.1/../../../../arm-none-eabi/lib/thumb/v7e-m+fp/hard\libc_nano.a(libc_a-init.o)
                0x08003d00                __libc_init_array
 .text.__retarget_lock_init_recursive
                0x08003d48        0x2 C:/ST/STM32CubeIDE_1.18.1/STM32CubeIDE/plugins/com.st.stm32cube.ide.mcu.externaltools.gnu-tools-for-stm32.13.3.rel1.win32_1.0.0.202411081344/tools/bin/../lib/gcc/arm-none-eabi/13.3.1/../../../../arm-none-eabi/lib/thumb/v7e-m+fp/hard\libc_nano.a(libc_a-lock.o)
                0x08003d48                __retarget_lock_init_recursive
 .text.__retarget_lock_acquire_recursive
                0x08003d4a        0x2 C:/ST/STM32CubeIDE_1.18.1/STM32CubeIDE/plugins/com.st.stm32cube.ide.mcu.externaltools.gnu-tools-for-stm32.13.3.rel1.win32_1.0.0.202411081344/tools/bin/../lib/gcc/arm-none-eabi/13.3.1/../../../../arm-none-eabi/lib/thumb/v7e-m+fp/hard\libc_nano.a(libc_a-lock.o)
                0x08003d4a                __retarget_lock_acquire_recursive
 .text.__retarget_lock_release_recursive
                0x08003d4c        0x2 C:/ST/STM32CubeIDE_1.18.1/STM32CubeIDE/plugins/com.st.stm32cube.ide.mcu.externaltools.gnu-tools-for-stm32.13.3.rel1.win32_1.0.0.202411081344/tools/bin/../lib/gcc/arm-none-eabi/13.3.1/../../../../arm-none-eabi/lib/thumb/v7e-m+fp/hard\libc_nano.a(libc_a-lock.o)
                0x08003d4c                __retarget_lock_release_recursive
 .text.memcpy   0x08003d4e       0x1c C:/ST/STM32CubeIDE_1.18.1/STM32CubeIDE/plugins/com.st.stm32cube.ide.mcu.externaltools.gnu-tools-for-stm32.13.3.rel1.win32_1.0.0.202411081344/tools/bin/../lib/gcc/arm-none-eabi/13.3.1/../../../../arm-none-eabi/lib/thumb/v7e-m+fp/hard\libc_nano.a(libc_a-memcpy-stub.o)
                0x08003d4e                memcpy
 *fill*         0x08003d6a        0x2 
 .text._free_r  0x08003d6c       0x94 C:/ST/STM32CubeIDE_1.18.1/STM32CubeIDE/plugins/com.st.stm32cube.ide.mcu.externaltools.gnu-tools-for-stm32.13.3.rel1.win32_1.0.0.202411081344/tools/bin/../lib/gcc/arm-none-eabi/13.3.1/../../../../arm-none-eabi/lib/thumb/v7e-m+fp/hard\libc_nano.a(libc_a-freer.o)
                0x08003d6c                _free_r
 .text.sbrk_aligned
                0x08003e00       0x44 C:/ST/STM32CubeIDE_1.18.1/STM32CubeIDE/plugins/com.st.stm32cube.ide.mcu.externaltools.gnu-tools-for-stm32.13.3.rel1.win32_1.0.0.202411081344/tools/bin/../lib/gcc/arm-none-eabi/13.3.1/../../../../arm-none-eabi/lib/thumb/v7e-m+fp/hard\libc_nano.a(libc_a-mallocr.o)
 .text._malloc_r
                0x08003e44      0x100 C:/ST/STM32CubeIDE_1.18.1/STM32CubeIDE/plugins/com.st.stm32cube.ide.mcu.externaltools.gnu-tools-for-stm32.13.3.rel1.win32_1.0.0.202411081344/tools/bin/../lib/gcc/arm-none-eabi/13.3.1/../../../../arm-none-eabi/lib/thumb/v7e-m+fp/hard\libc_nano.a(libc_a-mallocr.o)
                0x08003e44                _malloc_r
 .text.__malloc_lock
                0x08003f44        0xc C:/ST/STM32CubeIDE_1.18.1/STM32CubeIDE/plugins/com.st.stm32cube.ide.mcu.externaltools.gnu-tools-for-stm32.13.3.rel1.win32_1.0.0.202411081344/tools/bin/../lib/gcc/arm-none-eabi/13.3.1/../../../../arm-none-eabi/lib/thumb/v7e-m+fp/hard\libc_nano.a(libc_a-mlock.o)
                0x08003f44                __malloc_lock
 .text.__malloc_unlock
                0x08003f50        0xc C:/ST/STM32CubeIDE_1.18.1/STM32CubeIDE/plugins/com.st.stm32cube.ide.mcu.externaltools.gnu-tools-for-stm32.13.3.rel1.win32_1.0.0.202411081344/tools/bin/../lib/gcc/arm-none-eabi/13.3.1/../../../../arm-none-eabi/lib/thumb/v7e-m+fp/hard\libc_nano.a(libc_a-mlock.o)
                0x08003f50                __malloc_unlock
 .text.__sflush_r
                0x08003f5c      0x108 C:/ST/STM32CubeIDE_1.18.1/STM32CubeIDE/plugins/com.st.stm32cube.ide.mcu.externaltools.gnu-tools-for-stm32.13.3.rel1.win32_1.0.0.202411081344/tools/bin/../lib/gcc/arm-none-eabi/13.3.1/../../../../arm-none-eabi/lib/thumb/v7e-m+fp/hard\libc_nano.a(libc_a-fflush.o)
                0x08003f5c                __sflush_r
 .text._fflush_r
                0x08004064       0x50 C:/ST/STM32CubeIDE_1.18.1/STM32CubeIDE/plugins/com.st.stm32cube.ide.mcu.externaltools.gnu-tools-for-stm32.13.3.rel1.win32_1.0.0.202411081344/tools/bin/../lib/gcc/arm-none-eabi/13.3.1/../../../../arm-none-eabi/lib/thumb/v7e-m+fp/hard\libc_nano.a(libc_a-fflush.o)
                0x08004064                _fflush_r
 .text.__swhatbuf_r
                0x080040b4       0x4c C:/ST/STM32CubeIDE_1.18.1/STM32CubeIDE/plugins/com.st.stm32cube.ide.mcu.externaltools.gnu-tools-for-stm32.13.3.rel1.win32_1.0.0.202411081344/tools/bin/../lib/gcc/arm-none-eabi/13.3.1/../../../../arm-none-eabi/lib/thumb/v7e-m+fp/hard\libc_nano.a(libc_a-makebuf.o)
                0x080040b4                __swhatbuf_r
 .text.__smakebuf_r
                0x08004100       0x78 C:/ST/STM32CubeIDE_1.18.1/STM32CubeIDE/plugins/com.st.stm32cube.ide.mcu.externaltools.gnu-tools-for-stm32.13.3.rel1.win32_1.0.0.202411081344/tools/bin/../lib/gcc/arm-none-eabi/13.3.1/../../../../arm-none-eabi/lib/thumb/v7e-m+fp/hard\libc_nano.a(libc_a-makebuf.o)
                0x08004100                __smakebuf_r
 .text._fstat_r
                0x08004178       0x24 C:/ST/STM32CubeIDE_1.18.1/STM32CubeIDE/plugins/com.st.stm32cube.ide.mcu.externaltools.gnu-tools-for-stm32.13.3.rel1.win32_1.0.0.202411081344/tools/bin/../lib/gcc/arm-none-eabi/13.3.1/../../../../arm-none-eabi/lib/thumb/v7e-m+fp/hard\libc_nano.a(libc_a-fstatr.o)
                0x08004178                _fstat_r
 .text._isatty_r
                0x0800419c       0x20 C:/ST/STM32CubeIDE_1.18.1/STM32CubeIDE/plugins/com.st.stm32cube.ide.mcu.externaltools.gnu-tools-for-stm32.13.3.rel1.win32_1.0.0.202411081344/tools/bin/../lib/gcc/arm-none-eabi/13.3.1/../../../../arm-none-eabi/lib/thumb/v7e-m+fp/hard\libc_nano.a(libc_a-isattyr.o)
                0x0800419c                _isatty_r
 .text._sbrk_r  0x080041bc       0x20 C:/ST/STM32CubeIDE_1.18.1/STM32CubeIDE/plugins/com.st.stm32cube.ide.mcu.externaltools.gnu-tools-for-stm32.13.3.rel1.win32_1.0.0.202411081344/tools/bin/../lib/gcc/arm-none-eabi/13.3.1/../../../../arm-none-eabi/lib/thumb/v7e-m+fp/hard\libc_nano.a(libc_a-sbrkr.o)
                0x080041bc                _sbrk_r
 .text._sbrk    0x080041dc       0x1c C:/ST/STM32CubeIDE_1.18.1/STM32CubeIDE/plugins/com.st.stm32cube.ide.mcu.externaltools.gnu-tools-for-stm32.13.3.rel1.win32_1.0.0.202411081344/tools/bin/../lib/gcc/arm-none-eabi/13.3.1/../../../../arm-none-eabi/lib/thumb/v7e-m+fp/hard\libnosys.a(sbrk.o)
                0x080041dc                _sbrk
 *(.glue_7)
 .glue_7        0x080041f8        0x0 linker stubs
 *(.glue_7t)
 .glue_7t       0x080041f8        0x0 linker stubs
 *(.eh_frame)
 .eh_frame      0x080041f8        0x0 C:/ST/STM32CubeIDE_1.18.1/STM32CubeIDE/plugins/com.st.stm32cube.ide.mcu.externaltools.gnu-tools-for-stm32.13.3.rel1.win32_1.0.0.202411081344/tools/bin/../lib/gcc/arm-none-eabi/13.3.1/thumb/v7e-m+fp/hard/crtbegin.o
 *(.init)
 .init          0x080041f8        0x4 C:/ST/STM32CubeIDE_1.18.1/STM32CubeIDE/plugins/com.st.stm32cube.ide.mcu.externaltools.gnu-tools-for-stm32.13.3.rel1.win32_1.0.0.202411081344/tools/bin/../lib/gcc/arm-none-eabi/13.3.1/thumb/v7e-m+fp/hard/crti.o
                0x080041f8                _init
 .init          0x080041fc        0x8 C:/ST/STM32CubeIDE_1.18.1/STM32CubeIDE/plugins/com.st.stm32cube.ide.mcu.externaltools.gnu-tools-for-stm32.13.3.rel1.win32_1.0.0.202411081344/tools/bin/../lib/gcc/arm-none-eabi/13.3.1/thumb/v7e-m+fp/hard/crtn.o
 *(.fini)
 .fini          0x08004204        0x4 C:/ST/STM32CubeIDE_1.18.1/STM32CubeIDE/plugins/com.st.stm32cube.ide.mcu.externaltools.gnu-tools-for-stm32.13.3.rel1.win32_1.0.0.202411081344/tools/bin/../lib/gcc/arm-none-eabi/13.3.1/thumb/v7e-m+fp/hard/crti.o
                0x08004204                _fini
 .fini          0x08004208        0x8 C:/ST/STM32CubeIDE_1.18.1/STM32CubeIDE/plugins/com.st.stm32cube.ide.mcu.externaltools.gnu-tools-for-stm32.13.3.rel1.win32_1.0.0.202411081344/tools/bin/../lib/gcc/arm-none-eabi/13.3.1/thumb/v7e-m+fp/hard/crtn.o
                0x08004210                        . = ALIGN (0x4)
                0x08004210                        _etext = .

.vfp11_veneer   0x08004210        0x0
 .vfp11_veneer  0x08004210        0x0 linker stubs

.v4_bx          0x08004210        0x0
 .v4_bx         0x08004210        0x0 linker stubs

.iplt           0x08004210        0x0
 .iplt          0x08004210        0x0 C:/ST/STM32CubeIDE_1.18.1/STM32CubeIDE/plugins/com.st.stm32cube.ide.mcu.externaltools.gnu-tools-for-stm32.13.3.rel1.win32_1.0.0.202411081344/tools/bin/../lib/gcc/arm-none-eabi/13.3.1/thumb/v7e-m+fp/hard/crtbegin.o

.rodata         0x08004210      0x134
                0x08004210                        . = ALIGN (0x4)
 *(.rodata)
 .rodata        0x08004210       0x37 ./Src/main.o
 *fill*         0x08004247        0x1 
 .rodata        0x08004248       0x41 ./thirdparty/SEGGER/Config/SEGGER_SYSVIEW_Config_FreeRTOS.o
 *fill*         0x08004289        0x3 
 .rodata        0x0800428c       0x58 ./thirdparty/SEGGER/OS/SEGGER_SYSVIEW_FreeRTOS.o
 .rodata        0x080042e4        0x9 ./thirdparty/SEGGER/SEGGER/SEGGER_RTT.o
 *fill*         0x080042ed        0x3 
 .rodata        0x080042f0       0x10 ./thirdparty/SEGGER/SEGGER/SEGGER_SYSVIEW.o
 .rodata        0x08004300       0x17 ./thirdparty/freeRTOS/tasks.o
 *(.rodata*)
 *fill*         0x08004317        0x1 
 .rodata.SYSVIEW_X_OS_TraceAPI
                0x08004318        0x8 ./thirdparty/SEGGER/OS/SEGGER_SYSVIEW_FreeRTOS.o
                0x08004318                SYSVIEW_X_OS_TraceAPI
 .rodata._aInitStr.0
                0x08004320       0x11 ./thirdparty/SEGGER/SEGGER/SEGGER_RTT.o
 *fill*         0x08004331        0x3 
 .rodata._abSync
                0x08004334        0xa ./thirdparty/SEGGER/SEGGER/SEGGER_SYSVIEW.o
 *fill*         0x0800433e        0x2 
 .rodata.uxTopUsedPriority
                0x08004340        0x4 ./thirdparty/freeRTOS/tasks.o
                0x08004344                        . = ALIGN (0x4)

.ARM.extab      0x08004344        0x0
                0x08004344                        . = ALIGN (0x4)
 *(.ARM.extab* .gnu.linkonce.armextab.*)
                0x08004344                        . = ALIGN (0x4)

.ARM            0x08004344        0x0
                0x08004344                        . = ALIGN (0x4)
                0x08004344                        __exidx_start = .
 *(.ARM.exidx*)
                0x08004344                        __exidx_end = .
                0x08004344                        . = ALIGN (0x4)

.preinit_array  0x08004344        0x0
                0x08004344                        . = ALIGN (0x4)
                0x08004344                        PROVIDE (__preinit_array_start = .)
 *(.preinit_array*)
                0x08004344                        PROVIDE (__preinit_array_end = .)
                0x08004344                        . = ALIGN (0x4)

.init_array     0x08004344        0x4
                0x08004344                        . = ALIGN (0x4)
                0x08004344                        PROVIDE (__init_array_start = .)
 *(SORT_BY_NAME(.init_array.*))
 *(.init_array*)
 .init_array    0x08004344        0x4 C:/ST/STM32CubeIDE_1.18.1/STM32CubeIDE/plugins/com.st.stm32cube.ide.mcu.externaltools.gnu-tools-for-stm32.13.3.rel1.win32_1.0.0.202411081344/tools/bin/../lib/gcc/arm-none-eabi/13.3.1/thumb/v7e-m+fp/hard/crtbegin.o
                0x08004348                        PROVIDE (__init_array_end = .)
                0x08004348                        . = ALIGN (0x4)

.fini_array     0x08004348        0x4
                0x08004348                        . = ALIGN (0x4)
                [!provide]                        PROVIDE (__fini_array_start = .)
 *(SORT_BY_NAME(.fini_array.*))
 *(.fini_array*)
 .fini_array    0x08004348        0x4 C:/ST/STM32CubeIDE_1.18.1/STM32CubeIDE/plugins/com.st.stm32cube.ide.mcu.externaltools.gnu-tools-for-stm32.13.3.rel1.win32_1.0.0.202411081344/tools/bin/../lib/gcc/arm-none-eabi/13.3.1/thumb/v7e-m+fp/hard/crtbegin.o
                [!provide]                        PROVIDE (__fini_array_end = .)
                0x0800434c                        . = ALIGN (0x4)
                0x0800434c                        _sidata = LOADADDR (.data)

.rel.dyn        0x0800434c        0x0
 .rel.iplt      0x0800434c        0x0 C:/ST/STM32CubeIDE_1.18.1/STM32CubeIDE/plugins/com.st.stm32cube.ide.mcu.externaltools.gnu-tools-for-stm32.13.3.rel1.win32_1.0.0.202411081344/tools/bin/../lib/gcc/arm-none-eabi/13.3.1/thumb/v7e-m+fp/hard/crtbegin.o

.data           0x20000000       0x64 load address 0x0800434c
                0x20000000                        . = ALIGN (0x4)
                0x20000000                        _sdata = .
 *(.data)
 *(.data*)
 .data.SystemCoreClock
                0x20000000        0x4 ./Src/main.o
                0x20000000                SystemCoreClock
 .data.uxCriticalNesting
                0x20000004        0x4 ./thirdparty/freeRTOS/portable/GCC/ARM_CM4F/port.o
 .data.__sglue  0x20000008        0xc C:/ST/STM32CubeIDE_1.18.1/STM32CubeIDE/plugins/com.st.stm32cube.ide.mcu.externaltools.gnu-tools-for-stm32.13.3.rel1.win32_1.0.0.202411081344/tools/bin/../lib/gcc/arm-none-eabi/13.3.1/../../../../arm-none-eabi/lib/thumb/v7e-m+fp/hard\libc_nano.a(libc_a-findfp.o)
                0x20000008                __sglue
 .data._impure_ptr
                0x20000014        0x4 C:/ST/STM32CubeIDE_1.18.1/STM32CubeIDE/plugins/com.st.stm32cube.ide.mcu.externaltools.gnu-tools-for-stm32.13.3.rel1.win32_1.0.0.202411081344/tools/bin/../lib/gcc/arm-none-eabi/13.3.1/../../../../arm-none-eabi/lib/thumb/v7e-m+fp/hard\libc_nano.a(libc_a-impure.o)
                0x20000014                _impure_ptr
 .data._impure_data
                0x20000018       0x4c C:/ST/STM32CubeIDE_1.18.1/STM32CubeIDE/plugins/com.st.stm32cube.ide.mcu.externaltools.gnu-tools-for-stm32.13.3.rel1.win32_1.0.0.202411081344/tools/bin/../lib/gcc/arm-none-eabi/13.3.1/../../../../arm-none-eabi/lib/thumb/v7e-m+fp/hard\libc_nano.a(libc_a-impure.o)
                0x20000018                _impure_data
 *(.RamFunc)
 *(.RamFunc*)
                0x20000064                        . = ALIGN (0x4)
                0x20000064                        _edata = .

.igot.plt       0x20000064        0x0 load address 0x080043b0
 .igot.plt      0x20000064        0x0 C:/ST/STM32CubeIDE_1.18.1/STM32CubeIDE/plugins/com.st.stm32cube.ide.mcu.externaltools.gnu-tools-for-stm32.13.3.rel1.win32_1.0.0.202411081344/tools/bin/../lib/gcc/arm-none-eabi/13.3.1/thumb/v7e-m+fp/hard/crtbegin.o
                0x20000064                        . = ALIGN (0x4)

.bss            0x20000064     0x493c load address 0x080043b0
                0x20000064                        _sbss = .
                0x20000064                        __bss_start__ = _sbss
 *(.bss)
 .bss           0x20000064       0x1c C:/ST/STM32CubeIDE_1.18.1/STM32CubeIDE/plugins/com.st.stm32cube.ide.mcu.externaltools.gnu-tools-for-stm32.13.3.rel1.win32_1.0.0.202411081344/tools/bin/../lib/gcc/arm-none-eabi/13.3.1/thumb/v7e-m+fp/hard/crtbegin.o
 *(.bss*)
 .bss.task1_handle
                0x20000080        0x4 ./Src/main.o
                0x20000080                task1_handle
 .bss.task2_handle
                0x20000084        0x4 ./Src/main.o
                0x20000084                task2_handle
 .bss._aTasks   0x20000088       0xa0 ./thirdparty/SEGGER/OS/SEGGER_SYSVIEW_FreeRTOS.o
 .bss._NumTasks
                0x20000128        0x4 ./thirdparty/SEGGER/OS/SEGGER_SYSVIEW_FreeRTOS.o
 .bss._SEGGER_RTT
                0x2000012c       0xa8 ./thirdparty/SEGGER/SEGGER/SEGGER_RTT.o
                0x2000012c                _SEGGER_RTT
 .bss._acUpBuffer
                0x200001d4      0x400 ./thirdparty/SEGGER/SEGGER/SEGGER_RTT.o
 .bss._acDownBuffer
                0x200005d4       0x10 ./thirdparty/SEGGER/SEGGER/SEGGER_RTT.o
 .bss._UpBuffer
                0x200005e4     0x1000 ./thirdparty/SEGGER/SEGGER/SEGGER_SYSVIEW.o
 .bss._DownBuffer
                0x200015e4        0x8 ./thirdparty/SEGGER/SEGGER/SEGGER_SYSVIEW.o
 .bss._SYSVIEW_Globals
                0x200015ec       0x28 ./thirdparty/SEGGER/SEGGER/SEGGER_SYSVIEW.o
 .bss._pFirstModule
                0x20001614        0x4 ./thirdparty/SEGGER/SEGGER/SEGGER_SYSVIEW.o
 .bss._NumModules
                0x20001618        0x1 ./thirdparty/SEGGER/SEGGER/SEGGER_SYSVIEW.o
 *fill*         0x20001619        0x3 
 .bss._aPacket  0x2000161c       0xe3 ./thirdparty/SEGGER/SEGGER/SEGGER_SYSVIEW.o
 *fill*         0x200016ff        0x1 
 .bss.pxCurrentTCB
                0x20001700        0x4 ./thirdparty/freeRTOS/tasks.o
                0x20001700                pxCurrentTCB
 .bss.pxReadyTasksLists
                0x20001704       0x8c ./thirdparty/freeRTOS/tasks.o
 .bss.xDelayedTaskList1
                0x20001790       0x14 ./thirdparty/freeRTOS/tasks.o
 .bss.xDelayedTaskList2
                0x200017a4       0x14 ./thirdparty/freeRTOS/tasks.o
 .bss.pxDelayedTaskList
                0x200017b8        0x4 ./thirdparty/freeRTOS/tasks.o
 .bss.pxOverflowDelayedTaskList
                0x200017bc        0x4 ./thirdparty/freeRTOS/tasks.o
 .bss.xPendingReadyList
                0x200017c0       0x14 ./thirdparty/freeRTOS/tasks.o
 .bss.xTasksWaitingTermination
                0x200017d4       0x14 ./thirdparty/freeRTOS/tasks.o
 .bss.uxDeletedTasksWaitingCleanUp
                0x200017e8        0x4 ./thirdparty/freeRTOS/tasks.o
 .bss.xSuspendedTaskList
                0x200017ec       0x14 ./thirdparty/freeRTOS/tasks.o
 .bss.uxCurrentNumberOfTasks
                0x20001800        0x4 ./thirdparty/freeRTOS/tasks.o
 .bss.xTickCount
                0x20001804        0x4 ./thirdparty/freeRTOS/tasks.o
 .bss.uxTopReadyPriority
                0x20001808        0x4 ./thirdparty/freeRTOS/tasks.o
 .bss.xSchedulerRunning
                0x2000180c        0x4 ./thirdparty/freeRTOS/tasks.o
 .bss.xPendedTicks
                0x20001810        0x4 ./thirdparty/freeRTOS/tasks.o
 .bss.xYieldPendings
                0x20001814        0x4 ./thirdparty/freeRTOS/tasks.o
 .bss.xNumOfOverflows
                0x20001818        0x4 ./thirdparty/freeRTOS/tasks.o
 .bss.uxTaskNumber
                0x2000181c        0x4 ./thirdparty/freeRTOS/tasks.o
 .bss.xNextTaskUnblockTime
                0x20001820        0x4 ./thirdparty/freeRTOS/tasks.o
 .bss.xIdleTaskHandles
                0x20001824        0x4 ./thirdparty/freeRTOS/tasks.o
 .bss.uxSchedulerSuspended
                0x20001828        0x4 ./thirdparty/freeRTOS/tasks.o
 .bss.ucMaxSysCallPriority
                0x2000182c        0x1 ./thirdparty/freeRTOS/portable/GCC/ARM_CM4F/port.o
 *fill*         0x2000182d        0x3 
 .bss.ulMaxPRIGROUPValue
                0x20001830        0x4 ./thirdparty/freeRTOS/portable/GCC/ARM_CM4F/port.o
 .bss.ucHeap    0x20001834     0x3000 ./thirdparty/freeRTOS/portable/MemMang/heap_4.o
 .bss.xStart    0x20004834        0x8 ./thirdparty/freeRTOS/portable/MemMang/heap_4.o
 .bss.pxEnd     0x2000483c        0x4 ./thirdparty/freeRTOS/portable/MemMang/heap_4.o
 .bss.xFreeBytesRemaining
                0x20004840        0x4 ./thirdparty/freeRTOS/portable/MemMang/heap_4.o
 .bss.xMinimumEverFreeBytesRemaining
                0x20004844        0x4 ./thirdparty/freeRTOS/portable/MemMang/heap_4.o
 .bss.xNumberOfSuccessfulAllocations
                0x20004848        0x4 ./thirdparty/freeRTOS/portable/MemMang/heap_4.o
 .bss.xNumberOfSuccessfulFrees
                0x2000484c        0x4 ./thirdparty/freeRTOS/portable/MemMang/heap_4.o
 .bss.__sf      0x20004850      0x138 C:/ST/STM32CubeIDE_1.18.1/STM32CubeIDE/plugins/com.st.stm32cube.ide.mcu.externaltools.gnu-tools-for-stm32.13.3.rel1.win32_1.0.0.202411081344/tools/bin/../lib/gcc/arm-none-eabi/13.3.1/../../../../arm-none-eabi/lib/thumb/v7e-m+fp/hard\libc_nano.a(libc_a-findfp.o)
                0x20004850                __sf
 .bss.__stdio_exit_handler
                0x20004988        0x4 C:/ST/STM32CubeIDE_1.18.1/STM32CubeIDE/plugins/com.st.stm32cube.ide.mcu.externaltools.gnu-tools-for-stm32.13.3.rel1.win32_1.0.0.202411081344/tools/bin/../lib/gcc/arm-none-eabi/13.3.1/../../../../arm-none-eabi/lib/thumb/v7e-m+fp/hard\libc_nano.a(libc_a-findfp.o)
                0x20004988                __stdio_exit_handler
 .bss.errno     0x2000498c        0x4 C:/ST/STM32CubeIDE_1.18.1/STM32CubeIDE/plugins/com.st.stm32cube.ide.mcu.externaltools.gnu-tools-for-stm32.13.3.rel1.win32_1.0.0.202411081344/tools/bin/../lib/gcc/arm-none-eabi/13.3.1/../../../../arm-none-eabi/lib/thumb/v7e-m+fp/hard\libc_nano.a(libc_a-reent.o)
                0x2000498c                errno
 .bss.__lock___malloc_recursive_mutex
                0x20004990        0x1 C:/ST/STM32CubeIDE_1.18.1/STM32CubeIDE/plugins/com.st.stm32cube.ide.mcu.externaltools.gnu-tools-for-stm32.13.3.rel1.win32_1.0.0.202411081344/tools/bin/../lib/gcc/arm-none-eabi/13.3.1/../../../../arm-none-eabi/lib/thumb/v7e-m+fp/hard\libc_nano.a(libc_a-lock.o)
                0x20004990                __lock___malloc_recursive_mutex
 .bss.__lock___sfp_recursive_mutex
                0x20004991        0x1 C:/ST/STM32CubeIDE_1.18.1/STM32CubeIDE/plugins/com.st.stm32cube.ide.mcu.externaltools.gnu-tools-for-stm32.13.3.rel1.win32_1.0.0.202411081344/tools/bin/../lib/gcc/arm-none-eabi/13.3.1/../../../../arm-none-eabi/lib/thumb/v7e-m+fp/hard\libc_nano.a(libc_a-lock.o)
                0x20004991                __lock___sfp_recursive_mutex
 *fill*         0x20004992        0x2 
 .bss.__malloc_sbrk_start
                0x20004994        0x4 C:/ST/STM32CubeIDE_1.18.1/STM32CubeIDE/plugins/com.st.stm32cube.ide.mcu.externaltools.gnu-tools-for-stm32.13.3.rel1.win32_1.0.0.202411081344/tools/bin/../lib/gcc/arm-none-eabi/13.3.1/../../../../arm-none-eabi/lib/thumb/v7e-m+fp/hard\libc_nano.a(libc_a-mallocr.o)
                0x20004994                __malloc_sbrk_start
 .bss.__malloc_free_list
                0x20004998        0x4 C:/ST/STM32CubeIDE_1.18.1/STM32CubeIDE/plugins/com.st.stm32cube.ide.mcu.externaltools.gnu-tools-for-stm32.13.3.rel1.win32_1.0.0.202411081344/tools/bin/../lib/gcc/arm-none-eabi/13.3.1/../../../../arm-none-eabi/lib/thumb/v7e-m+fp/hard\libc_nano.a(libc_a-mallocr.o)
                0x20004998                __malloc_free_list
 .bss.heap_end.0
                0x2000499c        0x4 C:/ST/STM32CubeIDE_1.18.1/STM32CubeIDE/plugins/com.st.stm32cube.ide.mcu.externaltools.gnu-tools-for-stm32.13.3.rel1.win32_1.0.0.202411081344/tools/bin/../lib/gcc/arm-none-eabi/13.3.1/../../../../arm-none-eabi/lib/thumb/v7e-m+fp/hard\libnosys.a(sbrk.o)
 *(COMMON)
                0x200049a0                        . = ALIGN (0x4)
                0x200049a0                        _ebss = .
                0x200049a0                        __bss_end__ = _ebss

._user_heap_stack
                0x200049a0      0x600 load address 0x080043b0
                0x200049a0                        . = ALIGN (0x8)
                0x200049a0                        PROVIDE (end = .)
                [!provide]                        PROVIDE (_end = .)
                0x20004ba0                        . = (. + _Min_Heap_Size)
 *fill*         0x200049a0      0x200 
                0x20004fa0                        . = (. + _Min_Stack_Size)
 *fill*         0x20004ba0      0x400 
                0x20004fa0                        . = ALIGN (0x8)

/DISCARD/
 libc.a(*)
 libm.a(*)
 libgcc.a(*)

.ARM.attributes
                0x00000000       0x30
 *(.ARM.attributes)
 .ARM.attributes
                0x00000000       0x22 C:/ST/STM32CubeIDE_1.18.1/STM32CubeIDE/plugins/com.st.stm32cube.ide.mcu.externaltools.gnu-tools-for-stm32.13.3.rel1.win32_1.0.0.202411081344/tools/bin/../lib/gcc/arm-none-eabi/13.3.1/thumb/v7e-m+fp/hard/crti.o
 .ARM.attributes
                0x00000022       0x34 C:/ST/STM32CubeIDE_1.18.1/STM32CubeIDE/plugins/com.st.stm32cube.ide.mcu.externaltools.gnu-tools-for-stm32.13.3.rel1.win32_1.0.0.202411081344/tools/bin/../lib/gcc/arm-none-eabi/13.3.1/thumb/v7e-m+fp/hard/crtbegin.o
 .ARM.attributes
                0x00000056       0x34 ./Src/main.o
 .ARM.attributes
                0x0000008a       0x34 ./Src/syscalls.o
 .ARM.attributes
                0x000000be       0x21 ./Startup/startup_stm32f410rbtx.o
 .ARM.attributes
                0x000000df       0x34 ./thirdparty/SEGGER/Config/SEGGER_SYSVIEW_Config_FreeRTOS.o
 .ARM.attributes
                0x00000113       0x34 ./thirdparty/SEGGER/OS/SEGGER_SYSVIEW_FreeRTOS.o
 .ARM.attributes
                0x00000147       0x34 ./thirdparty/SEGGER/SEGGER/SEGGER_RTT.o
 .ARM.attributes
                0x0000017b       0x20 ./thirdparty/SEGGER/SEGGER/SEGGER_RTT_ASM_ARMv7M.o
 .ARM.attributes
                0x0000019b       0x34 ./thirdparty/SEGGER/SEGGER/SEGGER_SYSVIEW.o
 .ARM.attributes
                0x000001cf       0x34 ./thirdparty/SEGGER/SEGGER/Syscalls/SEGGER_RTT_Syscalls_GCC.o
 .ARM.attributes
                0x00000203       0x34 ./thirdparty/freeRTOS/list.o
 .ARM.attributes
                0x00000237       0x34 ./thirdparty/freeRTOS/tasks.o
 .ARM.attributes
                0x0000026b       0x34 ./thirdparty/freeRTOS/portable/GCC/ARM_CM4F/port.o
 .ARM.attributes
                0x0000029f       0x34 ./thirdparty/freeRTOS/portable/MemMang/heap_4.o
 .ARM.attributes
                0x000002d3       0x34 C:/ST/STM32CubeIDE_1.18.1/STM32CubeIDE/plugins/com.st.stm32cube.ide.mcu.externaltools.gnu-tools-for-stm32.13.3.rel1.win32_1.0.0.202411081344/tools/bin/../lib/gcc/arm-none-eabi/13.3.1/../../../../arm-none-eabi/lib/thumb/v7e-m+fp/hard\libc_nano.a(libc_a-findfp.o)
 .ARM.attributes
                0x00000307       0x34 C:/ST/STM32CubeIDE_1.18.1/STM32CubeIDE/plugins/com.st.stm32cube.ide.mcu.externaltools.gnu-tools-for-stm32.13.3.rel1.win32_1.0.0.202411081344/tools/bin/../lib/gcc/arm-none-eabi/13.3.1/../../../../arm-none-eabi/lib/thumb/v7e-m+fp/hard\libc_nano.a(libc_a-fwalk.o)
 .ARM.attributes
                0x0000033b       0x34 C:/ST/STM32CubeIDE_1.18.1/STM32CubeIDE/plugins/com.st.stm32cube.ide.mcu.externaltools.gnu-tools-for-stm32.13.3.rel1.win32_1.0.0.202411081344/tools/bin/../lib/gcc/arm-none-eabi/13.3.1/../../../../arm-none-eabi/lib/thumb/v7e-m+fp/hard\libc_nano.a(libc_a-puts.o)
 .ARM.attributes
                0x0000036f       0x34 C:/ST/STM32CubeIDE_1.18.1/STM32CubeIDE/plugins/com.st.stm32cube.ide.mcu.externaltools.gnu-tools-for-stm32.13.3.rel1.win32_1.0.0.202411081344/tools/bin/../lib/gcc/arm-none-eabi/13.3.1/../../../../arm-none-eabi/lib/thumb/v7e-m+fp/hard\libc_nano.a(libc_a-stdio.o)
 .ARM.attributes
                0x000003a3       0x34 C:/ST/STM32CubeIDE_1.18.1/STM32CubeIDE/plugins/com.st.stm32cube.ide.mcu.externaltools.gnu-tools-for-stm32.13.3.rel1.win32_1.0.0.202411081344/tools/bin/../lib/gcc/arm-none-eabi/13.3.1/../../../../arm-none-eabi/lib/thumb/v7e-m+fp/hard\libc_nano.a(libc_a-wbuf.o)
 .ARM.attributes
                0x000003d7       0x34 C:/ST/STM32CubeIDE_1.18.1/STM32CubeIDE/plugins/com.st.stm32cube.ide.mcu.externaltools.gnu-tools-for-stm32.13.3.rel1.win32_1.0.0.202411081344/tools/bin/../lib/gcc/arm-none-eabi/13.3.1/../../../../arm-none-eabi/lib/thumb/v7e-m+fp/hard\libc_nano.a(libc_a-wsetup.o)
 .ARM.attributes
                0x0000040b       0x34 C:/ST/STM32CubeIDE_1.18.1/STM32CubeIDE/plugins/com.st.stm32cube.ide.mcu.externaltools.gnu-tools-for-stm32.13.3.rel1.win32_1.0.0.202411081344/tools/bin/../lib/gcc/arm-none-eabi/13.3.1/../../../../arm-none-eabi/lib/thumb/v7e-m+fp/hard\libc_nano.a(libc_a-memcmp.o)
 .ARM.attributes
                0x0000043f       0x34 C:/ST/STM32CubeIDE_1.18.1/STM32CubeIDE/plugins/com.st.stm32cube.ide.mcu.externaltools.gnu-tools-for-stm32.13.3.rel1.win32_1.0.0.202411081344/tools/bin/../lib/gcc/arm-none-eabi/13.3.1/../../../../arm-none-eabi/lib/thumb/v7e-m+fp/hard\libc_nano.a(libc_a-memset.o)
 .ARM.attributes
                0x00000473       0x34 C:/ST/STM32CubeIDE_1.18.1/STM32CubeIDE/plugins/com.st.stm32cube.ide.mcu.externaltools.gnu-tools-for-stm32.13.3.rel1.win32_1.0.0.202411081344/tools/bin/../lib/gcc/arm-none-eabi/13.3.1/../../../../arm-none-eabi/lib/thumb/v7e-m+fp/hard\libc_nano.a(libc_a-closer.o)
 .ARM.attributes
                0x000004a7       0x34 C:/ST/STM32CubeIDE_1.18.1/STM32CubeIDE/plugins/com.st.stm32cube.ide.mcu.externaltools.gnu-tools-for-stm32.13.3.rel1.win32_1.0.0.202411081344/tools/bin/../lib/gcc/arm-none-eabi/13.3.1/../../../../arm-none-eabi/lib/thumb/v7e-m+fp/hard\libc_nano.a(libc_a-reent.o)
 .ARM.attributes
                0x000004db       0x34 C:/ST/STM32CubeIDE_1.18.1/STM32CubeIDE/plugins/com.st.stm32cube.ide.mcu.externaltools.gnu-tools-for-stm32.13.3.rel1.win32_1.0.0.202411081344/tools/bin/../lib/gcc/arm-none-eabi/13.3.1/../../../../arm-none-eabi/lib/thumb/v7e-m+fp/hard\libc_nano.a(libc_a-impure.o)
 .ARM.attributes
                0x0000050f       0x34 C:/ST/STM32CubeIDE_1.18.1/STM32CubeIDE/plugins/com.st.stm32cube.ide.mcu.externaltools.gnu-tools-for-stm32.13.3.rel1.win32_1.0.0.202411081344/tools/bin/../lib/gcc/arm-none-eabi/13.3.1/../../../../arm-none-eabi/lib/thumb/v7e-m+fp/hard\libc_nano.a(libc_a-lseekr.o)
 .ARM.attributes
                0x00000543       0x34 C:/ST/STM32CubeIDE_1.18.1/STM32CubeIDE/plugins/com.st.stm32cube.ide.mcu.externaltools.gnu-tools-for-stm32.13.3.rel1.win32_1.0.0.202411081344/tools/bin/../lib/gcc/arm-none-eabi/13.3.1/../../../../arm-none-eabi/lib/thumb/v7e-m+fp/hard\libc_nano.a(libc_a-readr.o)
 .ARM.attributes
                0x00000577       0x34 C:/ST/STM32CubeIDE_1.18.1/STM32CubeIDE/plugins/com.st.stm32cube.ide.mcu.externaltools.gnu-tools-for-stm32.13.3.rel1.win32_1.0.0.202411081344/tools/bin/../lib/gcc/arm-none-eabi/13.3.1/../../../../arm-none-eabi/lib/thumb/v7e-m+fp/hard\libc_nano.a(libc_a-init.o)
 .ARM.attributes
                0x000005ab       0x34 C:/ST/STM32CubeIDE_1.18.1/STM32CubeIDE/plugins/com.st.stm32cube.ide.mcu.externaltools.gnu-tools-for-stm32.13.3.rel1.win32_1.0.0.202411081344/tools/bin/../lib/gcc/arm-none-eabi/13.3.1/../../../../arm-none-eabi/lib/thumb/v7e-m+fp/hard\libc_nano.a(libc_a-lock.o)
 .ARM.attributes
                0x000005df       0x34 C:/ST/STM32CubeIDE_1.18.1/STM32CubeIDE/plugins/com.st.stm32cube.ide.mcu.externaltools.gnu-tools-for-stm32.13.3.rel1.win32_1.0.0.202411081344/tools/bin/../lib/gcc/arm-none-eabi/13.3.1/../../../../arm-none-eabi/lib/thumb/v7e-m+fp/hard\libc_nano.a(libc_a-memcpy-stub.o)
 .ARM.attributes
                0x00000613       0x34 C:/ST/STM32CubeIDE_1.18.1/STM32CubeIDE/plugins/com.st.stm32cube.ide.mcu.externaltools.gnu-tools-for-stm32.13.3.rel1.win32_1.0.0.202411081344/tools/bin/../lib/gcc/arm-none-eabi/13.3.1/../../../../arm-none-eabi/lib/thumb/v7e-m+fp/hard\libc_nano.a(libc_a-freer.o)
 .ARM.attributes
                0x00000647       0x34 C:/ST/STM32CubeIDE_1.18.1/STM32CubeIDE/plugins/com.st.stm32cube.ide.mcu.externaltools.gnu-tools-for-stm32.13.3.rel1.win32_1.0.0.202411081344/tools/bin/../lib/gcc/arm-none-eabi/13.3.1/../../../../arm-none-eabi/lib/thumb/v7e-m+fp/hard\libc_nano.a(libc_a-mallocr.o)
 .ARM.attributes
                0x0000067b       0x34 C:/ST/STM32CubeIDE_1.18.1/STM32CubeIDE/plugins/com.st.stm32cube.ide.mcu.externaltools.gnu-tools-for-stm32.13.3.rel1.win32_1.0.0.202411081344/tools/bin/../lib/gcc/arm-none-eabi/13.3.1/../../../../arm-none-eabi/lib/thumb/v7e-m+fp/hard\libc_nano.a(libc_a-mlock.o)
 .ARM.attributes
                0x000006af       0x34 C:/ST/STM32CubeIDE_1.18.1/STM32CubeIDE/plugins/com.st.stm32cube.ide.mcu.externaltools.gnu-tools-for-stm32.13.3.rel1.win32_1.0.0.202411081344/tools/bin/../lib/gcc/arm-none-eabi/13.3.1/../../../../arm-none-eabi/lib/thumb/v7e-m+fp/hard\libc_nano.a(libc_a-fflush.o)
 .ARM.attributes
                0x000006e3       0x34 C:/ST/STM32CubeIDE_1.18.1/STM32CubeIDE/plugins/com.st.stm32cube.ide.mcu.externaltools.gnu-tools-for-stm32.13.3.rel1.win32_1.0.0.202411081344/tools/bin/../lib/gcc/arm-none-eabi/13.3.1/../../../../arm-none-eabi/lib/thumb/v7e-m+fp/hard\libc_nano.a(libc_a-makebuf.o)
 .ARM.attributes
                0x00000717       0x34 C:/ST/STM32CubeIDE_1.18.1/STM32CubeIDE/plugins/com.st.stm32cube.ide.mcu.externaltools.gnu-tools-for-stm32.13.3.rel1.win32_1.0.0.202411081344/tools/bin/../lib/gcc/arm-none-eabi/13.3.1/../../../../arm-none-eabi/lib/thumb/v7e-m+fp/hard\libc_nano.a(libc_a-fstatr.o)
 .ARM.attributes
                0x0000074b       0x34 C:/ST/STM32CubeIDE_1.18.1/STM32CubeIDE/plugins/com.st.stm32cube.ide.mcu.externaltools.gnu-tools-for-stm32.13.3.rel1.win32_1.0.0.202411081344/tools/bin/../lib/gcc/arm-none-eabi/13.3.1/../../../../arm-none-eabi/lib/thumb/v7e-m+fp/hard\libc_nano.a(libc_a-isattyr.o)
 .ARM.attributes
                0x0000077f       0x34 C:/ST/STM32CubeIDE_1.18.1/STM32CubeIDE/plugins/com.st.stm32cube.ide.mcu.externaltools.gnu-tools-for-stm32.13.3.rel1.win32_1.0.0.202411081344/tools/bin/../lib/gcc/arm-none-eabi/13.3.1/../../../../arm-none-eabi/lib/thumb/v7e-m+fp/hard\libc_nano.a(libc_a-sbrkr.o)
 .ARM.attributes
                0x000007b3       0x34 C:/ST/STM32CubeIDE_1.18.1/STM32CubeIDE/plugins/com.st.stm32cube.ide.mcu.externaltools.gnu-tools-for-stm32.13.3.rel1.win32_1.0.0.202411081344/tools/bin/../lib/gcc/arm-none-eabi/13.3.1/../../../../arm-none-eabi/lib/thumb/v7e-m+fp/hard\libnosys.a(sbrk.o)
 .ARM.attributes
                0x000007e7       0x22 C:/ST/STM32CubeIDE_1.18.1/STM32CubeIDE/plugins/com.st.stm32cube.ide.mcu.externaltools.gnu-tools-for-stm32.13.3.rel1.win32_1.0.0.202411081344/tools/bin/../lib/gcc/arm-none-eabi/13.3.1/thumb/v7e-m+fp/hard/crtn.o
OUTPUT(Project_freeRTOS_Learning.elf elf32-littlearm)
LOAD linker stubs
LOAD C:/ST/STM32CubeIDE_1.18.1/STM32CubeIDE/plugins/com.st.stm32cube.ide.mcu.externaltools.gnu-tools-for-stm32.13.3.rel1.win32_1.0.0.202411081344/tools/bin/../lib/gcc/arm-none-eabi/13.3.1/../../../../arm-none-eabi/lib/thumb/v7e-m+fp/hard\libc.a
LOAD C:/ST/STM32CubeIDE_1.18.1/STM32CubeIDE/plugins/com.st.stm32cube.ide.mcu.externaltools.gnu-tools-for-stm32.13.3.rel1.win32_1.0.0.202411081344/tools/bin/../lib/gcc/arm-none-eabi/13.3.1/../../../../arm-none-eabi/lib/thumb/v7e-m+fp/hard\libm.a
LOAD C:/ST/STM32CubeIDE_1.18.1/STM32CubeIDE/plugins/com.st.stm32cube.ide.mcu.externaltools.gnu-tools-for-stm32.13.3.rel1.win32_1.0.0.202411081344/tools/bin/../lib/gcc/arm-none-eabi/13.3.1/thumb/v7e-m+fp/hard\libgcc.a

.debug_info     0x00000000     0xa621
 .debug_info    0x00000000      0x25c ./Src/main.o
 .debug_info    0x0000025c      0x6cd ./Src/syscalls.o
 .debug_info    0x00000929       0x30 ./Startup/startup_stm32f410rbtx.o
 .debug_info    0x00000959      0x17d ./thirdparty/SEGGER/Config/SEGGER_SYSVIEW_Config_FreeRTOS.o
 .debug_info    0x00000ad6      0x422 ./thirdparty/SEGGER/OS/SEGGER_SYSVIEW_FreeRTOS.o
 .debug_info    0x00000ef8     0x14d1 ./thirdparty/SEGGER/SEGGER/SEGGER_RTT.o
 .debug_info    0x000023c9       0x25 ./thirdparty/SEGGER/SEGGER/SEGGER_RTT_ASM_ARMv7M.o
 .debug_info    0x000023ee     0x4346 ./thirdparty/SEGGER/SEGGER/SEGGER_SYSVIEW.o
 .debug_info    0x00006734      0x7a4 ./thirdparty/SEGGER/SEGGER/Syscalls/SEGGER_RTT_Syscalls_GCC.o
 .debug_info    0x00006ed8      0x31c ./thirdparty/freeRTOS/list.o
 .debug_info    0x000071f4     0x27fb ./thirdparty/freeRTOS/tasks.o
 .debug_info    0x000099ef      0x658 ./thirdparty/freeRTOS/portable/GCC/ARM_CM4F/port.o
 .debug_info    0x0000a047      0x5da ./thirdparty/freeRTOS/portable/MemMang/heap_4.o

.debug_abbrev   0x00000000     0x167c
 .debug_abbrev  0x00000000      0x179 ./Src/main.o
 .debug_abbrev  0x00000179      0x1af ./Src/syscalls.o
 .debug_abbrev  0x00000328       0x24 ./Startup/startup_stm32f410rbtx.o
 .debug_abbrev  0x0000034c       0xec ./thirdparty/SEGGER/Config/SEGGER_SYSVIEW_Config_FreeRTOS.o
 .debug_abbrev  0x00000438      0x1be ./thirdparty/SEGGER/OS/SEGGER_SYSVIEW_FreeRTOS.o
 .debug_abbrev  0x000005f6      0x22e ./thirdparty/SEGGER/SEGGER/SEGGER_RTT.o
 .debug_abbrev  0x00000824       0x14 ./thirdparty/SEGGER/SEGGER/SEGGER_RTT_ASM_ARMv7M.o
 .debug_abbrev  0x00000838      0x33e ./thirdparty/SEGGER/SEGGER/SEGGER_SYSVIEW.o
 .debug_abbrev  0x00000b76      0x1a8 ./thirdparty/SEGGER/SEGGER/Syscalls/SEGGER_RTT_Syscalls_GCC.o
 .debug_abbrev  0x00000d1e      0x121 ./thirdparty/freeRTOS/list.o
 .debug_abbrev  0x00000e3f      0x39f ./thirdparty/freeRTOS/tasks.o
 .debug_abbrev  0x000011de      0x246 ./thirdparty/freeRTOS/portable/GCC/ARM_CM4F/port.o
 .debug_abbrev  0x00001424      0x258 ./thirdparty/freeRTOS/portable/MemMang/heap_4.o

.debug_aranges  0x00000000      0x940
 .debug_aranges
                0x00000000       0x30 ./Src/main.o
 .debug_aranges
                0x00000030       0xb0 ./Src/syscalls.o
 .debug_aranges
                0x000000e0       0x28 ./Startup/startup_stm32f410rbtx.o
 .debug_aranges
                0x00000108       0x28 ./thirdparty/SEGGER/Config/SEGGER_SYSVIEW_Config_FreeRTOS.o
 .debug_aranges
                0x00000130       0x48 ./thirdparty/SEGGER/OS/SEGGER_SYSVIEW_FreeRTOS.o
 .debug_aranges
                0x00000178      0x138 ./thirdparty/SEGGER/SEGGER/SEGGER_RTT.o
 .debug_aranges
                0x000002b0       0x20 ./thirdparty/SEGGER/SEGGER/SEGGER_RTT_ASM_ARMv7M.o
 .debug_aranges
                0x000002d0      0x300 ./thirdparty/SEGGER/SEGGER/SEGGER_SYSVIEW.o
 .debug_aranges
                0x000005d0       0x28 ./thirdparty/SEGGER/SEGGER/Syscalls/SEGGER_RTT_Syscalls_GCC.o
 .debug_aranges
                0x000005f8       0x40 ./thirdparty/freeRTOS/list.o
 .debug_aranges
                0x00000638      0x218 ./thirdparty/freeRTOS/tasks.o
 .debug_aranges
                0x00000850       0x88 ./thirdparty/freeRTOS/portable/GCC/ARM_CM4F/port.o
 .debug_aranges
                0x000008d8       0x68 ./thirdparty/freeRTOS/portable/MemMang/heap_4.o

.debug_rnglists
                0x00000000      0x709
 .debug_rnglists
                0x00000000       0x20 ./Src/main.o
 .debug_rnglists
                0x00000020       0x7f ./Src/syscalls.o
 .debug_rnglists
                0x0000009f       0x19 ./Startup/startup_stm32f410rbtx.o
 .debug_rnglists
                0x000000b8       0x19 ./thirdparty/SEGGER/Config/SEGGER_SYSVIEW_Config_FreeRTOS.o
 .debug_rnglists
                0x000000d1       0x36 ./thirdparty/SEGGER/OS/SEGGER_SYSVIEW_FreeRTOS.o
 .debug_rnglists
                0x00000107       0xf5 ./thirdparty/SEGGER/SEGGER/SEGGER_RTT.o
 .debug_rnglists
                0x000001fc      0x268 ./thirdparty/SEGGER/SEGGER/SEGGER_SYSVIEW.o
 .debug_rnglists
                0x00000464       0x19 ./thirdparty/SEGGER/SEGGER/Syscalls/SEGGER_RTT_Syscalls_GCC.o
 .debug_rnglists
                0x0000047d       0x2c ./thirdparty/freeRTOS/list.o
 .debug_rnglists
                0x000004a9      0x1ae ./thirdparty/freeRTOS/tasks.o
 .debug_rnglists
                0x00000657       0x64 ./thirdparty/freeRTOS/portable/GCC/ARM_CM4F/port.o
 .debug_rnglists
                0x000006bb       0x4e ./thirdparty/freeRTOS/portable/MemMang/heap_4.o

.debug_line     0x00000000     0x7d95
 .debug_line    0x00000000      0x4f8 ./Src/main.o
 .debug_line    0x000004f8      0x4cf ./Src/syscalls.o
 .debug_line    0x000009c7       0x7b ./Startup/startup_stm32f410rbtx.o
 .debug_line    0x00000a42      0x3a1 ./thirdparty/SEGGER/Config/SEGGER_SYSVIEW_Config_FreeRTOS.o
 .debug_line    0x00000de3      0x747 ./thirdparty/SEGGER/OS/SEGGER_SYSVIEW_FreeRTOS.o
 .debug_line    0x0000152a      0xd3c ./thirdparty/SEGGER/SEGGER/SEGGER_RTT.o
 .debug_line    0x00002266       0x86 ./thirdparty/SEGGER/SEGGER/SEGGER_RTT_ASM_ARMv7M.o
 .debug_line    0x000022ec     0x1fc0 ./thirdparty/SEGGER/SEGGER/SEGGER_SYSVIEW.o
 .debug_line    0x000042ac      0x3ce ./thirdparty/SEGGER/SEGGER/Syscalls/SEGGER_RTT_Syscalls_GCC.o
 .debug_line    0x0000467a      0x543 ./thirdparty/freeRTOS/list.o
 .debug_line    0x00004bbd     0x1fbf ./thirdparty/freeRTOS/tasks.o
 .debug_line    0x00006b7c      0x8a6 ./thirdparty/freeRTOS/portable/GCC/ARM_CM4F/port.o
 .debug_line    0x00007422      0x973 ./thirdparty/freeRTOS/portable/MemMang/heap_4.o

.debug_str      0x00000000     0x33d1
 .debug_str     0x00000000     0x33d1 ./Src/main.o
                                0x312 (size before relaxing)
 .debug_str     0x000033d1      0x452 ./Src/syscalls.o
 .debug_str     0x000033d1       0xa8 ./Startup/startup_stm32f410rbtx.o
 .debug_str     0x000033d1      0x2fd ./thirdparty/SEGGER/Config/SEGGER_SYSVIEW_Config_FreeRTOS.o
 .debug_str     0x000033d1      0x3e7 ./thirdparty/SEGGER/OS/SEGGER_SYSVIEW_FreeRTOS.o
 .debug_str     0x000033d1      0x70b ./thirdparty/SEGGER/SEGGER/SEGGER_RTT.o
 .debug_str     0x000033d1       0xab ./thirdparty/SEGGER/SEGGER/SEGGER_RTT_ASM_ARMv7M.o
 .debug_str     0x000033d1     0x1384 ./thirdparty/SEGGER/SEGGER/SEGGER_SYSVIEW.o
 .debug_str     0x000033d1      0x544 ./thirdparty/SEGGER/SEGGER/Syscalls/SEGGER_RTT_Syscalls_GCC.o
 .debug_str     0x000033d1      0x3c0 ./thirdparty/freeRTOS/list.o
 .debug_str     0x000033d1     0x14e8 ./thirdparty/freeRTOS/tasks.o
 .debug_str     0x000033d1      0x577 ./thirdparty/freeRTOS/portable/GCC/ARM_CM4F/port.o
 .debug_str     0x000033d1      0x58b ./thirdparty/freeRTOS/portable/MemMang/heap_4.o

.comment        0x00000000       0x43
 .comment       0x00000000       0x43 ./Src/main.o
                                 0x44 (size before relaxing)
 .comment       0x00000043       0x44 ./Src/syscalls.o
 .comment       0x00000043       0x44 ./thirdparty/SEGGER/Config/SEGGER_SYSVIEW_Config_FreeRTOS.o
 .comment       0x00000043       0x44 ./thirdparty/SEGGER/OS/SEGGER_SYSVIEW_FreeRTOS.o
 .comment       0x00000043       0x44 ./thirdparty/SEGGER/SEGGER/SEGGER_RTT.o
 .comment       0x00000043       0x44 ./thirdparty/SEGGER/SEGGER/SEGGER_SYSVIEW.o
 .comment       0x00000043       0x44 ./thirdparty/SEGGER/SEGGER/Syscalls/SEGGER_RTT_Syscalls_GCC.o
 .comment       0x00000043       0x44 ./thirdparty/freeRTOS/list.o
 .comment       0x00000043       0x44 ./thirdparty/freeRTOS/tasks.o
 .comment       0x00000043       0x44 ./thirdparty/freeRTOS/portable/GCC/ARM_CM4F/port.o
 .comment       0x00000043       0x44 ./thirdparty/freeRTOS/portable/MemMang/heap_4.o

.debug_frame    0x00000000     0x2c38
 .debug_frame   0x00000000       0x70 ./Src/main.o
 .debug_frame   0x00000070      0x2d4 ./Src/syscalls.o
 .debug_frame   0x00000344       0x48 ./thirdparty/SEGGER/Config/SEGGER_SYSVIEW_Config_FreeRTOS.o
 .debug_frame   0x0000038c      0x104 ./thirdparty/SEGGER/OS/SEGGER_SYSVIEW_FreeRTOS.o
 .debug_frame   0x00000490      0x52c ./thirdparty/SEGGER/SEGGER/SEGGER_RTT.o
 .debug_frame   0x000009bc      0xe10 ./thirdparty/SEGGER/SEGGER/SEGGER_SYSVIEW.o
 .debug_frame   0x000017cc       0x58 ./thirdparty/SEGGER/SEGGER/Syscalls/SEGGER_RTT_Syscalls_GCC.o
 .debug_frame   0x00001824       0xcc ./thirdparty/freeRTOS/list.o
 .debug_frame   0x000018f0      0x944 ./thirdparty/freeRTOS/tasks.o
 .debug_frame   0x00002234      0x1d0 ./thirdparty/freeRTOS/portable/GCC/ARM_CM4F/port.o
 .debug_frame   0x00002404      0x174 ./thirdparty/freeRTOS/portable/MemMang/heap_4.o
 .debug_frame   0x00002578      0x144 C:/ST/STM32CubeIDE_1.18.1/STM32CubeIDE/plugins/com.st.stm32cube.ide.mcu.externaltools.gnu-tools-for-stm32.13.3.rel1.win32_1.0.0.202411081344/tools/bin/../lib/gcc/arm-none-eabi/13.3.1/../../../../arm-none-eabi/lib/thumb/v7e-m+fp/hard\libc_nano.a(libc_a-findfp.o)
 .debug_frame   0x000026bc       0x34 C:/ST/STM32CubeIDE_1.18.1/STM32CubeIDE/plugins/com.st.stm32cube.ide.mcu.externaltools.gnu-tools-for-stm32.13.3.rel1.win32_1.0.0.202411081344/tools/bin/../lib/gcc/arm-none-eabi/13.3.1/../../../../arm-none-eabi/lib/thumb/v7e-m+fp/hard\libc_nano.a(libc_a-fwalk.o)
 .debug_frame   0x000026f0       0x3c C:/ST/STM32CubeIDE_1.18.1/STM32CubeIDE/plugins/com.st.stm32cube.ide.mcu.externaltools.gnu-tools-for-stm32.13.3.rel1.win32_1.0.0.202411081344/tools/bin/../lib/gcc/arm-none-eabi/13.3.1/../../../../arm-none-eabi/lib/thumb/v7e-m+fp/hard\libc_nano.a(libc_a-puts.o)
 .debug_frame   0x0000272c       0x88 C:/ST/STM32CubeIDE_1.18.1/STM32CubeIDE/plugins/com.st.stm32cube.ide.mcu.externaltools.gnu-tools-for-stm32.13.3.rel1.win32_1.0.0.202411081344/tools/bin/../lib/gcc/arm-none-eabi/13.3.1/../../../../arm-none-eabi/lib/thumb/v7e-m+fp/hard\libc_nano.a(libc_a-stdio.o)
 .debug_frame   0x000027b4       0x40 C:/ST/STM32CubeIDE_1.18.1/STM32CubeIDE/plugins/com.st.stm32cube.ide.mcu.externaltools.gnu-tools-for-stm32.13.3.rel1.win32_1.0.0.202411081344/tools/bin/../lib/gcc/arm-none-eabi/13.3.1/../../../../arm-none-eabi/lib/thumb/v7e-m+fp/hard\libc_nano.a(libc_a-wbuf.o)
 .debug_frame   0x000027f4       0x2c C:/ST/STM32CubeIDE_1.18.1/STM32CubeIDE/plugins/com.st.stm32cube.ide.mcu.externaltools.gnu-tools-for-stm32.13.3.rel1.win32_1.0.0.202411081344/tools/bin/../lib/gcc/arm-none-eabi/13.3.1/../../../../arm-none-eabi/lib/thumb/v7e-m+fp/hard\libc_nano.a(libc_a-wsetup.o)
 .debug_frame   0x00002820       0x28 C:/ST/STM32CubeIDE_1.18.1/STM32CubeIDE/plugins/com.st.stm32cube.ide.mcu.externaltools.gnu-tools-for-stm32.13.3.rel1.win32_1.0.0.202411081344/tools/bin/../lib/gcc/arm-none-eabi/13.3.1/../../../../arm-none-eabi/lib/thumb/v7e-m+fp/hard\libc_nano.a(libc_a-memcmp.o)
 .debug_frame   0x00002848       0x20 C:/ST/STM32CubeIDE_1.18.1/STM32CubeIDE/plugins/com.st.stm32cube.ide.mcu.externaltools.gnu-tools-for-stm32.13.3.rel1.win32_1.0.0.202411081344/tools/bin/../lib/gcc/arm-none-eabi/13.3.1/../../../../arm-none-eabi/lib/thumb/v7e-m+fp/hard\libc_nano.a(libc_a-memset.o)
 .debug_frame   0x00002868       0x2c C:/ST/STM32CubeIDE_1.18.1/STM32CubeIDE/plugins/com.st.stm32cube.ide.mcu.externaltools.gnu-tools-for-stm32.13.3.rel1.win32_1.0.0.202411081344/tools/bin/../lib/gcc/arm-none-eabi/13.3.1/../../../../arm-none-eabi/lib/thumb/v7e-m+fp/hard\libc_nano.a(libc_a-closer.o)
 .debug_frame   0x00002894       0x38 C:/ST/STM32CubeIDE_1.18.1/STM32CubeIDE/plugins/com.st.stm32cube.ide.mcu.externaltools.gnu-tools-for-stm32.13.3.rel1.win32_1.0.0.202411081344/tools/bin/../lib/gcc/arm-none-eabi/13.3.1/../../../../arm-none-eabi/lib/thumb/v7e-m+fp/hard\libc_nano.a(libc_a-reent.o)
 .debug_frame   0x000028cc       0x2c C:/ST/STM32CubeIDE_1.18.1/STM32CubeIDE/plugins/com.st.stm32cube.ide.mcu.externaltools.gnu-tools-for-stm32.13.3.rel1.win32_1.0.0.202411081344/tools/bin/../lib/gcc/arm-none-eabi/13.3.1/../../../../arm-none-eabi/lib/thumb/v7e-m+fp/hard\libc_nano.a(libc_a-lseekr.o)
 .debug_frame   0x000028f8       0x2c C:/ST/STM32CubeIDE_1.18.1/STM32CubeIDE/plugins/com.st.stm32cube.ide.mcu.externaltools.gnu-tools-for-stm32.13.3.rel1.win32_1.0.0.202411081344/tools/bin/../lib/gcc/arm-none-eabi/13.3.1/../../../../arm-none-eabi/lib/thumb/v7e-m+fp/hard\libc_nano.a(libc_a-readr.o)
 .debug_frame   0x00002924       0x2c C:/ST/STM32CubeIDE_1.18.1/STM32CubeIDE/plugins/com.st.stm32cube.ide.mcu.externaltools.gnu-tools-for-stm32.13.3.rel1.win32_1.0.0.202411081344/tools/bin/../lib/gcc/arm-none-eabi/13.3.1/../../../../arm-none-eabi/lib/thumb/v7e-m+fp/hard\libc_nano.a(libc_a-init.o)
 .debug_frame   0x00002950       0xb0 C:/ST/STM32CubeIDE_1.18.1/STM32CubeIDE/plugins/com.st.stm32cube.ide.mcu.externaltools.gnu-tools-for-stm32.13.3.rel1.win32_1.0.0.202411081344/tools/bin/../lib/gcc/arm-none-eabi/13.3.1/../../../../arm-none-eabi/lib/thumb/v7e-m+fp/hard\libc_nano.a(libc_a-lock.o)
 .debug_frame   0x00002a00       0x28 C:/ST/STM32CubeIDE_1.18.1/STM32CubeIDE/plugins/com.st.stm32cube.ide.mcu.externaltools.gnu-tools-for-stm32.13.3.rel1.win32_1.0.0.202411081344/tools/bin/../lib/gcc/arm-none-eabi/13.3.1/../../../../arm-none-eabi/lib/thumb/v7e-m+fp/hard\libc_nano.a(libc_a-memcpy-stub.o)
 .debug_frame   0x00002a28       0x38 C:/ST/STM32CubeIDE_1.18.1/STM32CubeIDE/plugins/com.st.stm32cube.ide.mcu.externaltools.gnu-tools-for-stm32.13.3.rel1.win32_1.0.0.202411081344/tools/bin/../lib/gcc/arm-none-eabi/13.3.1/../../../../arm-none-eabi/lib/thumb/v7e-m+fp/hard\libc_nano.a(libc_a-freer.o)
 .debug_frame   0x00002a60       0x50 C:/ST/STM32CubeIDE_1.18.1/STM32CubeIDE/plugins/com.st.stm32cube.ide.mcu.externaltools.gnu-tools-for-stm32.13.3.rel1.win32_1.0.0.202411081344/tools/bin/../lib/gcc/arm-none-eabi/13.3.1/../../../../arm-none-eabi/lib/thumb/v7e-m+fp/hard\libc_nano.a(libc_a-mallocr.o)
 .debug_frame   0x00002ab0       0x30 C:/ST/STM32CubeIDE_1.18.1/STM32CubeIDE/plugins/com.st.stm32cube.ide.mcu.externaltools.gnu-tools-for-stm32.13.3.rel1.win32_1.0.0.202411081344/tools/bin/../lib/gcc/arm-none-eabi/13.3.1/../../../../arm-none-eabi/lib/thumb/v7e-m+fp/hard\libc_nano.a(libc_a-mlock.o)
 .debug_frame   0x00002ae0       0x5c C:/ST/STM32CubeIDE_1.18.1/STM32CubeIDE/plugins/com.st.stm32cube.ide.mcu.externaltools.gnu-tools-for-stm32.13.3.rel1.win32_1.0.0.202411081344/tools/bin/../lib/gcc/arm-none-eabi/13.3.1/../../../../arm-none-eabi/lib/thumb/v7e-m+fp/hard\libc_nano.a(libc_a-fflush.o)
 .debug_frame   0x00002b3c       0x58 C:/ST/STM32CubeIDE_1.18.1/STM32CubeIDE/plugins/com.st.stm32cube.ide.mcu.externaltools.gnu-tools-for-stm32.13.3.rel1.win32_1.0.0.202411081344/tools/bin/../lib/gcc/arm-none-eabi/13.3.1/../../../../arm-none-eabi/lib/thumb/v7e-m+fp/hard\libc_nano.a(libc_a-makebuf.o)
 .debug_frame   0x00002b94       0x2c C:/ST/STM32CubeIDE_1.18.1/STM32CubeIDE/plugins/com.st.stm32cube.ide.mcu.externaltools.gnu-tools-for-stm32.13.3.rel1.win32_1.0.0.202411081344/tools/bin/../lib/gcc/arm-none-eabi/13.3.1/../../../../arm-none-eabi/lib/thumb/v7e-m+fp/hard\libc_nano.a(libc_a-fstatr.o)
 .debug_frame   0x00002bc0       0x2c C:/ST/STM32CubeIDE_1.18.1/STM32CubeIDE/plugins/com.st.stm32cube.ide.mcu.externaltools.gnu-tools-for-stm32.13.3.rel1.win32_1.0.0.202411081344/tools/bin/../lib/gcc/arm-none-eabi/13.3.1/../../../../arm-none-eabi/lib/thumb/v7e-m+fp/hard\libc_nano.a(libc_a-isattyr.o)
 .debug_frame   0x00002bec       0x2c C:/ST/STM32CubeIDE_1.18.1/STM32CubeIDE/plugins/com.st.stm32cube.ide.mcu.externaltools.gnu-tools-for-stm32.13.3.rel1.win32_1.0.0.202411081344/tools/bin/../lib/gcc/arm-none-eabi/13.3.1/../../../../arm-none-eabi/lib/thumb/v7e-m+fp/hard\libc_nano.a(libc_a-sbrkr.o)
 .debug_frame   0x00002c18       0x20 C:/ST/STM32CubeIDE_1.18.1/STM32CubeIDE/plugins/com.st.stm32cube.ide.mcu.externaltools.gnu-tools-for-stm32.13.3.rel1.win32_1.0.0.202411081344/tools/bin/../lib/gcc/arm-none-eabi/13.3.1/../../../../arm-none-eabi/lib/thumb/v7e-m+fp/hard\libnosys.a(sbrk.o)

.debug_line_str
                0x00000000       0xc0
 .debug_line_str
                0x00000000       0xc0 ./Startup/startup_stm32f410rbtx.o
                                 0x8c (size before relaxing)
 .debug_line_str
                0x000000c0       0x9d ./thirdparty/SEGGER/SEGGER/SEGGER_RTT_ASM_ARMv7M.o
