Archive member included to satisfy reference by file (symbol)

C:/ST/STM32CubeIDE_1.18.1/STM32CubeIDE/plugins/com.st.stm32cube.ide.mcu.externaltools.gnu-tools-for-stm32.13.3.rel1.win32_1.0.0.202411081344/tools/bin/../lib/gcc/arm-none-eabi/13.3.1/../../../../arm-none-eabi/lib/thumb/v7e-m+fp/hard\libc_nano.a(libc_a-exit.o)
                              C:/ST/STM32CubeIDE_1.18.1/STM32CubeIDE/plugins/com.st.stm32cube.ide.mcu.externaltools.gnu-tools-for-stm32.13.3.rel1.win32_1.0.0.202411081344/tools/bin/../lib/gcc/arm-none-eabi/13.3.1/../../../../arm-none-eabi/lib/thumb/v7e-m+fp/hard/crt0.o (exit)
C:/ST/STM32CubeIDE_1.18.1/STM32CubeIDE/plugins/com.st.stm32cube.ide.mcu.externaltools.gnu-tools-for-stm32.13.3.rel1.win32_1.0.0.202411081344/tools/bin/../lib/gcc/arm-none-eabi/13.3.1/../../../../arm-none-eabi/lib/thumb/v7e-m+fp/hard\libc_nano.a(libc_a-findfp.o)
                              C:/ST/STM32CubeIDE_1.18.1/STM32CubeIDE/plugins/com.st.stm32cube.ide.mcu.externaltools.gnu-tools-for-stm32.13.3.rel1.win32_1.0.0.202411081344/tools/bin/../lib/gcc/arm-none-eabi/13.3.1/../../../../arm-none-eabi/lib/thumb/v7e-m+fp/hard\libc_nano.a(libc_a-exit.o) (__stdio_exit_handler)
C:/ST/STM32CubeIDE_1.18.1/STM32CubeIDE/plugins/com.st.stm32cube.ide.mcu.externaltools.gnu-tools-for-stm32.13.3.rel1.win32_1.0.0.202411081344/tools/bin/../lib/gcc/arm-none-eabi/13.3.1/../../../../arm-none-eabi/lib/thumb/v7e-m+fp/hard\libc_nano.a(libc_a-fwalk.o)
                              C:/ST/STM32CubeIDE_1.18.1/STM32CubeIDE/plugins/com.st.stm32cube.ide.mcu.externaltools.gnu-tools-for-stm32.13.3.rel1.win32_1.0.0.202411081344/tools/bin/../lib/gcc/arm-none-eabi/13.3.1/../../../../arm-none-eabi/lib/thumb/v7e-m+fp/hard\libc_nano.a(libc_a-findfp.o) (_fwalk_sglue)
C:/ST/STM32CubeIDE_1.18.1/STM32CubeIDE/plugins/com.st.stm32cube.ide.mcu.externaltools.gnu-tools-for-stm32.13.3.rel1.win32_1.0.0.202411081344/tools/bin/../lib/gcc/arm-none-eabi/13.3.1/../../../../arm-none-eabi/lib/thumb/v7e-m+fp/hard\libc_nano.a(libc_a-puts.o)
                              ./Src/main.o (puts)
C:/ST/STM32CubeIDE_1.18.1/STM32CubeIDE/plugins/com.st.stm32cube.ide.mcu.externaltools.gnu-tools-for-stm32.13.3.rel1.win32_1.0.0.202411081344/tools/bin/../lib/gcc/arm-none-eabi/13.3.1/../../../../arm-none-eabi/lib/thumb/v7e-m+fp/hard\libc_nano.a(libc_a-snprintf.o)
                              ./thirdparty/freeRTOS/tasks.o (snprintf)
C:/ST/STM32CubeIDE_1.18.1/STM32CubeIDE/plugins/com.st.stm32cube.ide.mcu.externaltools.gnu-tools-for-stm32.13.3.rel1.win32_1.0.0.202411081344/tools/bin/../lib/gcc/arm-none-eabi/13.3.1/../../../../arm-none-eabi/lib/thumb/v7e-m+fp/hard\libc_nano.a(libc_a-stdio.o)
                              C:/ST/STM32CubeIDE_1.18.1/STM32CubeIDE/plugins/com.st.stm32cube.ide.mcu.externaltools.gnu-tools-for-stm32.13.3.rel1.win32_1.0.0.202411081344/tools/bin/../lib/gcc/arm-none-eabi/13.3.1/../../../../arm-none-eabi/lib/thumb/v7e-m+fp/hard\libc_nano.a(libc_a-findfp.o) (__sread)
C:/ST/STM32CubeIDE_1.18.1/STM32CubeIDE/plugins/com.st.stm32cube.ide.mcu.externaltools.gnu-tools-for-stm32.13.3.rel1.win32_1.0.0.202411081344/tools/bin/../lib/gcc/arm-none-eabi/13.3.1/../../../../arm-none-eabi/lib/thumb/v7e-m+fp/hard\libc_nano.a(libc_a-wbuf.o)
                              C:/ST/STM32CubeIDE_1.18.1/STM32CubeIDE/plugins/com.st.stm32cube.ide.mcu.externaltools.gnu-tools-for-stm32.13.3.rel1.win32_1.0.0.202411081344/tools/bin/../lib/gcc/arm-none-eabi/13.3.1/../../../../arm-none-eabi/lib/thumb/v7e-m+fp/hard\libc_nano.a(libc_a-puts.o) (__swbuf_r)
C:/ST/STM32CubeIDE_1.18.1/STM32CubeIDE/plugins/com.st.stm32cube.ide.mcu.externaltools.gnu-tools-for-stm32.13.3.rel1.win32_1.0.0.202411081344/tools/bin/../lib/gcc/arm-none-eabi/13.3.1/../../../../arm-none-eabi/lib/thumb/v7e-m+fp/hard\libc_nano.a(libc_a-wsetup.o)
                              C:/ST/STM32CubeIDE_1.18.1/STM32CubeIDE/plugins/com.st.stm32cube.ide.mcu.externaltools.gnu-tools-for-stm32.13.3.rel1.win32_1.0.0.202411081344/tools/bin/../lib/gcc/arm-none-eabi/13.3.1/../../../../arm-none-eabi/lib/thumb/v7e-m+fp/hard\libc_nano.a(libc_a-puts.o) (__swsetup_r)
C:/ST/STM32CubeIDE_1.18.1/STM32CubeIDE/plugins/com.st.stm32cube.ide.mcu.externaltools.gnu-tools-for-stm32.13.3.rel1.win32_1.0.0.202411081344/tools/bin/../lib/gcc/arm-none-eabi/13.3.1/../../../../arm-none-eabi/lib/thumb/v7e-m+fp/hard\libc_nano.a(libc_a-memcmp.o)
                              ./thirdparty/SEGGER/OS/SEGGER_SYSVIEW_FreeRTOS.o (memcmp)
C:/ST/STM32CubeIDE_1.18.1/STM32CubeIDE/plugins/com.st.stm32cube.ide.mcu.externaltools.gnu-tools-for-stm32.13.3.rel1.win32_1.0.0.202411081344/tools/bin/../lib/gcc/arm-none-eabi/13.3.1/../../../../arm-none-eabi/lib/thumb/v7e-m+fp/hard\libc_nano.a(libc_a-memset.o)
                              C:/ST/STM32CubeIDE_1.18.1/STM32CubeIDE/plugins/com.st.stm32cube.ide.mcu.externaltools.gnu-tools-for-stm32.13.3.rel1.win32_1.0.0.202411081344/tools/bin/../lib/gcc/arm-none-eabi/13.3.1/../../../../arm-none-eabi/lib/thumb/v7e-m+fp/hard/crt0.o (memset)
[...]
Memory Configuration

Name             Origin             Length             Attributes
RAM              0x20000000         0x00008000         xrw
FLASH            0x08000000         0x00020000         xr
*default*        0x00000000         0xffffffff

Linker script and memory map

LOAD C:/ST/STM32CubeIDE_1.18.1/STM32CubeIDE/plugins/com.st.stm32cube.ide.mcu.externaltools.gnu-tools-for-stm32.13.3.rel1.win32_1.0.0.202411081344/tools/bin/../lib/gcc/arm-none-eabi/13.3.1/thumb/v7e-m+fp/hard/crti.o
LOAD C:/ST/STM32CubeIDE_1.18.1/STM32CubeIDE/plugins/com.st.stm32cube.ide.mcu.externaltools.gnu-tools-for-stm32.13.3.rel1.win32_1.0.0.202411081344/tools/bin/../lib/gcc/arm-none-eabi/13.3.1/thumb/v7e-m+fp/hard/crtbegin.o
LOAD C:/ST/STM32CubeIDE_1.18.1/STM32CubeIDE/plugins/com.st.stm32cube.ide.mcu.externaltools.gnu-tools-for-stm32.13.3.rel1.win32_1.0.0.202411081344/tools/bin/../lib/gcc/arm-none-eabi/13.3.1/../../../../arm-none-eabi/lib/thumb/v7e-m+fp/hard/crt0.o
LOAD ./Src/BSP_UART.o
LOAD ./Src/main.o
LOAD ./Src/syscalls.o
LOAD ./Startup/startup_stm32f410rbtx.o
LOAD ./thirdparty/SEGGER/Config/SEGGER_SYSVIEW_Config_FreeRTOS.o
LOAD ./thirdparty/SEGGER/OS/SEGGER_SYSVIEW_FreeRTOS.o
LOAD ./thirdparty/SEGGER/SEGGER/SEGGER_RTT.o
LOAD ./thirdparty/SEGGER/SEGGER/SEGGER_RTT_ASM_ARMv7M.o
LOAD ./thirdparty/SEGGER/SEGGER/SEGGER_RTT_printf.o
LOAD ./thirdparty/SEGGER/SEGGER/SEGGER_SYSVIEW.o
LOAD ./thirdparty/SEGGER/SEGGER/Syscalls/SEGGER_RTT_Syscalls_GCC.o
LOAD ./thirdparty/SEGGER/UART_RECORDER/SEGGER_SYSVIEW_Config_UART.o
LOAD ./thirdparty/SEGGER/UART_RECORDER/SEGGER_SYSVIEW_REC.o
LOAD ./thirdparty/freeRTOS/croutine.o
LOAD ./thirdparty/freeRTOS/event_groups.o
LOAD ./thirdparty/freeRTOS/list.o
LOAD ./thirdparty/freeRTOS/queue.o
LOAD ./thirdparty/freeRTOS/stream_buffer.o
LOAD ./thirdparty/freeRTOS/tasks.o
LOAD ./thirdparty/freeRTOS/timers.o
LOAD ./thirdparty/freeRTOS/portable/GCC/ARM_CM4F/port.o
LOAD ./thirdparty/freeRTOS/portable/MemMang/heap_4.o
START GROUP
LOAD C:/ST/STM32CubeIDE_1.18.1/STM32CubeIDE/plugins/com.st.stm32cube.ide.mcu.externaltools.gnu-tools-for-stm32.13.3.rel1.win32_1.0.0.202411081344/tools/bin/../lib/gcc/arm-none-eabi/13.3.1/../../../../arm-none-eabi/lib/thumb/v7e-m+fp/hard\libc_nano.a
LOAD C:/ST/STM32CubeIDE_1.18.1/STM32CubeIDE/plugins/com.st.stm32cube.ide.mcu.externaltools.gnu-tools-for-stm32.13.3.rel1.win32_1.0.0.202411081344/tools/bin/../lib/gcc/arm-none-eabi/13.3.1/../../../../arm-none-eabi/lib/thumb/v7e-m+fp/hard\libm.a
END GROUP
START GROUP
LOAD C:/ST/STM32CubeIDE_1.18.1/STM32CubeIDE/plugins/com.st.stm32cube.ide.mcu.externaltools.gnu-tools-for-stm32.13.3.rel1.win32_1.0.0.202411081344/tools/bin/../lib/gcc/arm-none-eabi/13.3.1/thumb/v7e-m+fp/hard\libgcc.a
LOAD C:/ST/STM32CubeIDE_1.18.1/STM32CubeIDE/plugins/com.st.stm32cube.ide.mcu.externaltools.gnu-tools-for-stm32.13.3.rel1.win32_1.0.0.202411081344/tools/bin/../lib/gcc/arm-none-eabi/13.3.1/../../../../arm-none-eabi/lib/thumb/v7e-m+fp/hard\libc_nano.a
END GROUP
START GROUP
LOAD C:/ST/STM32CubeIDE_1.18.1/STM32CubeIDE/plugins/com.st.stm32cube.ide.mcu.externaltools.gnu-tools-for-stm32.13.3.rel1.win32_1.0.0.202411081344/tools/bin/../lib/gcc/arm-none-eabi/13.3.1/thumb/v7e-m+fp/hard\libgcc.a
LOAD C:/ST/STM32CubeIDE_1.18.1/STM32CubeIDE/plugins/com.st.stm32cube.ide.mcu.externaltools.gnu-tools-for-stm32.13.3.rel1.win32_1.0.0.202411081344/tools/bin/../lib/gcc/arm-none-eabi/13.3.1/../../../../arm-none-eabi/lib/thumb/v7e-m+fp/hard\libc_nano.a
LOAD C:/ST/STM32CubeIDE_1.18.1/STM32CubeIDE/plugins/com.st.stm32cube.ide.mcu.externaltools.gnu-tools-for-stm32.13.3.rel1.win32_1.0.0.202411081344/tools/bin/../lib/gcc/arm-none-eabi/13.3.1/../../../../arm-none-eabi/lib/thumb/v7e-m+fp/hard\libnosys.a
END GROUP
START GROUP
LOAD C:/ST/STM32CubeIDE_1.18.1/STM32CubeIDE/plugins/com.st.stm32cube.ide.mcu.externaltools.gnu-tools-for-stm32.13.3.rel1.win32_1.0.0.202411081344/tools/bin/../lib/gcc/arm-none-eabi/13.3.1/thumb/v7e-m+fp/hard\libgcc.a
LOAD C:/ST/STM32CubeIDE_1.18.1/STM32CubeIDE/plugins/com.st.stm32cube.ide.mcu.externaltools.gnu-tools-for-stm32.13.3.rel1.win32_1.0.0.202411081344/tools/bin/../lib/gcc/arm-none-eabi/13.3.1/../../../../arm-none-eabi/lib/thumb/v7e-m+fp/hard\libc_nano.a
LOAD C:/ST/STM32CubeIDE_1.18.1/STM32CubeIDE/plugins/com.st.stm32cube.ide.mcu.externaltools.gnu-tools-for-stm32.13.3.rel1.win32_1.0.0.202411081344/tools/bin/../lib/gcc/arm-none-eabi/13.3.1/../../../../arm-none-eabi/lib/thumb/v7e-m+fp/hard\libnosys.a
END GROUP
LOAD C:/ST/STM32CubeIDE_1.18.1/STM32CubeIDE/plugins/com.st.stm32cube.ide.mcu.externaltools.gnu-tools-for-stm32.13.3.rel1.win32_1.0.0.202411081344/tools/bin/../lib/gcc/arm-none-eabi/13.3.1/thumb/v7e-m+fp/hard/crtend.o
LOAD C:/ST/STM32CubeIDE_1.18.1/STM32CubeIDE/plugins/com.st.stm32cube.ide.mcu.externaltools.gnu-tools-for-stm32.13.3.rel1.win32_1.0.0.202411081344/tools/bin/../lib/gcc/arm-none-eabi/13.3.1/thumb/v7e-m+fp/hard/crtn.o
                0x20008000                        _estack = (ORIGIN (RAM) + LENGTH (RAM))
                0x00000200                        _Min_Heap_Size = 0x200
                0x00000400                        _Min_Stack_Size = 0x400

.isr_vector     0x08000000      0x1c8
                0x08000000                        . = ALIGN (0x4)
 *(.isr_vector)
 .isr_vector    0x08000000      0x1c8 ./Startup/startup_stm32f410rbtx.o
                0x08000000                g_pfnVectors
                0x080001c8                        . = ALIGN (0x4)

.text           0x080001d0     0x4070
                0x080001d0                        . = ALIGN (0x4)
 *(.text)
 .text          0x080001d0       0x40 C:/ST/STM32CubeIDE_1.18.1/STM32CubeIDE/plugins/com.st.stm32cube.ide.mcu.externaltools.gnu-tools-for-stm32.13.3.rel1.win32_1.0.0.202411081344/tools/bin/../lib/gcc/arm-none-eabi/13.3.1/thumb/v7e-m+fp/hard/crtbegin.o
 .text          0x08000210       0x94 ./thirdparty/SEGGER/SEGGER/SEGGER_RTT_ASM_ARMv7M.o
                0x08000210                SEGGER_RTT_ASM_WriteSkipNoLock
 *(.text*)
 .text.USART2_IRQHandler
                0x080002a4       0x3c ./Src/BSP_UART.o
                0x080002a4                USART2_IRQHandler
 .text.task1_handler
                0x080002e0       0x28 ./Src/main.o
                0x080002e0                task1_handler
 .text.task2_handler
                0x08000308       0x28 ./Src/main.o
                0x08000308                task2_handler
 .text.main     0x08000330       0xb0 ./Src/main.o
                0x08000330                main
 .text._read    0x080003e0       0x3a ./Src/syscalls.o
                0x080003e0                _read
 .text._close   0x0800041a       0x18 ./Src/syscalls.o
                0x0800041a                _close
 .text._fstat   0x08000432       0x20 ./Src/syscalls.o
                0x08000432                _fstat
 .text._isatty  0x08000452       0x16 ./Src/syscalls.o
                0x08000452                _isatty
 .text._lseek   0x08000468       0x1a ./Src/syscalls.o
                0x08000468                _lseek
 *fill*         0x08000482        0x2 
 .text.Reset_Handler
                0x08000484       0x50 ./Startup/startup_stm32f410rbtx.o
                0x08000484                Reset_Handler
 .text.Default_Handler
                0x080004d4        0x2 ./Startup/startup_stm32f410rbtx.o
                0x080004d4                RTC_Alarm_IRQHandler
                0x080004d4                EXTI2_IRQHandler
                0x080004d4                DebugMon_Handler
                0x080004d4                TIM1_CC_IRQHandler
                0x080004d4                DMA2_Stream5_IRQHandler
                0x080004d4                HardFault_Handler
                0x080004d4                DMA1_Stream5_IRQHandler
                0x080004d4                PVD_IRQHandler
                0x080004d4                TAMP_STAMP_IRQHandler
                0x080004d4                NMI_Handler
                0x080004d4                EXTI3_IRQHandler
                0x080004d4                EXTI0_IRQHandler
                0x080004d4                I2C2_EV_IRQHandler
                0x080004d4                DMA1_Stream2_IRQHandler
                0x080004d4                UsageFault_Handler
                0x080004d4                DMA2_Stream2_IRQHandler
                0x080004d4                SPI1_IRQHandler
                0x080004d4                TIM1_BRK_TIM9_IRQHandler
                0x080004d4                DMA2_Stream3_IRQHandler
                0x080004d4                USART6_IRQHandler
                0x080004d4                PWM1_UP_IRQHandler
                0x080004d4                DMA2_Stream0_IRQHandler
                0x080004d4                I2C1_EV_IRQHandler
                0x080004d4                DMA1_Stream6_IRQHandler
                0x080004d4                DMA1_Stream1_IRQHandler
                0x080004d4                RCC_IRQHandler
                0x080004d4                Default_Handler
                0x080004d4                EXTI15_10_IRQHandler
                0x080004d4                ADC_IRQHandler
                0x080004d4                DMA1_Stream7_IRQHandler
                0x080004d4                DMA2_Stream7_IRQHandler
                0x080004d4                TIM6_DAC1_IRQHandler
                0x080004d4                EXTI9_5_IRQHandler
                0x080004d4                RTC_WKUP_IRQHandler
                0x080004d4                SPI2_IRQHandler
                0x080004d4                MemManage_Handler
                0x080004d4                DMA1_Stream0_IRQHandler
                0x080004d4                EXTI4_IRQHandler
                0x080004d4                RNG_IRQHandler
                0x080004d4                I2C4_EV_IRQHandler
                0x080004d4                TIM1_TRG_COM_TIM11_IRQHandler
                0x080004d4                EXTI1_IRQHandler
                0x080004d4                I2C2_ER_IRQHandler
                0x080004d4                DMA2_Stream1_IRQHandler
                0x080004d4                FLASH_IRQHandler
                0x080004d4                DMA2_Stream4_IRQHandler
                0x080004d4                BusFault_Handler
                0x080004d4                USART1_IRQHandler
                0x080004d4                DMA1_Stream4_IRQHandler
                0x080004d4                I2C1_ER_IRQHandler
                0x080004d4                LPTIM1_IRQHandler
                0x080004d4                I2C4_ER_IRQHandler
                0x080004d4                DMA2_Stream6_IRQHandler
                0x080004d4                DMA1_Stream3_IRQHandler
 *fill*         0x080004d6        0x2 
 .text._cbSendSystemDesc
                0x080004d8       0x1c ./thirdparty/SEGGER/Config/SEGGER_SYSVIEW_Config_FreeRTOS.o
 .text.SEGGER_SYSVIEW_Conf
                0x080004f4       0x2c ./thirdparty/SEGGER/Config/SEGGER_SYSVIEW_Config_FreeRTOS.o
                0x080004f4                SEGGER_SYSVIEW_Conf
 .text._cbSendTaskList
                0x08000520       0x90 ./thirdparty/SEGGER/OS/SEGGER_SYSVIEW_FreeRTOS.o
 .text._cbGetTime
                0x080005b0       0x86 ./thirdparty/SEGGER/OS/SEGGER_SYSVIEW_FreeRTOS.o
 *fill*         0x08000636        0x2 
 .text.SYSVIEW_AddTask
                0x08000638       0xd0 ./thirdparty/SEGGER/OS/SEGGER_SYSVIEW_FreeRTOS.o
                0x08000638                SYSVIEW_AddTask
 .text.SYSVIEW_SendTaskInfo
                0x08000708       0x42 ./thirdparty/SEGGER/OS/SEGGER_SYSVIEW_FreeRTOS.o
                0x08000708                SYSVIEW_SendTaskInfo
 *fill*         0x0800074a        0x2 
 .text._DoInit  0x0800074c       0xb4 ./thirdparty/SEGGER/SEGGER/SEGGER_RTT.o
 .text._WriteBlocking
                0x08000800       0xba ./thirdparty/SEGGER/SEGGER/SEGGER_RTT.o
 .text._WriteNoCheck
                0x080008ba       0x90 ./thirdparty/SEGGER/SEGGER/SEGGER_RTT.o
 .text._GetAvailWriteSpace
                0x0800094a       0x46 ./thirdparty/SEGGER/SEGGER/SEGGER_RTT.o
 .text.SEGGER_RTT_ReadNoLock
                0x08000990      0x10c ./thirdparty/SEGGER/SEGGER/SEGGER_RTT.o
                0x08000990                SEGGER_RTT_ReadNoLock
 .text.SEGGER_RTT_WriteNoLock
                0x08000a9c       0xa0 ./thirdparty/SEGGER/SEGGER/SEGGER_RTT.o
                0x08000a9c                SEGGER_RTT_WriteNoLock
 .text.SEGGER_RTT_Write
                0x08000b3c       0x4c ./thirdparty/SEGGER/SEGGER/SEGGER_RTT.o
                0x08000b3c                SEGGER_RTT_Write
 .text.SEGGER_RTT_AllocUpBuffer
                0x08000b88      0x108 ./thirdparty/SEGGER/SEGGER/SEGGER_RTT.o
                0x08000b88                SEGGER_RTT_AllocUpBuffer
 .text.SEGGER_RTT_ConfigDownBuffer
                0x08000c90       0x98 ./thirdparty/SEGGER/SEGGER/SEGGER_RTT.o
                0x08000c90                SEGGER_RTT_ConfigDownBuffer
 .text._EncodeStr
                0x08000d28       0x72 ./thirdparty/SEGGER/SEGGER/SEGGER_SYSVIEW.o
 .text._PreparePacket
                0x08000d9a       0x18 ./thirdparty/SEGGER/SEGGER/SEGGER_SYSVIEW.o
 *fill*         0x08000db2        0x2 
 .text._HandleIncomingPacket
                0x08000db4       0xdc ./thirdparty/SEGGER/SEGGER/SEGGER_SYSVIEW.o
 .text._TrySendOverflowPacket
                0x08000e90       0xe4 ./thirdparty/SEGGER/SEGGER/SEGGER_SYSVIEW.o
 .text._SendPacket
                0x08000f74      0x2dc ./thirdparty/SEGGER/SEGGER/SEGGER_SYSVIEW.o
 .text.SEGGER_SYSVIEW_Init
                0x08001250       0x88 ./thirdparty/SEGGER/SEGGER/SEGGER_SYSVIEW.o
                0x08001250                SEGGER_SYSVIEW_Init
 .text.SEGGER_SYSVIEW_SetRAMBase
                0x080012d8       0x20 ./thirdparty/SEGGER/SEGGER/SEGGER_SYSVIEW.o
                0x080012d8                SEGGER_SYSVIEW_SetRAMBase
 .text.SEGGER_SYSVIEW_RecordVoid
                0x080012f8       0x3c ./thirdparty/SEGGER/SEGGER/SEGGER_SYSVIEW.o
                0x080012f8                SEGGER_SYSVIEW_RecordVoid
 .text.SEGGER_SYSVIEW_RecordU32
                0x08001334       0x78 ./thirdparty/SEGGER/SEGGER/SEGGER_SYSVIEW.o
                0x08001334                SEGGER_SYSVIEW_RecordU32
 .text.SEGGER_SYSVIEW_RecordU32x2
                0x080013ac       0xb4 ./thirdparty/SEGGER/SEGGER/SEGGER_SYSVIEW.o
                0x080013ac                SEGGER_SYSVIEW_RecordU32x2
 .text.SEGGER_SYSVIEW_RecordU32x6
                0x08001460      0x194 ./thirdparty/SEGGER/SEGGER/SEGGER_SYSVIEW.o
                0x08001460                SEGGER_SYSVIEW_RecordU32x6
 .text.SEGGER_SYSVIEW_Start
                0x080015f4      0x174 ./thirdparty/SEGGER/SEGGER/SEGGER_SYSVIEW.o
                0x080015f4                SEGGER_SYSVIEW_Start
 .text.SEGGER_SYSVIEW_Stop
                0x08001768       0x4c ./thirdparty/SEGGER/SEGGER/SEGGER_SYSVIEW.o
                0x08001768                SEGGER_SYSVIEW_Stop
 .text.SEGGER_SYSVIEW_GetSysDesc
                0x080017b4      0x134 ./thirdparty/SEGGER/SEGGER/SEGGER_SYSVIEW.o
                0x080017b4                SEGGER_SYSVIEW_GetSysDesc
 .text.SEGGER_SYSVIEW_SendTaskInfo
                0x080018e8      0x1c8 ./thirdparty/SEGGER/SEGGER/SEGGER_SYSVIEW.o
                0x080018e8                SEGGER_SYSVIEW_SendTaskInfo
 .text.SEGGER_SYSVIEW_SendTaskList
                0x08001ab0       0x28 ./thirdparty/SEGGER/SEGGER/SEGGER_SYSVIEW.o
                0x08001ab0                SEGGER_SYSVIEW_SendTaskList
 .text.SEGGER_SYSVIEW_SendSysDesc
                0x08001ad8       0x48 ./thirdparty/SEGGER/SEGGER/SEGGER_SYSVIEW.o
                0x08001ad8                SEGGER_SYSVIEW_SendSysDesc
 .text.SEGGER_SYSVIEW_RecordSystime
                0x08001b20       0x64 ./thirdparty/SEGGER/SEGGER/SEGGER_SYSVIEW.o
                0x08001b20                SEGGER_SYSVIEW_RecordSystime
 .text.SEGGER_SYSVIEW_RecordEnterISR
                0x08001b84       0x84 ./thirdparty/SEGGER/SEGGER/SEGGER_SYSVIEW.o
                0x08001b84                SEGGER_SYSVIEW_RecordEnterISR
 .text.SEGGER_SYSVIEW_RecordExitISR
                0x08001c08       0x38 ./thirdparty/SEGGER/SEGGER/SEGGER_SYSVIEW.o
                0x08001c08                SEGGER_SYSVIEW_RecordExitISR
 .text.SEGGER_SYSVIEW_RecordExitISRToScheduler
                0x08001c40       0x38 ./thirdparty/SEGGER/SEGGER/SEGGER_SYSVIEW.o
                0x08001c40                SEGGER_SYSVIEW_RecordExitISRToScheduler
 .text.SEGGER_SYSVIEW_RecordEndCall
                0x08001c78       0x78 ./thirdparty/SEGGER/SEGGER/SEGGER_SYSVIEW.o
                0x08001c78                SEGGER_SYSVIEW_RecordEndCall
 .text.SEGGER_SYSVIEW_RecordEndCallU32
                0x08001cf0       0xb0 ./thirdparty/SEGGER/SEGGER/SEGGER_SYSVIEW.o
                0x08001cf0                SEGGER_SYSVIEW_RecordEndCallU32
 .text.SEGGER_SYSVIEW_OnIdle
                0x08001da0       0x38 ./thirdparty/SEGGER/SEGGER/SEGGER_SYSVIEW.o
                0x08001da0                SEGGER_SYSVIEW_OnIdle
 .text.SEGGER_SYSVIEW_OnTaskCreate
                0x08001dd8       0x84 ./thirdparty/SEGGER/SEGGER/SEGGER_SYSVIEW.o
                0x08001dd8                SEGGER_SYSVIEW_OnTaskCreate
 .text.SEGGER_SYSVIEW_OnTaskStartExec
                0x08001e5c       0x84 ./thirdparty/SEGGER/SEGGER/SEGGER_SYSVIEW.o
                0x08001e5c                SEGGER_SYSVIEW_OnTaskStartExec
 .text.SEGGER_SYSVIEW_OnTaskStartReady
                0x08001ee0       0x84 ./thirdparty/SEGGER/SEGGER/SEGGER_SYSVIEW.o
                0x08001ee0                SEGGER_SYSVIEW_OnTaskStartReady
 .text.SEGGER_SYSVIEW_ShrinkId
                0x08001f64       0x20 ./thirdparty/SEGGER/SEGGER/SEGGER_SYSVIEW.o
                0x08001f64                SEGGER_SYSVIEW_ShrinkId
 .text.SEGGER_SYSVIEW_SendModule
                0x08001f84      0x114 ./thirdparty/SEGGER/SEGGER/SEGGER_SYSVIEW.o
                0x08001f84                SEGGER_SYSVIEW_SendModule
 .text.SEGGER_SYSVIEW_SendModuleDescription
                0x08002098       0x3c ./thirdparty/SEGGER/SEGGER/SEGGER_SYSVIEW.o
                0x08002098                SEGGER_SYSVIEW_SendModuleDescription
 .text.SEGGER_SYSVIEW_SendNumModules
                0x080020d4       0x7c ./thirdparty/SEGGER/SEGGER/SEGGER_SYSVIEW.o
                0x080020d4                SEGGER_SYSVIEW_SendNumModules
 .text.SEGGER_SYSVIEW_Warn
                0x08002150       0xb8 ./thirdparty/SEGGER/SEGGER/SEGGER_SYSVIEW.o
                0x08002150                SEGGER_SYSVIEW_Warn
 .text._write_r
                0x08002208       0x22 ./thirdparty/SEGGER/SEGGER/Syscalls/SEGGER_RTT_Syscalls_GCC.o
                0x08002208                _write_r
 .text.vListInitialise
                0x0800222a       0x58 ./thirdparty/freeRTOS/list.o
                0x0800222a                vListInitialise
 .text.vListInitialiseItem
                0x08002282       0x32 ./thirdparty/freeRTOS/list.o
                0x08002282                vListInitialiseItem
 .text.uxListRemove
                0x080022b4       0x72 ./thirdparty/freeRTOS/list.o
                0x080022b4                uxListRemove
 .text.prvCreateTask
                0x08002326       0x78 ./thirdparty/freeRTOS/tasks.o
 .text.xTaskCreate
                0x0800239e       0x8c ./thirdparty/freeRTOS/tasks.o
                0x0800239e                xTaskCreate
 .text.prvInitialiseNewTask
                0x0800242a      0x11a ./thirdparty/freeRTOS/tasks.o
 .text.prvAddNewTaskToReadyList
                0x08002544      0x148 ./thirdparty/freeRTOS/tasks.o
 .text.prvCreateIdleTasks
                0x0800268c       0x94 ./thirdparty/freeRTOS/tasks.o
 .text.vTaskStartScheduler
                0x08002720       0xac ./thirdparty/freeRTOS/tasks.o
                0x08002720                vTaskStartScheduler
 .text.vTaskSuspendAll
                0x080027cc       0x24 ./thirdparty/freeRTOS/tasks.o
                0x080027cc                vTaskSuspendAll
 .text.xTaskResumeAll
                0x080027f0      0x208 ./thirdparty/freeRTOS/tasks.o
                0x080027f0                xTaskResumeAll
 .text.xTaskGetTickCountFromISR
                0x080029f8       0x30 ./thirdparty/freeRTOS/tasks.o
                0x080029f8                xTaskGetTickCountFromISR
 .text.xTaskIncrementTick
                0x08002a28      0x204 ./thirdparty/freeRTOS/tasks.o
                0x08002a28                xTaskIncrementTick
 .text.vTaskSwitchContext
                0x08002c2c       0xd8 ./thirdparty/freeRTOS/tasks.o
                0x08002c2c                vTaskSwitchContext
 .text.prvIdleTask
                0x08002d04       0x24 ./thirdparty/freeRTOS/tasks.o
 .text.prvInitialiseTaskLists
                0x08002d28       0x80 ./thirdparty/freeRTOS/tasks.o
 .text.prvCheckTasksWaitingTermination
                0x08002da8       0x5c ./thirdparty/freeRTOS/tasks.o
 .text.prvDeleteTCB
                0x08002e04       0x20 ./thirdparty/freeRTOS/tasks.o
 .text.prvResetNextTaskUnblockTime
                0x08002e24       0x38 ./thirdparty/freeRTOS/tasks.o
 .text.pxPortInitialiseStack
                0x08002e5c       0x68 ./thirdparty/freeRTOS/portable/GCC/ARM_CM4F/port.o
                0x08002e5c                pxPortInitialiseStack
 .text.prvTaskExitError
                0x08002ec4       0x5c ./thirdparty/freeRTOS/portable/GCC/ARM_CM4F/port.o
 .text.vPortSVCHandler
                0x08002f20       0x28 ./thirdparty/freeRTOS/portable/GCC/ARM_CM4F/port.o
                0x08002f20                vPortSVCHandler
 .text.prvPortStartFirstTask
                0x08002f48       0x2c ./thirdparty/freeRTOS/portable/GCC/ARM_CM4F/port.o
 .text.xPortStartScheduler
                0x08002f74      0x1e0 ./thirdparty/freeRTOS/portable/GCC/ARM_CM4F/port.o
                0x08002f74                xPortStartScheduler
 .text.vPortEnterCritical
                0x08003154       0x64 ./thirdparty/freeRTOS/portable/GCC/ARM_CM4F/port.o
                0x08003154                vPortEnterCritical
 .text.vPortExitCritical
                0x080031b8       0x54 ./thirdparty/freeRTOS/portable/GCC/ARM_CM4F/port.o
                0x080031b8                vPortExitCritical
 *fill*         0x0800320c        0x4 
 .text.xPortPendSVHandler
                0x08003210       0x68 ./thirdparty/freeRTOS/portable/GCC/ARM_CM4F/port.o
                0x08003210                xPortPendSVHandler
 .text.xPortSysTickHandler
                0x08003278       0x54 ./thirdparty/freeRTOS/portable/GCC/ARM_CM4F/port.o
                0x08003278                xPortSysTickHandler
 .text.vPortSetupTimerInterrupt
                0x080032cc       0x48 ./thirdparty/freeRTOS/portable/GCC/ARM_CM4F/port.o
                0x080032cc                vPortSetupTimerInterrupt
 .text.vPortEnableVFP
                0x08003314       0x18 ./thirdparty/freeRTOS/portable/GCC/ARM_CM4F/port.o
 .text.vPortValidateInterruptPriority
                0x0800332c       0x84 ./thirdparty/freeRTOS/portable/GCC/ARM_CM4F/port.o
                0x0800332c                vPortValidateInterruptPriority
 .text.pvPortMalloc
                0x080033b0      0x264 ./thirdparty/freeRTOS/portable/MemMang/heap_4.o
                0x080033b0                pvPortMalloc
 .text.vPortFree
                0x08003614       0xec ./thirdparty/freeRTOS/portable/MemMang/heap_4.o
                0x08003614                vPortFree
 .text.prvHeapInit
                0x08003700       0xb4 ./thirdparty/freeRTOS/portable/MemMang/heap_4.o
 .text.prvInsertBlockIntoFreeList
                0x080037b4       0xf4 ./thirdparty/freeRTOS/portable/MemMang/heap_4.o
 .text.std      0x080038a8       0x6c C:/ST/STM32CubeIDE_1.18.1/STM32CubeIDE/plugins/com.st.stm32cube.ide.mcu.externaltools.gnu-tools-for-stm32.13.3.rel1.win32_1.0.0.202411081344/tools/bin/../lib/gcc/arm-none-eabi/13.3.1/../../../../arm-none-eabi/lib/thumb/v7e-m+fp/hard\libc_nano.a(libc_a-findfp.o)
 .text.stdio_exit_handler
                0x08003914       0x18 C:/ST/STM32CubeIDE_1.18.1/STM32CubeIDE/plugins/com.st.stm32cube.ide.mcu.externaltools.gnu-tools-for-stm32.13.3.rel1.win32_1.0.0.202411081344/tools/bin/../lib/gcc/arm-none-eabi/13.3.1/../../../../arm-none-eabi/lib/thumb/v7e-m+fp/hard\libc_nano.a(libc_a-findfp.o)
 .text.cleanup_stdio
                0x0800392c       0x40 C:/ST/STM32CubeIDE_1.18.1/STM32CubeIDE/plugins/com.st.stm32cube.ide.mcu.externaltools.gnu-tools-for-stm32.13.3.rel1.win32_1.0.0.202411081344/tools/bin/../lib/gcc/arm-none-eabi/13.3.1/../../../../arm-none-eabi/lib/thumb/v7e-m+fp/hard\libc_nano.a(libc_a-findfp.o)
 .text.global_stdio_init.part.0
                0x0800396c       0x3c C:/ST/STM32CubeIDE_1.18.1/STM32CubeIDE/plugins/com.st.stm32cube.ide.mcu.externaltools.gnu-tools-for-stm32.13.3.rel1.win32_1.0.0.202411081344/tools/bin/../lib/gcc/arm-none-eabi/13.3.1/../../../../arm-none-eabi/lib/thumb/v7e-m+fp/hard\libc_nano.a(libc_a-findfp.o)
 .text.__sfp_lock_acquire
                0x080039a8        0xc C:/ST/STM32CubeIDE_1.18.1/STM32CubeIDE/plugins/com.st.stm32cube.ide.mcu.externaltools.gnu-tools-for-stm32.13.3.rel1.win32_1.0.0.202411081344/tools/bin/../lib/gcc/arm-none-eabi/13.3.1/../../../../arm-none-eabi/lib/thumb/v7e-m+fp/hard\libc_nano.a(libc_a-findfp.o)
                0x080039a8                __sfp_lock_acquire
 .text.__sfp_lock_release
                0x080039b4        0xc C:/ST/STM32CubeIDE_1.18.1/STM32CubeIDE/plugins/com.st.stm32cube.ide.mcu.externaltools.gnu-tools-for-stm32.13.3.rel1.win32_1.0.0.202411081344/tools/bin/../lib/gcc/arm-none-eabi/13.3.1/../../../../arm-none-eabi/lib/thumb/v7e-m+fp/hard\libc_nano.a(libc_a-findfp.o)
                0x080039b4                __sfp_lock_release
 .text.__sinit  0x080039c0       0x30 C:/ST/STM32CubeIDE_1.18.1/STM32CubeIDE/plugins/com.st.stm32cube.ide.mcu.externaltools.gnu-tools-for-stm32.13.3.rel1.win32_1.0.0.202411081344/tools/bin/../lib/gcc/arm-none-eabi/13.3.1/../../../../arm-none-eabi/lib/thumb/v7e-m+fp/hard\libc_nano.a(libc_a-findfp.o)
                0x080039c0                __sinit
 .text._fwalk_sglue
                0x080039f0       0x3c C:/ST/STM32CubeIDE_1.18.1/STM32CubeIDE/plugins/com.st.stm32cube.ide.mcu.externaltools.gnu-tools-for-stm32.13.3.rel1.win32_1.0.0.202411081344/tools/bin/../lib/gcc/arm-none-eabi/13.3.1/../../../../arm-none-eabi/lib/thumb/v7e-m+fp/hard\libc_nano.a(libc_a-fwalk.o)
                0x080039f0                _fwalk_sglue
 .text._puts_r  0x08003a2c       0xaa C:/ST/STM32CubeIDE_1.18.1/STM32CubeIDE/plugins/com.st.stm32cube.ide.mcu.externaltools.gnu-tools-for-stm32.13.3.rel1.win32_1.0.0.202411081344/tools/bin/../lib/gcc/arm-none-eabi/13.3.1/../../../../arm-none-eabi/lib/thumb/v7e-m+fp/hard\libc_nano.a(libc_a-puts.o)
                0x08003a2c                _puts_r
 *fill*         0x08003ad6        0x2 
 .text.puts     0x08003ad8       0x10 C:/ST/STM32CubeIDE_1.18.1/STM32CubeIDE/plugins/com.st.stm32cube.ide.mcu.externaltools.gnu-tools-for-stm32.13.3.rel1.win32_1.0.0.202411081344/tools/bin/../lib/gcc/arm-none-eabi/13.3.1/../../../../arm-none-eabi/lib/thumb/v7e-m+fp/hard\libc_nano.a(libc_a-puts.o)
                0x08003ad8                puts
 .text.__sread  0x08003ae8       0x22 C:/ST/STM32CubeIDE_1.18.1/STM32CubeIDE/plugins/com.st.stm32cube.ide.mcu.externaltools.gnu-tools-for-stm32.13.3.rel1.win32_1.0.0.202411081344/tools/bin/../lib/gcc/arm-none-eabi/13.3.1/../../../../arm-none-eabi/lib/thumb/v7e-m+fp/hard\libc_nano.a(libc_a-stdio.o)
                0x08003ae8                __sread
 .text.__swrite
                0x08003b0a       0x38 C:/ST/STM32CubeIDE_1.18.1/STM32CubeIDE/plugins/com.st.stm32cube.ide.mcu.externaltools.gnu-tools-for-stm32.13.3.rel1.win32_1.0.0.202411081344/tools/bin/../lib/gcc/arm-none-eabi/13.3.1/../../../../arm-none-eabi/lib/thumb/v7e-m+fp/hard\libc_nano.a(libc_a-stdio.o)
                0x08003b0a                __swrite
 .text.__sseek  0x08003b42       0x24 C:/ST/STM32CubeIDE_1.18.1/STM32CubeIDE/plugins/com.st.stm32cube.ide.mcu.externaltools.gnu-tools-for-stm32.13.3.rel1.win32_1.0.0.202411081344/tools/bin/../lib/gcc/arm-none-eabi/13.3.1/../../../../arm-none-eabi/lib/thumb/v7e-m+fp/hard\libc_nano.a(libc_a-stdio.o)
                0x08003b42                __sseek
 .text.__sclose
                0x08003b66        0x8 C:/ST/STM32CubeIDE_1.18.1/STM32CubeIDE/plugins/com.st.stm32cube.ide.mcu.externaltools.gnu-tools-for-stm32.13.3.rel1.win32_1.0.0.202411081344/tools/bin/../lib/gcc/arm-none-eabi/13.3.1/../../../../arm-none-eabi/lib/thumb/v7e-m+fp/hard\libc_nano.a(libc_a-stdio.o)
                0x08003b66                __sclose
 .text.__swbuf_r
                0x08003b6e       0x7c C:/ST/STM32CubeIDE_1.18.1/STM32CubeIDE/plugins/com.st.stm32cube.ide.mcu.externaltools.gnu-tools-for-stm32.13.3.rel1.win32_1.0.0.202411081344/tools/bin/../lib/gcc/arm-none-eabi/13.3.1/../../../../arm-none-eabi/lib/thumb/v7e-m+fp/hard\libc_nano.a(libc_a-wbuf.o)
                0x08003b6e                __swbuf_r
 *fill*         0x08003bea        0x2 
 .text.__swsetup_r
                0x08003bec       0xac C:/ST/STM32CubeIDE_1.18.1/STM32CubeIDE/plugins/com.st.stm32cube.ide.mcu.externaltools.gnu-tools-for-stm32.13.3.rel1.win32_1.0.0.202411081344/tools/bin/../lib/gcc/arm-none-eabi/13.3.1/../../../../arm-none-eabi/lib/thumb/v7e-m+fp/hard\libc_nano.a(libc_a-wsetup.o)
                0x08003bec                __swsetup_r
 .text.memcmp   0x08003c98       0x20 C:/ST/STM32CubeIDE_1.18.1/STM32CubeIDE/plugins/com.st.stm32cube.ide.mcu.externaltools.gnu-tools-for-stm32.13.3.rel1.win32_1.0.0.202411081344/tools/bin/../lib/gcc/arm-none-eabi/13.3.1/../../../../arm-none-eabi/lib/thumb/v7e-m+fp/hard\libc_nano.a(libc_a-memcmp.o)
                0x08003c98                memcmp
 .text.memset   0x08003cb8       0x10 C:/ST/STM32CubeIDE_1.18.1/STM32CubeIDE/plugins/com.st.stm32cube.ide.mcu.externaltools.gnu-tools-for-stm32.13.3.rel1.win32_1.0.0.202411081344/tools/bin/../lib/gcc/arm-none-eabi/13.3.1/../../../../arm-none-eabi/lib/thumb/v7e-m+fp/hard\libc_nano.a(libc_a-memset.o)
                0x08003cb8                memset
 .text._close_r
                0x08003cc8       0x20 C:/ST/STM32CubeIDE_1.18.1/STM32CubeIDE/plugins/com.st.stm32cube.ide.mcu.externaltools.gnu-tools-for-stm32.13.3.rel1.win32_1.0.0.202411081344/tools/bin/../lib/gcc/arm-none-eabi/13.3.1/../../../../arm-none-eabi/lib/thumb/v7e-m+fp/hard\libc_nano.a(libc_a-closer.o)
                0x08003cc8                _close_r
 .text._lseek_r
                0x08003ce8       0x24 C:/ST/STM32CubeIDE_1.18.1/STM32CubeIDE/plugins/com.st.stm32cube.ide.mcu.externaltools.gnu-tools-for-stm32.13.3.rel1.win32_1.0.0.202411081344/tools/bin/../lib/gcc/arm-none-eabi/13.3.1/../../../../arm-none-eabi/lib/thumb/v7e-m+fp/hard\libc_nano.a(libc_a-lseekr.o)
                0x08003ce8                _lseek_r
 .text._read_r  0x08003d0c       0x24 C:/ST/STM32CubeIDE_1.18.1/STM32CubeIDE/plugins/com.st.stm32cube.ide.mcu.externaltools.gnu-tools-for-stm32.13.3.rel1.win32_1.0.0.202411081344/tools/bin/../lib/gcc/arm-none-eabi/13.3.1/../../../../arm-none-eabi/lib/thumb/v7e-m+fp/hard\libc_nano.a(libc_a-readr.o)
                0x08003d0c                _read_r
 .text.__libc_init_array
                0x08003d30       0x48 C:/ST/STM32CubeIDE_1.18.1/STM32CubeIDE/plugins/com.st.stm32cube.ide.mcu.externaltools.gnu-tools-for-stm32.13.3.rel1.win32_1.0.0.202411081344/tools/bin/../lib/gcc/arm-none-eabi/13.3.1/../../../../arm-none-eabi/lib/thumb/v7e-m+fp/hard\libc_nano.a(libc_a-init.o)
                0x08003d30                __libc_init_array
 .text.__retarget_lock_init_recursive
                0x08003d78        0x2 C:/ST/STM32CubeIDE_1.18.1/STM32CubeIDE/plugins/com.st.stm32cube.ide.mcu.externaltools.gnu-tools-for-stm32.13.3.rel1.win32_1.0.0.202411081344/tools/bin/../lib/gcc/arm-none-eabi/13.3.1/../../../../arm-none-eabi/lib/thumb/v7e-m+fp/hard\libc_nano.a(libc_a-lock.o)
                0x08003d78                __retarget_lock_init_recursive
 .text.__retarget_lock_acquire_recursive
                0x08003d7a        0x2 C:/ST/STM32CubeIDE_1.18.1/STM32CubeIDE/plugins/com.st.stm32cube.ide.mcu.externaltools.gnu-tools-for-stm32.13.3.rel1.win32_1.0.0.202411081344/tools/bin/../lib/gcc/arm-none-eabi/13.3.1/../../../../arm-none-eabi/lib/thumb/v7e-m+fp/hard\libc_nano.a(libc_a-lock.o)
                0x08003d7a                __retarget_lock_acquire_recursive
 .text.__retarget_lock_release_recursive
                0x08003d7c        0x2 C:/ST/STM32CubeIDE_1.18.1/STM32CubeIDE/plugins/com.st.stm32cube.ide.mcu.externaltools.gnu-tools-for-stm32.13.3.rel1.win32_1.0.0.202411081344/tools/bin/../lib/gcc/arm-none-eabi/13.3.1/../../../../arm-none-eabi/lib/thumb/v7e-m+fp/hard\libc_nano.a(libc_a-lock.o)
                0x08003d7c                __retarget_lock_release_recursive
 .text.memcpy   0x08003d7e       0x1c C:/ST/STM32CubeIDE_1.18.1/STM32CubeIDE/plugins/com.st.stm32cube.ide.mcu.externaltools.gnu-tools-for-stm32.13.3.rel1.win32_1.0.0.202411081344/tools/bin/../lib/gcc/arm-none-eabi/13.3.1/../../../../arm-none-eabi/lib/thumb/v7e-m+fp/hard\libc_nano.a(libc_a-memcpy-stub.o)
                0x08003d7e                memcpy
 *fill*         0x08003d9a        0x2 
 .text._free_r  0x08003d9c       0x94 C:/ST/STM32CubeIDE_1.18.1/STM32CubeIDE/plugins/com.st.stm32cube.ide.mcu.externaltools.gnu-tools-for-stm32.13.3.rel1.win32_1.0.0.202411081344/tools/bin/../lib/gcc/arm-none-eabi/13.3.1/../../../../arm-none-eabi/lib/thumb/v7e-m+fp/hard\libc_nano.a(libc_a-freer.o)
                0x08003d9c                _free_r
 .text.sbrk_aligned
                0x08003e30       0x44 C:/ST/STM32CubeIDE_1.18.1/STM32CubeIDE/plugins/com.st.stm32cube.ide.mcu.externaltools.gnu-tools-for-stm32.13.3.rel1.win32_1.0.0.202411081344/tools/bin/../lib/gcc/arm-none-eabi/13.3.1/../../../../arm-none-eabi/lib/thumb/v7e-m+fp/hard\libc_nano.a(libc_a-mallocr.o)
 .text._malloc_r
                0x08003e74      0x100 C:/ST/STM32CubeIDE_1.18.1/STM32CubeIDE/plugins/com.st.stm32cube.ide.mcu.externaltools.gnu-tools-for-stm32.13.3.rel1.win32_1.0.0.202411081344/tools/bin/../lib/gcc/arm-none-eabi/13.3.1/../../../../arm-none-eabi/lib/thumb/v7e-m+fp/hard\libc_nano.a(libc_a-mallocr.o)
                0x08003e74                _malloc_r
 .text.__malloc_lock
                0x08003f74        0xc C:/ST/STM32CubeIDE_1.18.1/STM32CubeIDE/plugins/com.st.stm32cube.ide.mcu.externaltools.gnu-tools-for-stm32.13.3.rel1.win32_1.0.0.202411081344/tools/bin/../lib/gcc/arm-none-eabi/13.3.1/../../../../arm-none-eabi/lib/thumb/v7e-m+fp/hard\libc_nano.a(libc_a-mlock.o)
                0x08003f74                __malloc_lock
 .text.__malloc_unlock
                0x08003f80        0xc C:/ST/STM32CubeIDE_1.18.1/STM32CubeIDE/plugins/com.st.stm32cube.ide.mcu.externaltools.gnu-tools-for-stm32.13.3.rel1.win32_1.0.0.202411081344/tools/bin/../lib/gcc/arm-none-eabi/13.3.1/../../../../arm-none-eabi/lib/thumb/v7e-m+fp/hard\libc_nano.a(libc_a-mlock.o)
                0x08003f80                __malloc_unlock
 .text.__sflush_r
                0x08003f8c      0x108 C:/ST/STM32CubeIDE_1.18.1/STM32CubeIDE/plugins/com.st.stm32cube.ide.mcu.externaltools.gnu-tools-for-stm32.13.3.rel1.win32_1.0.0.202411081344/tools/bin/../lib/gcc/arm-none-eabi/13.3.1/../../../../arm-none-eabi/lib/thumb/v7e-m+fp/hard\libc_nano.a(libc_a-fflush.o)
                0x08003f8c                __sflush_r
 .text._fflush_r
                0x08004094       0x50 C:/ST/STM32CubeIDE_1.18.1/STM32CubeIDE/plugins/com.st.stm32cube.ide.mcu.externaltools.gnu-tools-for-stm32.13.3.rel1.win32_1.0.0.202411081344/tools/bin/../lib/gcc/arm-none-eabi/13.3.1/../../../../arm-none-eabi/lib/thumb/v7e-m+fp/hard\libc_nano.a(libc_a-fflush.o)
                0x08004094                _fflush_r
 .text.__swhatbuf_r
                0x080040e4       0x4c C:/ST/STM32CubeIDE_1.18.1/STM32CubeIDE/plugins/com.st.stm32cube.ide.mcu.externaltools.gnu-tools-for-stm32.13.3.rel1.win32_1.0.0.202411081344/tools/bin/../lib/gcc/arm-none-eabi/13.3.1/../../../../arm-none-eabi/lib/thumb/v7e-m+fp/hard\libc_nano.a(libc_a-makebuf.o)
                0x080040e4                __swhatbuf_r
 .text.__smakebuf_r
                0x08004130       0x78 C:/ST/STM32CubeIDE_1.18.1/STM32CubeIDE/plugins/com.st.stm32cube.ide.mcu.externaltools.gnu-tools-for-stm32.13.3.rel1.win32_1.0.0.202411081344/tools/bin/../lib/gcc/arm-none-eabi/13.3.1/../../../../arm-none-eabi/lib/thumb/v7e-m+fp/hard\libc_nano.a(libc_a-makebuf.o)
                0x08004130                __smakebuf_r
 .text._fstat_r
                0x080041a8       0x24 C:/ST/STM32CubeIDE_1.18.1/STM32CubeIDE/plugins/com.st.stm32cube.ide.mcu.externaltools.gnu-tools-for-stm32.13.3.rel1.win32_1.0.0.202411081344/tools/bin/../lib/gcc/arm-none-eabi/13.3.1/../../../../arm-none-eabi/lib/thumb/v7e-m+fp/hard\libc_nano.a(libc_a-fstatr.o)
                0x080041a8                _fstat_r
 .text._isatty_r
                0x080041cc       0x20 C:/ST/STM32CubeIDE_1.18.1/STM32CubeIDE/plugins/com.st.stm32cube.ide.mcu.externaltools.gnu-tools-for-stm32.13.3.rel1.win32_1.0.0.202411081344/tools/bin/../lib/gcc/arm-none-eabi/13.3.1/../../../../arm-none-eabi/lib/thumb/v7e-m+fp/hard\libc_nano.a(libc_a-isattyr.o)
                0x080041cc                _isatty_r
 .text._sbrk_r  0x080041ec       0x20 C:/ST/STM32CubeIDE_1.18.1/STM32CubeIDE/plugins/com.st.stm32cube.ide.mcu.externaltools.gnu-tools-for-stm32.13.3.rel1.win32_1.0.0.202411081344/tools/bin/../lib/gcc/arm-none-eabi/13.3.1/../../../../arm-none-eabi/lib/thumb/v7e-m+fp/hard\libc_nano.a(libc_a-sbrkr.o)
                0x080041ec                _sbrk_r
 .text._sbrk    0x0800420c       0x1c C:/ST/STM32CubeIDE_1.18.1/STM32CubeIDE/plugins/com.st.stm32cube.ide.mcu.externaltools.gnu-tools-for-stm32.13.3.rel1.win32_1.0.0.202411081344/tools/bin/../lib/gcc/arm-none-eabi/13.3.1/../../../../arm-none-eabi/lib/thumb/v7e-m+fp/hard\libnosys.a(sbrk.o)
                0x0800420c                _sbrk
 *(.glue_7)
 .glue_7        0x08004228        0x0 linker stubs
 *(.glue_7t)
 .glue_7t       0x08004228        0x0 linker stubs
 *(.eh_frame)
 .eh_frame      0x08004228        0x0 C:/ST/STM32CubeIDE_1.18.1/STM32CubeIDE/plugins/com.st.stm32cube.ide.mcu.externaltools.gnu-tools-for-stm32.13.3.rel1.win32_1.0.0.202411081344/tools/bin/../lib/gcc/arm-none-eabi/13.3.1/thumb/v7e-m+fp/hard/crtbegin.o
 *(.init)
 .init          0x08004228        0x4 C:/ST/STM32CubeIDE_1.18.1/STM32CubeIDE/plugins/com.st.stm32cube.ide.mcu.externaltools.gnu-tools-for-stm32.13.3.rel1.win32_1.0.0.202411081344/tools/bin/../lib/gcc/arm-none-eabi/13.3.1/thumb/v7e-m+fp/hard/crti.o
                0x08004228                _init
 .init          0x0800422c        0x8 C:/ST/STM32CubeIDE_1.18.1/STM32CubeIDE/plugins/com.st.stm32cube.ide.mcu.externaltools.gnu-tools-for-stm32.13.3.rel1.win32_1.0.0.202411081344/tools/bin/../lib/gcc/arm-none-eabi/13.3.1/thumb/v7e-m+fp/hard/crtn.o
 *(.fini)
 .fini          0x08004234        0x4 C:/ST/STM32CubeIDE_1.18.1/STM32CubeIDE/plugins/com.st.stm32cube.ide.mcu.externaltools.gnu-tools-for-stm32.13.3.rel1.win32_1.0.0.202411081344/tools/bin/../lib/gcc/arm-none-eabi/13.3.1/thumb/v7e-m+fp/hard/crti.o
                0x08004234                _fini
 .fini          0x08004238        0x8 C:/ST/STM32CubeIDE_1.18.1/STM32CubeIDE/plugins/com.st.stm32cube.ide.mcu.externaltools.gnu-tools-for-stm32.13.3.rel1.win32_1.0.0.202411081344/tools/bin/../lib/gcc/arm-none-eabi/13.3.1/thumb/v7e-m+fp/hard/crtn.o
                0x08004240                        . = ALIGN (0x4)
                0x08004240                        _etext = .

.vfp11_veneer   0x08004240        0x0
 .vfp11_veneer  0x08004240        0x0 linker stubs

.v4_bx          0x08004240        0x0
 .v4_bx         0x08004240        0x0 linker stubs

.iplt           0x08004240        0x0
 .iplt          0x08004240        0x0 C:/ST/STM32CubeIDE_1.18.1/STM32CubeIDE/plugins/com.st.stm32cube.ide.mcu.externaltools.gnu-tools-for-stm32.13.3.rel1.win32_1.0.0.202411081344/tools/bin/../lib/gcc/arm-none-eabi/13.3.1/thumb/v7e-m+fp/hard/crtbegin.o

.rodata         0x08004240      0x134
                0x08004240                        . = ALIGN (0x4)
 *(.rodata)
 .rodata        0x08004240       0x37 ./Src/main.o
 *fill*         0x08004277        0x1 
 .rodata        0x08004278       0x41 ./thirdparty/SEGGER/Config/SEGGER_SYSVIEW_Config_FreeRTOS.o
 *fill*         0x080042b9        0x3 
 .rodata        0x080042bc       0x58 ./thirdparty/SEGGER/OS/SEGGER_SYSVIEW_FreeRTOS.o
 .rodata        0x08004314        0x9 ./thirdparty/SEGGER/SEGGER/SEGGER_RTT.o
 *fill*         0x0800431d        0x3 
 .rodata        0x08004320       0x10 ./thirdparty/SEGGER/SEGGER/SEGGER_SYSVIEW.o
 .rodata        0x08004330       0x17 ./thirdparty/freeRTOS/tasks.o
 *(.rodata*)
 *fill*         0x08004347        0x1 
 .rodata.SYSVIEW_X_OS_TraceAPI
                0x08004348        0x8 ./thirdparty/SEGGER/OS/SEGGER_SYSVIEW_FreeRTOS.o
                0x08004348                SYSVIEW_X_OS_TraceAPI
 .rodata._aInitStr.0
                0x08004350       0x11 ./thirdparty/SEGGER/SEGGER/SEGGER_RTT.o
 *fill*         0x08004361        0x3 
 .rodata._abSync
                0x08004364        0xa ./thirdparty/SEGGER/SEGGER/SEGGER_SYSVIEW.o
 *fill*         0x0800436e        0x2 
 .rodata.uxTopUsedPriority
                0x08004370        0x4 ./thirdparty/freeRTOS/tasks.o
                0x08004374                        . = ALIGN (0x4)

.ARM.extab      0x08004374        0x0
                0x08004374                        . = ALIGN (0x4)
 *(.ARM.extab* .gnu.linkonce.armextab.*)
                0x08004374                        . = ALIGN (0x4)

.ARM            0x08004374        0x0
                0x08004374                        . = ALIGN (0x4)
                0x08004374                        __exidx_start = .
 *(.ARM.exidx*)
                0x08004374                        __exidx_end = .
                0x08004374                        . = ALIGN (0x4)

.preinit_array  0x08004374        0x0
                0x08004374                        . = ALIGN (0x4)
                0x08004374                        PROVIDE (__preinit_array_start = .)
 *(.preinit_array*)
                0x08004374                        PROVIDE (__preinit_array_end = .)
                0x08004374                        . = ALIGN (0x4)

.init_array     0x08004374        0x4
                0x08004374                        . = ALIGN (0x4)
                0x08004374                        PROVIDE (__init_array_start = .)
 *(SORT_BY_NAME(.init_array.*))
 *(.init_array*)
 .init_array    0x08004374        0x4 C:/ST/STM32CubeIDE_1.18.1/STM32CubeIDE/plugins/com.st.stm32cube.ide.mcu.externaltools.gnu-tools-for-stm32.13.3.rel1.win32_1.0.0.202411081344/tools/bin/../lib/gcc/arm-none-eabi/13.3.1/thumb/v7e-m+fp/hard/crtbegin.o
                0x08004378                        PROVIDE (__init_array_end = .)
                0x08004378                        . = ALIGN (0x4)

.fini_array     0x08004378        0x4
                0x08004378                        . = ALIGN (0x4)
                [!provide]                        PROVIDE (__fini_array_start = .)
 *(SORT_BY_NAME(.fini_array.*))
 *(.fini_array*)
 .fini_array    0x08004378        0x4 C:/ST/STM32CubeIDE_1.18.1/STM32CubeIDE/plugins/com.st.stm32cube.ide.mcu.externaltools.gnu-tools-for-stm32.13.3.rel1.win32_1.0.0.202411081344/tools/bin/../lib/gcc/arm-none-eabi/13.3.1/thumb/v7e-m+fp/hard/crtbegin.o
                [!provide]                        PROVIDE (__fini_array_end = .)
                0x0800437c                        . = ALIGN (0x4)
                0x0800437c                        _sidata = LOADADDR (.data)

.rel.dyn        0x0800437c        0x0
 .rel.iplt      0x0800437c        0x0 C:/ST/STM32CubeIDE_1.18.1/STM32CubeIDE/plugins/com.st.stm32cube.ide.mcu.externaltools.gnu-tools-for-stm32.13.3.rel1.win32_1.0.0.202411081344/tools/bin/../lib/gcc/arm-none-eabi/13.3.1/thumb/v7e-m+fp/hard/crtbegin.o

.data           0x20000000       0x64 load address 0x0800437c
                0x20000000                        . = ALIGN (0x4)
                0x20000000                        _sdata = .
 *(.data)
 *(.data*)
 .data.SystemCoreClock
                0x20000000        0x4 ./Src/main.o
                0x20000000                SystemCoreClock
 .data.uxCriticalNesting
                0x20000004        0x4 ./thirdparty/freeRTOS/portable/GCC/ARM_CM4F/port.o
 .data.__sglue  0x20000008        0xc C:/ST/STM32CubeIDE_1.18.1/STM32CubeIDE/plugins/com.st.stm32cube.ide.mcu.externaltools.gnu-tools-for-stm32.13.3.rel1.win32_1.0.0.202411081344/tools/bin/../lib/gcc/arm-none-eabi/13.3.1/../../../../arm-none-eabi/lib/thumb/v7e-m+fp/hard\libc_nano.a(libc_a-findfp.o)
                0x20000008                __sglue
 .data._impure_ptr
                0x20000014        0x4 C:/ST/STM32CubeIDE_1.18.1/STM32CubeIDE/plugins/com.st.stm32cube.ide.mcu.externaltools.gnu-tools-for-stm32.13.3.rel1.win32_1.0.0.202411081344/tools/bin/../lib/gcc/arm-none-eabi/13.3.1/../../../../arm-none-eabi/lib/thumb/v7e-m+fp/hard\libc_nano.a(libc_a-impure.o)
                0x20000014                _impure_ptr
 .data._impure_data
                0x20000018       0x4c C:/ST/STM32CubeIDE_1.18.1/STM32CubeIDE/plugins/com.st.stm32cube.ide.mcu.externaltools.gnu-tools-for-stm32.13.3.rel1.win32_1.0.0.202411081344/tools/bin/../lib/gcc/arm-none-eabi/13.3.1/../../../../arm-none-eabi/lib/thumb/v7e-m+fp/hard\libc_nano.a(libc_a-impure.o)
                0x20000018                _impure_data
 *(.RamFunc)
 *(.RamFunc*)
                0x20000064                        . = ALIGN (0x4)
                0x20000064                        _edata = .

.igot.plt       0x20000064        0x0 load address 0x080043e0
 .igot.plt      0x20000064        0x0 C:/ST/STM32CubeIDE_1.18.1/STM32CubeIDE/plugins/com.st.stm32cube.ide.mcu.externaltools.gnu-tools-for-stm32.13.3.rel1.win32_1.0.0.202411081344/tools/bin/../lib/gcc/arm-none-eabi/13.3.1/thumb/v7e-m+fp/hard/crtbegin.o
                0x20000064                        . = ALIGN (0x4)

.bss            0x20000064     0x4940 load address 0x080043e0
                0x20000064                        _sbss = .
                0x20000064                        __bss_start__ = _sbss
 *(.bss)
 .bss           0x20000064       0x1c C:/ST/STM32CubeIDE_1.18.1/STM32CubeIDE/plugins/com.st.stm32cube.ide.mcu.externaltools.gnu-tools-for-stm32.13.3.rel1.win32_1.0.0.202411081344/tools/bin/../lib/gcc/arm-none-eabi/13.3.1/thumb/v7e-m+fp/hard/crtbegin.o
 *(.bss*)
 .bss._rx_cb    0x20000080        0x4 ./Src/BSP_UART.o
 .bss.task1_handle
                0x20000084        0x4 ./Src/main.o
                0x20000084                task1_handle
 .bss.task2_handle
                0x20000088        0x4 ./Src/main.o
                0x20000088                task2_handle
 .bss._aTasks   0x2000008c       0xa0 ./thirdparty/SEGGER/OS/SEGGER_SYSVIEW_FreeRTOS.o
 .bss._NumTasks
                0x2000012c        0x4 ./thirdparty/SEGGER/OS/SEGGER_SYSVIEW_FreeRTOS.o
 .bss._SEGGER_RTT
                0x20000130       0xa8 ./thirdparty/SEGGER/SEGGER/SEGGER_RTT.o
                0x20000130                _SEGGER_RTT
 .bss._acUpBuffer
                0x200001d8      0x400 ./thirdparty/SEGGER/SEGGER/SEGGER_RTT.o
 .bss._acDownBuffer
                0x200005d8       0x10 ./thirdparty/SEGGER/SEGGER/SEGGER_RTT.o
 .bss._UpBuffer
                0x200005e8     0x1000 ./thirdparty/SEGGER/SEGGER/SEGGER_SYSVIEW.o
 .bss._DownBuffer
                0x200015e8        0x8 ./thirdparty/SEGGER/SEGGER/SEGGER_SYSVIEW.o
 .bss._SYSVIEW_Globals
                0x200015f0       0x28 ./thirdparty/SEGGER/SEGGER/SEGGER_SYSVIEW.o
 .bss._pFirstModule
                0x20001618        0x4 ./thirdparty/SEGGER/SEGGER/SEGGER_SYSVIEW.o
 .bss._NumModules
                0x2000161c        0x1 ./thirdparty/SEGGER/SEGGER/SEGGER_SYSVIEW.o
 *fill*         0x2000161d        0x3 
 .bss._aPacket  0x20001620       0xe3 ./thirdparty/SEGGER/SEGGER/SEGGER_SYSVIEW.o
 *fill*         0x20001703        0x1 
 .bss.pxCurrentTCB
                0x20001704        0x4 ./thirdparty/freeRTOS/tasks.o
                0x20001704                pxCurrentTCB
 .bss.pxReadyTasksLists
                0x20001708       0x8c ./thirdparty/freeRTOS/tasks.o
 .bss.xDelayedTaskList1
                0x20001794       0x14 ./thirdparty/freeRTOS/tasks.o
 .bss.xDelayedTaskList2
                0x200017a8       0x14 ./thirdparty/freeRTOS/tasks.o
 .bss.pxDelayedTaskList
                0x200017bc        0x4 ./thirdparty/freeRTOS/tasks.o
 .bss.pxOverflowDelayedTaskList
                0x200017c0        0x4 ./thirdparty/freeRTOS/tasks.o
 .bss.xPendingReadyList
                0x200017c4       0x14 ./thirdparty/freeRTOS/tasks.o
 .bss.xTasksWaitingTermination
                0x200017d8       0x14 ./thirdparty/freeRTOS/tasks.o
 .bss.uxDeletedTasksWaitingCleanUp
                0x200017ec        0x4 ./thirdparty/freeRTOS/tasks.o
 .bss.xSuspendedTaskList
                0x200017f0       0x14 ./thirdparty/freeRTOS/tasks.o
 .bss.uxCurrentNumberOfTasks
                0x20001804        0x4 ./thirdparty/freeRTOS/tasks.o
 .bss.xTickCount
                0x20001808        0x4 ./thirdparty/freeRTOS/tasks.o
 .bss.uxTopReadyPriority
                0x2000180c        0x4 ./thirdparty/freeRTOS/tasks.o
 .bss.xSchedulerRunning
                0x20001810        0x4 ./thirdparty/freeRTOS/tasks.o
 .bss.xPendedTicks
                0x20001814        0x4 ./thirdparty/freeRTOS/tasks.o
 .bss.xYieldPendings
                0x20001818        0x4 ./thirdparty/freeRTOS/tasks.o
 .bss.xNumOfOverflows
                0x2000181c        0x4 ./thirdparty/freeRTOS/tasks.o
 .bss.uxTaskNumber
                0x20001820        0x4 ./thirdparty/freeRTOS/tasks.o
 .bss.xNextTaskUnblockTime
                0x20001824        0x4 ./thirdparty/freeRTOS/tasks.o
 .bss.xIdleTaskHandles
                0x20001828        0x4 ./thirdparty/freeRTOS/tasks.o
 .bss.uxSchedulerSuspended
                0x2000182c        0x4 ./thirdparty/freeRTOS/tasks.o
 .bss.ucMaxSysCallPriority
                0x20001830        0x1 ./thirdparty/freeRTOS/portable/GCC/ARM_CM4F/port.o
 *fill*         0x20001831        0x3 
 .bss.ulMaxPRIGROUPValue
                0x20001834        0x4 ./thirdparty/freeRTOS/portable/GCC/ARM_CM4F/port.o
 .bss.ucHeap    0x20001838     0x3000 ./thirdparty/freeRTOS/portable/MemMang/heap_4.o
 .bss.xStart    0x20004838        0x8 ./thirdparty/freeRTOS/portable/MemMang/heap_4.o
 .bss.pxEnd     0x20004840        0x4 ./thirdparty/freeRTOS/portable/MemMang/heap_4.o
 .bss.xFreeBytesRemaining
                0x20004844        0x4 ./thirdparty/freeRTOS/portable/MemMang/heap_4.o
 .bss.xMinimumEverFreeBytesRemaining
                0x20004848        0x4 ./thirdparty/freeRTOS/portable/MemMang/heap_4.o
 .bss.xNumberOfSuccessfulAllocations
                0x2000484c        0x4 ./thirdparty/freeRTOS/portable/MemMang/heap_4.o
 .bss.xNumberOfSuccessfulFrees
                0x20004850        0x4 ./thirdparty/freeRTOS/portable/MemMang/heap_4.o
 .bss.__sf      0x20004854      0x138 C:/ST/STM32CubeIDE_1.18.1/STM32CubeIDE/plugins/com.st.stm32cube.ide.mcu.externaltools.gnu-tools-for-stm32.13.3.rel1.win32_1.0.0.202411081344/tools/bin/../lib/gcc/arm-none-eabi/13.3.1/../../../../arm-none-eabi/lib/thumb/v7e-m+fp/hard\libc_nano.a(libc_a-findfp.o)
                0x20004854                __sf
 .bss.__stdio_exit_handler
                0x2000498c        0x4 C:/ST/STM32CubeIDE_1.18.1/STM32CubeIDE/plugins/com.st.stm32cube.ide.mcu.externaltools.gnu-tools-for-stm32.13.3.rel1.win32_1.0.0.202411081344/tools/bin/../lib/gcc/arm-none-eabi/13.3.1/../../../../arm-none-eabi/lib/thumb/v7e-m+fp/hard\libc_nano.a(libc_a-findfp.o)
                0x2000498c                __stdio_exit_handler
 .bss.errno     0x20004990        0x4 C:/ST/STM32CubeIDE_1.18.1/STM32CubeIDE/plugins/com.st.stm32cube.ide.mcu.externaltools.gnu-tools-for-stm32.13.3.rel1.win32_1.0.0.202411081344/tools/bin/../lib/gcc/arm-none-eabi/13.3.1/../../../../arm-none-eabi/lib/thumb/v7e-m+fp/hard\libc_nano.a(libc_a-reent.o)
                0x20004990                errno
 .bss.__lock___malloc_recursive_mutex
                0x20004994        0x1 C:/ST/STM32CubeIDE_1.18.1/STM32CubeIDE/plugins/com.st.stm32cube.ide.mcu.externaltools.gnu-tools-for-stm32.13.3.rel1.win32_1.0.0.202411081344/tools/bin/../lib/gcc/arm-none-eabi/13.3.1/../../../../arm-none-eabi/lib/thumb/v7e-m+fp/hard\libc_nano.a(libc_a-lock.o)
                0x20004994                __lock___malloc_recursive_mutex
 .bss.__lock___sfp_recursive_mutex
                0x20004995        0x1 C:/ST/STM32CubeIDE_1.18.1/STM32CubeIDE/plugins/com.st.stm32cube.ide.mcu.externaltools.gnu-tools-for-stm32.13.3.rel1.win32_1.0.0.202411081344/tools/bin/../lib/gcc/arm-none-eabi/13.3.1/../../../../arm-none-eabi/lib/thumb/v7e-m+fp/hard\libc_nano.a(libc_a-lock.o)
                0x20004995                __lock___sfp_recursive_mutex
 *fill*         0x20004996        0x2 
 .bss.__malloc_sbrk_start
                0x20004998        0x4 C:/ST/STM32CubeIDE_1.18.1/STM32CubeIDE/plugins/com.st.stm32cube.ide.mcu.externaltools.gnu-tools-for-stm32.13.3.rel1.win32_1.0.0.202411081344/tools/bin/../lib/gcc/arm-none-eabi/13.3.1/../../../../arm-none-eabi/lib/thumb/v7e-m+fp/hard\libc_nano.a(libc_a-mallocr.o)
                0x20004998                __malloc_sbrk_start
 .bss.__malloc_free_list
                0x2000499c        0x4 C:/ST/STM32CubeIDE_1.18.1/STM32CubeIDE/plugins/com.st.stm32cube.ide.mcu.externaltools.gnu-tools-for-stm32.13.3.rel1.win32_1.0.0.202411081344/tools/bin/../lib/gcc/arm-none-eabi/13.3.1/../../../../arm-none-eabi/lib/thumb/v7e-m+fp/hard\libc_nano.a(libc_a-mallocr.o)
                0x2000499c                __malloc_free_list
 .bss.heap_end.0
                0x200049a0        0x4 C:/ST/STM32CubeIDE_1.18.1/STM32CubeIDE/plugins/com.st.stm32cube.ide.mcu.externaltools.gnu-tools-for-stm32.13.3.rel1.win32_1.0.0.202411081344/tools/bin/../lib/gcc/arm-none-eabi/13.3.1/../../../../arm-none-eabi/lib/thumb/v7e-m+fp/hard\libnosys.a(sbrk.o)
 *(COMMON)
                0x200049a4                        . = ALIGN (0x4)
                0x200049a4                        _ebss = .
                0x200049a4                        __bss_end__ = _ebss

._user_heap_stack
                0x200049a4      0x604 load address 0x080043e0
                0x200049a8                        . = ALIGN (0x8)
 *fill*         0x200049a4        0x4 
                0x200049a8                        PROVIDE (end = .)
                [!provide]                        PROVIDE (_end = .)
                0x20004ba8                        . = (. + _Min_Heap_Size)
 *fill*         0x200049a8      0x200 
                0x20004fa8                        . = (. + _Min_Stack_Size)
 *fill*         0x20004ba8      0x400 
                0x20004fa8                        . = ALIGN (0x8)

/DISCARD/
 libc.a(*)
 libm.a(*)
 libgcc.a(*)

.ARM.attributes
                0x00000000       0x30
 *(.ARM.attributes)
 .ARM.attributes
                0x00000000       0x22 C:/ST/STM32CubeIDE_1.18.1/STM32CubeIDE/plugins/com.st.stm32cube.ide.mcu.externaltools.gnu-tools-for-stm32.13.3.rel1.win32_1.0.0.202411081344/tools/bin/../lib/gcc/arm-none-eabi/13.3.1/thumb/v7e-m+fp/hard/crti.o
 .ARM.attributes
                0x00000022       0x34 C:/ST/STM32CubeIDE_1.18.1/STM32CubeIDE/plugins/com.st.stm32cube.ide.mcu.externaltools.gnu-tools-for-stm32.13.3.rel1.win32_1.0.0.202411081344/tools/bin/../lib/gcc/arm-none-eabi/13.3.1/thumb/v7e-m+fp/hard/crtbegin.o
 .ARM.attributes
                0x00000056       0x34 ./Src/BSP_UART.o
 .ARM.attributes
                0x0000008a       0x34 ./Src/main.o
 .ARM.attributes
                0x000000be       0x34 ./Src/syscalls.o
 .ARM.attributes
                0x000000f2       0x21 ./Startup/startup_stm32f410rbtx.o
 .ARM.attributes
                0x00000113       0x34 ./thirdparty/SEGGER/Config/SEGGER_SYSVIEW_Config_FreeRTOS.o
 .ARM.attributes
                0x00000147       0x34 ./thirdparty/SEGGER/OS/SEGGER_SYSVIEW_FreeRTOS.o
 .ARM.attributes
                0x0000017b       0x34 ./thirdparty/SEGGER/SEGGER/SEGGER_RTT.o
 .ARM.attributes
                0x000001af       0x20 ./thirdparty/SEGGER/SEGGER/SEGGER_RTT_ASM_ARMv7M.o
 .ARM.attributes
                0x000001cf       0x34 ./thirdparty/SEGGER/SEGGER/SEGGER_SYSVIEW.o
 .ARM.attributes
                0x00000203       0x34 ./thirdparty/SEGGER/SEGGER/Syscalls/SEGGER_RTT_Syscalls_GCC.o
 .ARM.attributes
                0x00000237       0x34 ./thirdparty/freeRTOS/list.o
 .ARM.attributes
                0x0000026b       0x34 ./thirdparty/freeRTOS/tasks.o
 .ARM.attributes
                0x0000029f       0x34 ./thirdparty/freeRTOS/portable/GCC/ARM_CM4F/port.o
 .ARM.attributes
                0x000002d3       0x34 ./thirdparty/freeRTOS/portable/MemMang/heap_4.o
 .ARM.attributes
                0x00000307       0x34 C:/ST/STM32CubeIDE_1.18.1/STM32CubeIDE/plugins/com.st.stm32cube.ide.mcu.externaltools.gnu-tools-for-stm32.13.3.rel1.win32_1.0.0.202411081344/tools/bin/../lib/gcc/arm-none-eabi/13.3.1/../../../../arm-none-eabi/lib/thumb/v7e-m+fp/hard\libc_nano.a(libc_a-findfp.o)
 .ARM.attributes
                0x0000033b       0x34 C:/ST/STM32CubeIDE_1.18.1/STM32CubeIDE/plugins/com.st.stm32cube.ide.mcu.externaltools.gnu-tools-for-stm32.13.3.rel1.win32_1.0.0.202411081344/tools/bin/../lib/gcc/arm-none-eabi/13.3.1/../../../../arm-none-eabi/lib/thumb/v7e-m+fp/hard\libc_nano.a(libc_a-fwalk.o)
 .ARM.attributes
                0x0000036f       0x34 C:/ST/STM32CubeIDE_1.18.1/STM32CubeIDE/plugins/com.st.stm32cube.ide.mcu.externaltools.gnu-tools-for-stm32.13.3.rel1.win32_1.0.0.202411081344/tools/bin/../lib/gcc/arm-none-eabi/13.3.1/../../../../arm-none-eabi/lib/thumb/v7e-m+fp/hard\libc_nano.a(libc_a-puts.o)
 .ARM.attributes
                0x000003a3       0x34 C:/ST/STM32CubeIDE_1.18.1/STM32CubeIDE/plugins/com.st.stm32cube.ide.mcu.externaltools.gnu-tools-for-stm32.13.3.rel1.win32_1.0.0.202411081344/tools/bin/../lib/gcc/arm-none-eabi/13.3.1/../../../../arm-none-eabi/lib/thumb/v7e-m+fp/hard\libc_nano.a(libc_a-stdio.o)
 .ARM.attributes
                0x000003d7       0x34 C:/ST/STM32CubeIDE_1.18.1/STM32CubeIDE/plugins/com.st.stm32cube.ide.mcu.externaltools.gnu-tools-for-stm32.13.3.rel1.win32_1.0.0.202411081344/tools/bin/../lib/gcc/arm-none-eabi/13.3.1/../../../../arm-none-eabi/lib/thumb/v7e-m+fp/hard\libc_nano.a(libc_a-wbuf.o)
 .ARM.attributes
                0x0000040b       0x34 C:/ST/STM32CubeIDE_1.18.1/STM32CubeIDE/plugins/com.st.stm32cube.ide.mcu.externaltools.gnu-tools-for-stm32.13.3.rel1.win32_1.0.0.202411081344/tools/bin/../lib/gcc/arm-none-eabi/13.3.1/../../../../arm-none-eabi/lib/thumb/v7e-m+fp/hard\libc_nano.a(libc_a-wsetup.o)
 .ARM.attributes
                0x0000043f       0x34 C:/ST/STM32CubeIDE_1.18.1/STM32CubeIDE/plugins/com.st.stm32cube.ide.mcu.externaltools.gnu-tools-for-stm32.13.3.rel1.win32_1.0.0.202411081344/tools/bin/../lib/gcc/arm-none-eabi/13.3.1/../../../../arm-none-eabi/lib/thumb/v7e-m+fp/hard\libc_nano.a(libc_a-memcmp.o)
 .ARM.attributes
                0x00000473       0x34 C:/ST/STM32CubeIDE_1.18.1/STM32CubeIDE/plugins/com.st.stm32cube.ide.mcu.externaltools.gnu-tools-for-stm32.13.3.rel1.win32_1.0.0.202411081344/tools/bin/../lib/gcc/arm-none-eabi/13.3.1/../../../../arm-none-eabi/lib/thumb/v7e-m+fp/hard\libc_nano.a(libc_a-memset.o)
 .ARM.attributes
                0x000004a7       0x34 C:/ST/STM32CubeIDE_1.18.1/STM32CubeIDE/plugins/com.st.stm32cube.ide.mcu.externaltools.gnu-tools-for-stm32.13.3.rel1.win32_1.0.0.202411081344/tools/bin/../lib/gcc/arm-none-eabi/13.3.1/../../../../arm-none-eabi/lib/thumb/v7e-m+fp/hard\libc_nano.a(libc_a-closer.o)
 .ARM.attributes
                0x000004db       0x34 C:/ST/STM32CubeIDE_1.18.1/STM32CubeIDE/plugins/com.st.stm32cube.ide.mcu.externaltools.gnu-tools-for-stm32.13.3.rel1.win32_1.0.0.202411081344/tools/bin/../lib/gcc/arm-none-eabi/13.3.1/../../../../arm-none-eabi/lib/thumb/v7e-m+fp/hard\libc_nano.a(libc_a-reent.o)
 .ARM.attributes
                0x0000050f       0x34 C:/ST/STM32CubeIDE_1.18.1/STM32CubeIDE/plugins/com.st.stm32cube.ide.mcu.externaltools.gnu-tools-for-stm32.13.3.rel1.win32_1.0.0.202411081344/tools/bin/../lib/gcc/arm-none-eabi/13.3.1/../../../../arm-none-eabi/lib/thumb/v7e-m+fp/hard\libc_nano.a(libc_a-impure.o)
 .ARM.attributes
                0x00000543       0x34 C:/ST/STM32CubeIDE_1.18.1/STM32CubeIDE/plugins/com.st.stm32cube.ide.mcu.externaltools.gnu-tools-for-stm32.13.3.rel1.win32_1.0.0.202411081344/tools/bin/../lib/gcc/arm-none-eabi/13.3.1/../../../../arm-none-eabi/lib/thumb/v7e-m+fp/hard\libc_nano.a(libc_a-lseekr.o)
 .ARM.attributes
                0x00000577       0x34 C:/ST/STM32CubeIDE_1.18.1/STM32CubeIDE/plugins/com.st.stm32cube.ide.mcu.externaltools.gnu-tools-for-stm32.13.3.rel1.win32_1.0.0.202411081344/tools/bin/../lib/gcc/arm-none-eabi/13.3.1/../../../../arm-none-eabi/lib/thumb/v7e-m+fp/hard\libc_nano.a(libc_a-readr.o)
 .ARM.attributes
                0x000005ab       0x34 C:/ST/STM32CubeIDE_1.18.1/STM32CubeIDE/plugins/com.st.stm32cube.ide.mcu.externaltools.gnu-tools-for-stm32.13.3.rel1.win32_1.0.0.202411081344/tools/bin/../lib/gcc/arm-none-eabi/13.3.1/../../../../arm-none-eabi/lib/thumb/v7e-m+fp/hard\libc_nano.a(libc_a-init.o)
 .ARM.attributes
                0x000005df       0x34 C:/ST/STM32CubeIDE_1.18.1/STM32CubeIDE/plugins/com.st.stm32cube.ide.mcu.externaltools.gnu-tools-for-stm32.13.3.rel1.win32_1.0.0.202411081344/tools/bin/../lib/gcc/arm-none-eabi/13.3.1/../../../../arm-none-eabi/lib/thumb/v7e-m+fp/hard\libc_nano.a(libc_a-lock.o)
 .ARM.attributes
                0x00000613       0x34 C:/ST/STM32CubeIDE_1.18.1/STM32CubeIDE/plugins/com.st.stm32cube.ide.mcu.externaltools.gnu-tools-for-stm32.13.3.rel1.win32_1.0.0.202411081344/tools/bin/../lib/gcc/arm-none-eabi/13.3.1/../../../../arm-none-eabi/lib/thumb/v7e-m+fp/hard\libc_nano.a(libc_a-memcpy-stub.o)
 .ARM.attributes
                0x00000647       0x34 C:/ST/STM32CubeIDE_1.18.1/STM32CubeIDE/plugins/com.st.stm32cube.ide.mcu.externaltools.gnu-tools-for-stm32.13.3.rel1.win32_1.0.0.202411081344/tools/bin/../lib/gcc/arm-none-eabi/13.3.1/../../../../arm-none-eabi/lib/thumb/v7e-m+fp/hard\libc_nano.a(libc_a-freer.o)
 .ARM.attributes
                0x0000067b       0x34 C:/ST/STM32CubeIDE_1.18.1/STM32CubeIDE/plugins/com.st.stm32cube.ide.mcu.externaltools.gnu-tools-for-stm32.13.3.rel1.win32_1.0.0.202411081344/tools/bin/../lib/gcc/arm-none-eabi/13.3.1/../../../../arm-none-eabi/lib/thumb/v7e-m+fp/hard\libc_nano.a(libc_a-mallocr.o)
 .ARM.attributes
                0x000006af       0x34 C:/ST/STM32CubeIDE_1.18.1/STM32CubeIDE/plugins/com.st.stm32cube.ide.mcu.externaltools.gnu-tools-for-stm32.13.3.rel1.win32_1.0.0.202411081344/tools/bin/../lib/gcc/arm-none-eabi/13.3.1/../../../../arm-none-eabi/lib/thumb/v7e-m+fp/hard\libc_nano.a(libc_a-mlock.o)
 .ARM.attributes
                0x000006e3       0x34 C:/ST/STM32CubeIDE_1.18.1/STM32CubeIDE/plugins/com.st.stm32cube.ide.mcu.externaltools.gnu-tools-for-stm32.13.3.rel1.win32_1.0.0.202411081344/tools/bin/../lib/gcc/arm-none-eabi/13.3.1/../../../../arm-none-eabi/lib/thumb/v7e-m+fp/hard\libc_nano.a(libc_a-fflush.o)
 .ARM.attributes
                0x00000717       0x34 C:/ST/STM32CubeIDE_1.18.1/STM32CubeIDE/plugins/com.st.stm32cube.ide.mcu.externaltools.gnu-tools-for-stm32.13.3.rel1.win32_1.0.0.202411081344/tools/bin/../lib/gcc/arm-none-eabi/13.3.1/../../../../arm-none-eabi/lib/thumb/v7e-m+fp/hard\libc_nano.a(libc_a-makebuf.o)
 .ARM.attributes
                0x0000074b       0x34 C:/ST/STM32CubeIDE_1.18.1/STM32CubeIDE/plugins/com.st.stm32cube.ide.mcu.externaltools.gnu-tools-for-stm32.13.3.rel1.win32_1.0.0.202411081344/tools/bin/../lib/gcc/arm-none-eabi/13.3.1/../../../../arm-none-eabi/lib/thumb/v7e-m+fp/hard\libc_nano.a(libc_a-fstatr.o)
 .ARM.attributes
                0x0000077f       0x34 C:/ST/STM32CubeIDE_1.18.1/STM32CubeIDE/plugins/com.st.stm32cube.ide.mcu.externaltools.gnu-tools-for-stm32.13.3.rel1.win32_1.0.0.202411081344/tools/bin/../lib/gcc/arm-none-eabi/13.3.1/../../../../arm-none-eabi/lib/thumb/v7e-m+fp/hard\libc_nano.a(libc_a-isattyr.o)
 .ARM.attributes
                0x000007b3       0x34 C:/ST/STM32CubeIDE_1.18.1/STM32CubeIDE/plugins/com.st.stm32cube.ide.mcu.externaltools.gnu-tools-for-stm32.13.3.rel1.win32_1.0.0.202411081344/tools/bin/../lib/gcc/arm-none-eabi/13.3.1/../../../../arm-none-eabi/lib/thumb/v7e-m+fp/hard\libc_nano.a(libc_a-sbrkr.o)
 .ARM.attributes
                0x000007e7       0x34 C:/ST/STM32CubeIDE_1.18.1/STM32CubeIDE/plugins/com.st.stm32cube.ide.mcu.externaltools.gnu-tools-for-stm32.13.3.rel1.win32_1.0.0.202411081344/tools/bin/../lib/gcc/arm-none-eabi/13.3.1/../../../../arm-none-eabi/lib/thumb/v7e-m+fp/hard\libnosys.a(sbrk.o)
 .ARM.attributes
                0x0000081b       0x22 C:/ST/STM32CubeIDE_1.18.1/STM32CubeIDE/plugins/com.st.stm32cube.ide.mcu.externaltools.gnu-tools-for-stm32.13.3.rel1.win32_1.0.0.202411081344/tools/bin/../lib/gcc/arm-none-eabi/13.3.1/thumb/v7e-m+fp/hard/crtn.o
OUTPUT(Project_freeRTOS_Learning.elf elf32-littlearm)
LOAD linker stubs
LOAD C:/ST/STM32CubeIDE_1.18.1/STM32CubeIDE/plugins/com.st.stm32cube.ide.mcu.externaltools.gnu-tools-for-stm32.13.3.rel1.win32_1.0.0.202411081344/tools/bin/../lib/gcc/arm-none-eabi/13.3.1/../../../../arm-none-eabi/lib/thumb/v7e-m+fp/hard\libc.a
LOAD C:/ST/STM32CubeIDE_1.18.1/STM32CubeIDE/plugins/com.st.stm32cube.ide.mcu.externaltools.gnu-tools-for-stm32.13.3.rel1.win32_1.0.0.202411081344/tools/bin/../lib/gcc/arm-none-eabi/13.3.1/../../../../arm-none-eabi/lib/thumb/v7e-m+fp/hard\libm.a
LOAD C:/ST/STM32CubeIDE_1.18.1/STM32CubeIDE/plugins/com.st.stm32cube.ide.mcu.externaltools.gnu-tools-for-stm32.13.3.rel1.win32_1.0.0.202411081344/tools/bin/../lib/gcc/arm-none-eabi/13.3.1/thumb/v7e-m+fp/hard\libgcc.a

.debug_info     0x00000000     0xaea6
 .debug_info    0x00000000      0x885 ./Src/BSP_UART.o
 .debug_info    0x00000885      0x25c ./Src/main.o
 .debug_info    0x00000ae1      0x6cd ./Src/syscalls.o
 .debug_info    0x000011ae       0x30 ./Startup/startup_stm32f410rbtx.o
 .debug_info    0x000011de      0x17d ./thirdparty/SEGGER/Config/SEGGER_SYSVIEW_Config_FreeRTOS.o
 .debug_info    0x0000135b      0x422 ./thirdparty/SEGGER/OS/SEGGER_SYSVIEW_FreeRTOS.o
 .debug_info    0x0000177d     0x14d1 ./thirdparty/SEGGER/SEGGER/SEGGER_RTT.o
 .debug_info    0x00002c4e       0x25 ./thirdparty/SEGGER/SEGGER/SEGGER_RTT_ASM_ARMv7M.o
 .debug_info    0x00002c73     0x4346 ./thirdparty/SEGGER/SEGGER/SEGGER_SYSVIEW.o
 .debug_info    0x00006fb9      0x7a4 ./thirdparty/SEGGER/SEGGER/Syscalls/SEGGER_RTT_Syscalls_GCC.o
 .debug_info    0x0000775d      0x31c ./thirdparty/freeRTOS/list.o
 .debug_info    0x00007a79     0x27fb ./thirdparty/freeRTOS/tasks.o
 .debug_info    0x0000a274      0x658 ./thirdparty/freeRTOS/portable/GCC/ARM_CM4F/port.o
 .debug_info    0x0000a8cc      0x5da ./thirdparty/freeRTOS/portable/MemMang/heap_4.o

.debug_abbrev   0x00000000     0x1856
 .debug_abbrev  0x00000000      0x1da ./Src/BSP_UART.o
 .debug_abbrev  0x000001da      0x179 ./Src/main.o
 .debug_abbrev  0x00000353      0x1af ./Src/syscalls.o
 .debug_abbrev  0x00000502       0x24 ./Startup/startup_stm32f410rbtx.o
 .debug_abbrev  0x00000526       0xec ./thirdparty/SEGGER/Config/SEGGER_SYSVIEW_Config_FreeRTOS.o
 .debug_abbrev  0x00000612      0x1be ./thirdparty/SEGGER/OS/SEGGER_SYSVIEW_FreeRTOS.o
 .debug_abbrev  0x000007d0      0x22e ./thirdparty/SEGGER/SEGGER/SEGGER_RTT.o
 .debug_abbrev  0x000009fe       0x14 ./thirdparty/SEGGER/SEGGER/SEGGER_RTT_ASM_ARMv7M.o
 .debug_abbrev  0x00000a12      0x33e ./thirdparty/SEGGER/SEGGER/SEGGER_SYSVIEW.o
 .debug_abbrev  0x00000d50      0x1a8 ./thirdparty/SEGGER/SEGGER/Syscalls/SEGGER_RTT_Syscalls_GCC.o
 .debug_abbrev  0x00000ef8      0x121 ./thirdparty/freeRTOS/list.o
 .debug_abbrev  0x00001019      0x39f ./thirdparty/freeRTOS/tasks.o
 .debug_abbrev  0x000013b8      0x246 ./thirdparty/freeRTOS/portable/GCC/ARM_CM4F/port.o
 .debug_abbrev  0x000015fe      0x258 ./thirdparty/freeRTOS/portable/MemMang/heap_4.o

.debug_aranges  0x00000000      0x990
 .debug_aranges
                0x00000000       0x50 ./Src/BSP_UART.o
 .debug_aranges
                0x00000050       0x30 ./Src/main.o
 .debug_aranges
                0x00000080       0xb0 ./Src/syscalls.o
 .debug_aranges
                0x00000130       0x28 ./Startup/startup_stm32f410rbtx.o
 .debug_aranges
                0x00000158       0x28 ./thirdparty/SEGGER/Config/SEGGER_SYSVIEW_Config_FreeRTOS.o
 .debug_aranges
                0x00000180       0x48 ./thirdparty/SEGGER/OS/SEGGER_SYSVIEW_FreeRTOS.o
 .debug_aranges
                0x000001c8      0x138 ./thirdparty/SEGGER/SEGGER/SEGGER_RTT.o
 .debug_aranges
                0x00000300       0x20 ./thirdparty/SEGGER/SEGGER/SEGGER_RTT_ASM_ARMv7M.o
 .debug_aranges
                0x00000320      0x300 ./thirdparty/SEGGER/SEGGER/SEGGER_SYSVIEW.o
 .debug_aranges
                0x00000620       0x28 ./thirdparty/SEGGER/SEGGER/Syscalls/SEGGER_RTT_Syscalls_GCC.o
 .debug_aranges
                0x00000648       0x40 ./thirdparty/freeRTOS/list.o
 .debug_aranges
                0x00000688      0x218 ./thirdparty/freeRTOS/tasks.o
 .debug_aranges
                0x000008a0       0x88 ./thirdparty/freeRTOS/portable/GCC/ARM_CM4F/port.o
 .debug_aranges
                0x00000928       0x68 ./thirdparty/freeRTOS/portable/MemMang/heap_4.o

.debug_rnglists
                0x00000000      0x742
 .debug_rnglists
                0x00000000       0x39 ./Src/BSP_UART.o
 .debug_rnglists
                0x00000039       0x20 ./Src/main.o
 .debug_rnglists
                0x00000059       0x7f ./Src/syscalls.o
 .debug_rnglists
                0x000000d8       0x19 ./Startup/startup_stm32f410rbtx.o
 .debug_rnglists
                0x000000f1       0x19 ./thirdparty/SEGGER/Config/SEGGER_SYSVIEW_Config_FreeRTOS.o
 .debug_rnglists
                0x0000010a       0x36 ./thirdparty/SEGGER/OS/SEGGER_SYSVIEW_FreeRTOS.o
 .debug_rnglists
                0x00000140       0xf5 ./thirdparty/SEGGER/SEGGER/SEGGER_RTT.o
 .debug_rnglists
                0x00000235      0x268 ./thirdparty/SEGGER/SEGGER/SEGGER_SYSVIEW.o
 .debug_rnglists
                0x0000049d       0x19 ./thirdparty/SEGGER/SEGGER/Syscalls/SEGGER_RTT_Syscalls_GCC.o
 .debug_rnglists
                0x000004b6       0x2c ./thirdparty/freeRTOS/list.o
 .debug_rnglists
                0x000004e2      0x1ae ./thirdparty/freeRTOS/tasks.o
 .debug_rnglists
                0x00000690       0x64 ./thirdparty/freeRTOS/portable/GCC/ARM_CM4F/port.o
 .debug_rnglists
                0x000006f4       0x4e ./thirdparty/freeRTOS/portable/MemMang/heap_4.o

.debug_line     0x00000000     0x829f
 .debug_line    0x00000000      0x50a ./Src/BSP_UART.o
 .debug_line    0x0000050a      0x4f8 ./Src/main.o
 .debug_line    0x00000a02      0x4cf ./Src/syscalls.o
 .debug_line    0x00000ed1       0x7b ./Startup/startup_stm32f410rbtx.o
 .debug_line    0x00000f4c      0x3a1 ./thirdparty/SEGGER/Config/SEGGER_SYSVIEW_Config_FreeRTOS.o
 .debug_line    0x000012ed      0x747 ./thirdparty/SEGGER/OS/SEGGER_SYSVIEW_FreeRTOS.o
 .debug_line    0x00001a34      0xd3c ./thirdparty/SEGGER/SEGGER/SEGGER_RTT.o
 .debug_line    0x00002770       0x86 ./thirdparty/SEGGER/SEGGER/SEGGER_RTT_ASM_ARMv7M.o
 .debug_line    0x000027f6     0x1fc0 ./thirdparty/SEGGER/SEGGER/SEGGER_SYSVIEW.o
 .debug_line    0x000047b6      0x3ce ./thirdparty/SEGGER/SEGGER/Syscalls/SEGGER_RTT_Syscalls_GCC.o
 .debug_line    0x00004b84      0x543 ./thirdparty/freeRTOS/list.o
 .debug_line    0x000050c7     0x1fbf ./thirdparty/freeRTOS/tasks.o
 .debug_line    0x00007086      0x8a6 ./thirdparty/freeRTOS/portable/GCC/ARM_CM4F/port.o
 .debug_line    0x0000792c      0x973 ./thirdparty/freeRTOS/portable/MemMang/heap_4.o

.debug_str      0x00000000     0x39af
 .debug_str     0x00000000     0x39af ./Src/BSP_UART.o
                                0x815 (size before relaxing)
 .debug_str     0x000039af      0x312 ./Src/main.o
 .debug_str     0x000039af      0x452 ./Src/syscalls.o
 .debug_str     0x000039af       0xa8 ./Startup/startup_stm32f410rbtx.o
 .debug_str     0x000039af      0x2fd ./thirdparty/SEGGER/Config/SEGGER_SYSVIEW_Config_FreeRTOS.o
 .debug_str     0x000039af      0x3e7 ./thirdparty/SEGGER/OS/SEGGER_SYSVIEW_FreeRTOS.o
 .debug_str     0x000039af      0x70b ./thirdparty/SEGGER/SEGGER/SEGGER_RTT.o
 .debug_str     0x000039af       0xab ./thirdparty/SEGGER/SEGGER/SEGGER_RTT_ASM_ARMv7M.o
 .debug_str     0x000039af     0x1384 ./thirdparty/SEGGER/SEGGER/SEGGER_SYSVIEW.o
 .debug_str     0x000039af      0x544 ./thirdparty/SEGGER/SEGGER/Syscalls/SEGGER_RTT_Syscalls_GCC.o
 .debug_str     0x000039af      0x3c0 ./thirdparty/freeRTOS/list.o
 .debug_str     0x000039af     0x14e8 ./thirdparty/freeRTOS/tasks.o
 .debug_str     0x000039af      0x577 ./thirdparty/freeRTOS/portable/GCC/ARM_CM4F/port.o
 .debug_str     0x000039af      0x58b ./thirdparty/freeRTOS/portable/MemMang/heap_4.o

.comment        0x00000000       0x43
 .comment       0x00000000       0x43 ./Src/BSP_UART.o
                                 0x44 (size before relaxing)
 .comment       0x00000043       0x44 ./Src/main.o
 .comment       0x00000043       0x44 ./Src/syscalls.o
 .comment       0x00000043       0x44 ./thirdparty/SEGGER/Config/SEGGER_SYSVIEW_Config_FreeRTOS.o
 .comment       0x00000043       0x44 ./thirdparty/SEGGER/OS/SEGGER_SYSVIEW_FreeRTOS.o
 .comment       0x00000043       0x44 ./thirdparty/SEGGER/SEGGER/SEGGER_RTT.o
 .comment       0x00000043       0x44 ./thirdparty/SEGGER/SEGGER/SEGGER_SYSVIEW.o
 .comment       0x00000043       0x44 ./thirdparty/SEGGER/SEGGER/Syscalls/SEGGER_RTT_Syscalls_GCC.o
 .comment       0x00000043       0x44 ./thirdparty/freeRTOS/list.o
 .comment       0x00000043       0x44 ./thirdparty/freeRTOS/tasks.o
 .comment       0x00000043       0x44 ./thirdparty/freeRTOS/portable/GCC/ARM_CM4F/port.o
 .comment       0x00000043       0x44 ./thirdparty/freeRTOS/portable/MemMang/heap_4.o

.debug_frame    0x00000000     0x2d58
 .debug_frame   0x00000000      0x120 ./Src/BSP_UART.o
 .debug_frame   0x00000120       0x70 ./Src/main.o
 .debug_frame   0x00000190      0x2d4 ./Src/syscalls.o
 .debug_frame   0x00000464       0x48 ./thirdparty/SEGGER/Config/SEGGER_SYSVIEW_Config_FreeRTOS.o
 .debug_frame   0x000004ac      0x104 ./thirdparty/SEGGER/OS/SEGGER_SYSVIEW_FreeRTOS.o
 .debug_frame   0x000005b0      0x52c ./thirdparty/SEGGER/SEGGER/SEGGER_RTT.o
 .debug_frame   0x00000adc      0xe10 ./thirdparty/SEGGER/SEGGER/SEGGER_SYSVIEW.o
 .debug_frame   0x000018ec       0x58 ./thirdparty/SEGGER/SEGGER/Syscalls/SEGGER_RTT_Syscalls_GCC.o
 .debug_frame   0x00001944       0xcc ./thirdparty/freeRTOS/list.o
 .debug_frame   0x00001a10      0x944 ./thirdparty/freeRTOS/tasks.o
 .debug_frame   0x00002354      0x1d0 ./thirdparty/freeRTOS/portable/GCC/ARM_CM4F/port.o
 .debug_frame   0x00002524      0x174 ./thirdparty/freeRTOS/portable/MemMang/heap_4.o
 .debug_frame   0x00002698      0x144 C:/ST/STM32CubeIDE_1.18.1/STM32CubeIDE/plugins/com.st.stm32cube.ide.mcu.externaltools.gnu-tools-for-stm32.13.3.rel1.win32_1.0.0.202411081344/tools/bin/../lib/gcc/arm-none-eabi/13.3.1/../../../../arm-none-eabi/lib/thumb/v7e-m+fp/hard\libc_nano.a(libc_a-findfp.o)
 .debug_frame   0x000027dc       0x34 C:/ST/STM32CubeIDE_1.18.1/STM32CubeIDE/plugins/com.st.stm32cube.ide.mcu.externaltools.gnu-tools-for-stm32.13.3.rel1.win32_1.0.0.202411081344/tools/bin/../lib/gcc/arm-none-eabi/13.3.1/../../../../arm-none-eabi/lib/thumb/v7e-m+fp/hard\libc_nano.a(libc_a-fwalk.o)
 .debug_frame   0x00002810       0x3c C:/ST/STM32CubeIDE_1.18.1/STM32CubeIDE/plugins/com.st.stm32cube.ide.mcu.externaltools.gnu-tools-for-stm32.13.3.rel1.win32_1.0.0.202411081344/tools/bin/../lib/gcc/arm-none-eabi/13.3.1/../../../../arm-none-eabi/lib/thumb/v7e-m+fp/hard\libc_nano.a(libc_a-puts.o)
 .debug_frame   0x0000284c       0x88 C:/ST/STM32CubeIDE_1.18.1/STM32CubeIDE/plugins/com.st.stm32cube.ide.mcu.externaltools.gnu-tools-for-stm32.13.3.rel1.win32_1.0.0.202411081344/tools/bin/../lib/gcc/arm-none-eabi/13.3.1/../../../../arm-none-eabi/lib/thumb/v7e-m+fp/hard\libc_nano.a(libc_a-stdio.o)
 .debug_frame   0x000028d4       0x40 C:/ST/STM32CubeIDE_1.18.1/STM32CubeIDE/plugins/com.st.stm32cube.ide.mcu.externaltools.gnu-tools-for-stm32.13.3.rel1.win32_1.0.0.202411081344/tools/bin/../lib/gcc/arm-none-eabi/13.3.1/../../../../arm-none-eabi/lib/thumb/v7e-m+fp/hard\libc_nano.a(libc_a-wbuf.o)
 .debug_frame   0x00002914       0x2c C:/ST/STM32CubeIDE_1.18.1/STM32CubeIDE/plugins/com.st.stm32cube.ide.mcu.externaltools.gnu-tools-for-stm32.13.3.rel1.win32_1.0.0.202411081344/tools/bin/../lib/gcc/arm-none-eabi/13.3.1/../../../../arm-none-eabi/lib/thumb/v7e-m+fp/hard\libc_nano.a(libc_a-wsetup.o)
 .debug_frame   0x00002940       0x28 C:/ST/STM32CubeIDE_1.18.1/STM32CubeIDE/plugins/com.st.stm32cube.ide.mcu.externaltools.gnu-tools-for-stm32.13.3.rel1.win32_1.0.0.202411081344/tools/bin/../lib/gcc/arm-none-eabi/13.3.1/../../../../arm-none-eabi/lib/thumb/v7e-m+fp/hard\libc_nano.a(libc_a-memcmp.o)
 .debug_frame   0x00002968       0x20 C:/ST/STM32CubeIDE_1.18.1/STM32CubeIDE/plugins/com.st.stm32cube.ide.mcu.externaltools.gnu-tools-for-stm32.13.3.rel1.win32_1.0.0.202411081344/tools/bin/../lib/gcc/arm-none-eabi/13.3.1/../../../../arm-none-eabi/lib/thumb/v7e-m+fp/hard\libc_nano.a(libc_a-memset.o)
 .debug_frame   0x00002988       0x2c C:/ST/STM32CubeIDE_1.18.1/STM32CubeIDE/plugins/com.st.stm32cube.ide.mcu.externaltools.gnu-tools-for-stm32.13.3.rel1.win32_1.0.0.202411081344/tools/bin/../lib/gcc/arm-none-eabi/13.3.1/../../../../arm-none-eabi/lib/thumb/v7e-m+fp/hard\libc_nano.a(libc_a-closer.o)
 .debug_frame   0x000029b4       0x38 C:/ST/STM32CubeIDE_1.18.1/STM32CubeIDE/plugins/com.st.stm32cube.ide.mcu.externaltools.gnu-tools-for-stm32.13.3.rel1.win32_1.0.0.202411081344/tools/bin/../lib/gcc/arm-none-eabi/13.3.1/../../../../arm-none-eabi/lib/thumb/v7e-m+fp/hard\libc_nano.a(libc_a-reent.o)
 .debug_frame   0x000029ec       0x2c C:/ST/STM32CubeIDE_1.18.1/STM32CubeIDE/plugins/com.st.stm32cube.ide.mcu.externaltools.gnu-tools-for-stm32.13.3.rel1.win32_1.0.0.202411081344/tools/bin/../lib/gcc/arm-none-eabi/13.3.1/../../../../arm-none-eabi/lib/thumb/v7e-m+fp/hard\libc_nano.a(libc_a-lseekr.o)
 .debug_frame   0x00002a18       0x2c C:/ST/STM32CubeIDE_1.18.1/STM32CubeIDE/plugins/com.st.stm32cube.ide.mcu.externaltools.gnu-tools-for-stm32.13.3.rel1.win32_1.0.0.202411081344/tools/bin/../lib/gcc/arm-none-eabi/13.3.1/../../../../arm-none-eabi/lib/thumb/v7e-m+fp/hard\libc_nano.a(libc_a-readr.o)
 .debug_frame   0x00002a44       0x2c C:/ST/STM32CubeIDE_1.18.1/STM32CubeIDE/plugins/com.st.stm32cube.ide.mcu.externaltools.gnu-tools-for-stm32.13.3.rel1.win32_1.0.0.202411081344/tools/bin/../lib/gcc/arm-none-eabi/13.3.1/../../../../arm-none-eabi/lib/thumb/v7e-m+fp/hard\libc_nano.a(libc_a-init.o)
 .debug_frame   0x00002a70       0xb0 C:/ST/STM32CubeIDE_1.18.1/STM32CubeIDE/plugins/com.st.stm32cube.ide.mcu.externaltools.gnu-tools-for-stm32.13.3.rel1.win32_1.0.0.202411081344/tools/bin/../lib/gcc/arm-none-eabi/13.3.1/../../../../arm-none-eabi/lib/thumb/v7e-m+fp/hard\libc_nano.a(libc_a-lock.o)
 .debug_frame   0x00002b20       0x28 C:/ST/STM32CubeIDE_1.18.1/STM32CubeIDE/plugins/com.st.stm32cube.ide.mcu.externaltools.gnu-tools-for-stm32.13.3.rel1.win32_1.0.0.202411081344/tools/bin/../lib/gcc/arm-none-eabi/13.3.1/../../../../arm-none-eabi/lib/thumb/v7e-m+fp/hard\libc_nano.a(libc_a-memcpy-stub.o)
 .debug_frame   0x00002b48       0x38 C:/ST/STM32CubeIDE_1.18.1/STM32CubeIDE/plugins/com.st.stm32cube.ide.mcu.externaltools.gnu-tools-for-stm32.13.3.rel1.win32_1.0.0.202411081344/tools/bin/../lib/gcc/arm-none-eabi/13.3.1/../../../../arm-none-eabi/lib/thumb/v7e-m+fp/hard\libc_nano.a(libc_a-freer.o)
 .debug_frame   0x00002b80       0x50 C:/ST/STM32CubeIDE_1.18.1/STM32CubeIDE/plugins/com.st.stm32cube.ide.mcu.externaltools.gnu-tools-for-stm32.13.3.rel1.win32_1.0.0.202411081344/tools/bin/../lib/gcc/arm-none-eabi/13.3.1/../../../../arm-none-eabi/lib/thumb/v7e-m+fp/hard\libc_nano.a(libc_a-mallocr.o)
 .debug_frame   0x00002bd0       0x30 C:/ST/STM32CubeIDE_1.18.1/STM32CubeIDE/plugins/com.st.stm32cube.ide.mcu.externaltools.gnu-tools-for-stm32.13.3.rel1.win32_1.0.0.202411081344/tools/bin/../lib/gcc/arm-none-eabi/13.3.1/../../../../arm-none-eabi/lib/thumb/v7e-m+fp/hard\libc_nano.a(libc_a-mlock.o)
 .debug_frame   0x00002c00       0x5c C:/ST/STM32CubeIDE_1.18.1/STM32CubeIDE/plugins/com.st.stm32cube.ide.mcu.externaltools.gnu-tools-for-stm32.13.3.rel1.win32_1.0.0.202411081344/tools/bin/../lib/gcc/arm-none-eabi/13.3.1/../../../../arm-none-eabi/lib/thumb/v7e-m+fp/hard\libc_nano.a(libc_a-fflush.o)
 .debug_frame   0x00002c5c       0x58 C:/ST/STM32CubeIDE_1.18.1/STM32CubeIDE/plugins/com.st.stm32cube.ide.mcu.externaltools.gnu-tools-for-stm32.13.3.rel1.win32_1.0.0.202411081344/tools/bin/../lib/gcc/arm-none-eabi/13.3.1/../../../../arm-none-eabi/lib/thumb/v7e-m+fp/hard\libc_nano.a(libc_a-makebuf.o)
 .debug_frame   0x00002cb4       0x2c C:/ST/STM32CubeIDE_1.18.1/STM32CubeIDE/plugins/com.st.stm32cube.ide.mcu.externaltools.gnu-tools-for-stm32.13.3.rel1.win32_1.0.0.202411081344/tools/bin/../lib/gcc/arm-none-eabi/13.3.1/../../../../arm-none-eabi/lib/thumb/v7e-m+fp/hard\libc_nano.a(libc_a-fstatr.o)
 .debug_frame   0x00002ce0       0x2c C:/ST/STM32CubeIDE_1.18.1/STM32CubeIDE/plugins/com.st.stm32cube.ide.mcu.externaltools.gnu-tools-for-stm32.13.3.rel1.win32_1.0.0.202411081344/tools/bin/../lib/gcc/arm-none-eabi/13.3.1/../../../../arm-none-eabi/lib/thumb/v7e-m+fp/hard\libc_nano.a(libc_a-isattyr.o)
 .debug_frame   0x00002d0c       0x2c C:/ST/STM32CubeIDE_1.18.1/STM32CubeIDE/plugins/com.st.stm32cube.ide.mcu.externaltools.gnu-tools-for-stm32.13.3.rel1.win32_1.0.0.202411081344/tools/bin/../lib/gcc/arm-none-eabi/13.3.1/../../../../arm-none-eabi/lib/thumb/v7e-m+fp/hard\libc_nano.a(libc_a-sbrkr.o)
 .debug_frame   0x00002d38       0x20 C:/ST/STM32CubeIDE_1.18.1/STM32CubeIDE/plugins/com.st.stm32cube.ide.mcu.externaltools.gnu-tools-for-stm32.13.3.rel1.win32_1.0.0.202411081344/tools/bin/../lib/gcc/arm-none-eabi/13.3.1/../../../../arm-none-eabi/lib/thumb/v7e-m+fp/hard\libnosys.a(sbrk.o)

.debug_line_str
                0x00000000       0xc0
 .debug_line_str
                0x00000000       0xc0 ./Startup/startup_stm32f410rbtx.o
                                 0x8c (size before relaxing)
 .debug_line_str
                0x000000c0       0x9d ./thirdparty/SEGGER/SEGGER/SEGGER_RTT_ASM_ARMv7M.o
